<html>
<body>
<pre>
<h1>礦ision Build Log</h1>
<h2>Tool Versions:</h2>
IDE-Version: μVision V5.30.0.0
Copyright (C) 2020 ARM Ltd and ARM Germany GmbH. All rights reserved.
License Information:  ,  , LIC=LSNXV-P69SX-63IMB-29RCS-N60JL-JZQC7
 
Tool Versions:
Toolchain:       MDK-ARM Plus  Version: 5.30.0.0
Toolchain Path:  D:\Keil_v5\ARM\ARMCC\Bin
C Compiler:      Armcc.exe V5.06 update 6 (build 750)
Assembler:       Armasm.exe V5.06 update 6 (build 750)
Linker/Locator:  ArmLink.exe V5.06 update 6 (build 750)
Library Manager: ArmAr.exe V5.06 update 6 (build 750)
Hex Converter:   FromElf.exe V5.06 update 6 (build 750)
CPU DLL:         SARMCM3.DLL V5.30.0.0
Dialog DLL:      DCM.DLL V1.17.3.0
Target DLL:      CMSIS_AGDI.dll V1.32.5.0
Dialog DLL:      TCM.DLL V1.42.0.0
 
<h2>Project:</h2>
E:\开发板系列\F470\进阶版\《GD32F4开发进阶教程》资料包-20221115\04.例程资料\13.RecordPlay\Project\GD32KeilPrj.uvprojx
Project File Date:  03/01/2023

<h2>Output:</h2>
*** Using Compiler 'V5.06 update 6 (build 750)', folder: 'D:\Keil_v5\ARM\ARMCC\Bin'
Rebuild target 'Target 1'
compiling GUITop.c...
compiling TextWidget.c...
compiling GUIPlatform.c...
compiling tjpgd.c...
compiling IICCommon.c...
compiling LED.c...
compiling AudioTop.c...
compiling Main.c...
compiling TLILCD.c...
compiling Touch.c...
compiling WavPlayer.c...
compiling BMP.c...
compiling GT1151Q.c...
compiling JPEG.c...
compiling GUIButton.c...
compiling ButtonWidget.c...
compiling LineEditWidget.c...
compiling RadioWidget.c...
compiling FontLib.c...
compiling I2S.c...
compiling ProcKeyOne.c...
compiling Recorder.c...
compiling WM8978.c...
compiling KeyOne.c...
compiling Queue.c...
compiling GD25QXX.c...
compiling Timer.c...
compiling Malloc.c...
compiling SDCard.c...
compiling ff.c...
compiling RCU.c...
compiling UART0.c...
compiling SPI.c...
compiling SDRAM.c...
compiling diskio.c...
compiling gd32f4xx_adc.c...
compiling gd32f4xx_dac.c...
compiling gd32f4xx_ctc.c...
compiling gd32f4xx_crc.c...
compiling gd32f4xx_dci.c...
compiling gd32f4xx_can.c...
compiling gd32f4xx_dbg.c...
compiling gd32f4xx_dma.c...
compiling gd32f4xx_enet.c...
compiling gd32f4xx_exti.c...
compiling gd32f4xx_fwdgt.c...
compiling gd32f4xx_fmc.c...
compiling gd32f4xx_exmc.c...
compiling gd32f4xx_gpio.c...
compiling gd32f4xx_i2c.c...
compiling gd32f4xx_ipa.c...
compiling gd32f4xx_iref.c...
compiling gd32f4xx_misc.c...
compiling gd32f4xx_rcu.c...
compiling gd32f4xx_pmu.c...
compiling gd32f4xx_rtc.c...
compiling gd32f4xx_sdio.c...
compiling gd32f4xx_syscfg.c...
compiling gd32f4xx_spi.c...
compiling NVIC.c...
compiling gd32f4xx_tli.c...
compiling gd32f4xx_trng.c...
compiling gd32f4xx_wwdgt.c...
compiling gd32f4xx_usart.c...
compiling SysTick.c...
compiling gd32f4xx_timer.c...
compiling gd32f4xx_it.c...
assembling startup_gd32f450_470.s...
compiling system_gd32f4xx.c...
linking...
Program Size: Code=48464 RO-data=117352 RW-data=404 ZI-data=30196764  
FromELF: creating hex file...
".\Objects\GD32KeilPrj.axf" - 0 Error(s), 0 Warning(s).

<h2>Software Packages used:</h2>

Package Vendor: ARM
                http://www.keil.com/pack/ARM.CMSIS.5.8.0.pack
                ARM.CMSIS.5.8.0
                CMSIS (Common Microcontroller Software Interface Standard)
   * Component: CORE Version: 5.5.0

Package Vendor: GigaDevice
                http://gd32mcu.com/data/documents/pack/GigaDevice.GD32F4xx_DFP.3.0.0.pack
                GigaDevice.GD32F4xx_DFP.3.0.0
                GigaDevice GD32F4xx Series Device Support and Examples

<h2>Collection of Component include folders:</h2>
  .\RTE\_Target_1
  D:\Keil_v5\Arm\Packs\ARM\CMSIS\5.8.0\CMSIS\Core\Include
  D:\Keil_v5\Arm\Packs\GigaDevice\GD32F4xx_DFP\3.0.0\Device\F4XX\Include

<h2>Collection of Component Files used:</h2>

   * Component: ARM::CMSIS:CORE:5.5.0
Build Time Elapsed:  00:00:21
</pre>
</body>
</html>
