Component: ARM Compiler 5.06 update 6 (build 750) Tool: armlink [4d35ed]

==============================================================================

Section Cross References

    main.o(i.InitHardware) refers to system_gd32f4xx.o(i.SystemInit) for SystemInit
    main.o(i.InitHardware) refers to rcu.o(i.InitRCU) for InitRCU
    main.o(i.InitHardware) refers to nvic.o(i.InitNVIC) for InitNVIC
    main.o(i.InitHardware) refers to uart0.o(i.InitUART0) for InitUART0
    main.o(i.InitHardware) refers to timer.o(i.InitTimer) for InitTimer
    main.o(i.InitHardware) refers to systick.o(i.InitSysTick) for InitSysTick
    main.o(i.InitHardware) refers to adc.o(i.InitADC) for InitADC
    main.o(i.InitHardware) refers to sdram.o(i.InitSDRAM) for InitSDRAM
    main.o(i.InitSoftware) refers to led.o(i.InitLED) for InitLED
    main.o(i.InitSoftware) refers to tlilcd.o(i.InitLCD) for InitLCD
    main.o(i.InitSoftware) refers to jpeg.o(i.InitJPEG) for InitJPEG
    main.o(i.InitSoftware) refers to bmp.o(i.InitBMP) for InitBMP
    main.o(i.InitSoftware) refers to touch.o(i.InitTouch) for InitTouch
    main.o(i.InitSoftware) refers to intemp.o(i.InitInTemp) for InitInTemp
    main.o(i.InitSoftware) refers to sht20.o(i.InitSHT20) for InitSHT20
    main.o(i.InitSoftware) refers to temphumiditytop.o(i.InitTempHumidityTop) for InitTempHumidityTop
    main.o(i.Proc1SecTask) refers to timer.o(i.Get1SecFlag) for Get1SecFlag
    main.o(i.Proc1SecTask) refers to temphumiditytop.o(i.TempHumidityTopTask) for TempHumidityTopTask
    main.o(i.Proc1SecTask) refers to timer.o(i.Clr1SecFlag) for Clr1SecFlag
    main.o(i.Proc1msTask) refers to timer.o(i.Get1msFlag) for Get1msFlag
    main.o(i.Proc1msTask) refers to touch.o(i.ScanTouch) for ScanTouch
    main.o(i.Proc1msTask) refers to timer.o(i.Clr1msFlag) for Clr1msFlag
    main.o(i.Proc1msTask) refers to main.o(.data) for s_iCnt
    main.o(i.Proc2msTask) refers to timer.o(i.Get2msFlag) for Get2msFlag
    main.o(i.Proc2msTask) refers to led.o(i.LEDFlicker) for LEDFlicker
    main.o(i.Proc2msTask) refers to timer.o(i.Clr2msFlag) for Clr2msFlag
    main.o(i.main) refers to gd32f4xx_misc.o(i.nvic_vector_table_set) for nvic_vector_table_set
    main.o(i.main) refers to main.o(i.InitHardware) for InitHardware
    main.o(i.main) refers to main.o(i.InitSoftware) for InitSoftware
    main.o(i.main) refers to main.o(i.Proc1msTask) for Proc1msTask
    main.o(i.main) refers to main.o(i.Proc2msTask) for Proc2msTask
    main.o(i.main) refers to main.o(i.Proc1SecTask) for Proc1SecTask
    led.o(i.ConfigLEDGPIO) refers to gd32f4xx_rcu.o(i.rcu_periph_clock_enable) for rcu_periph_clock_enable
    led.o(i.ConfigLEDGPIO) refers to gd32f4xx_gpio.o(i.gpio_mode_set) for gpio_mode_set
    led.o(i.ConfigLEDGPIO) refers to gd32f4xx_gpio.o(i.gpio_output_options_set) for gpio_output_options_set
    led.o(i.ConfigLEDGPIO) refers to gd32f4xx_gpio.o(i.gpio_bit_set) for gpio_bit_set
    led.o(i.ConfigLEDGPIO) refers to gd32f4xx_gpio.o(i.gpio_bit_reset) for gpio_bit_reset
    led.o(i.InitLED) refers to led.o(i.ConfigLEDGPIO) for ConfigLEDGPIO
    led.o(i.LEDCtrl) refers to gd32f4xx_gpio.o(i.gpio_bit_reset) for gpio_bit_reset
    led.o(i.LEDCtrl) refers to gd32f4xx_gpio.o(i.gpio_bit_set) for gpio_bit_set
    led.o(i.LEDFlicker) refers to gd32f4xx_gpio.o(i.gpio_bit_set) for gpio_bit_set
    led.o(i.LEDFlicker) refers to gd32f4xx_gpio.o(i.gpio_bit_reset) for gpio_bit_reset
    led.o(i.LEDFlicker) refers to led.o(.data) for s_iCnt
    tlilcd.o(i.InitLCD) refers to gd32f4xx_rcu.o(i.rcu_periph_clock_enable) for rcu_periph_clock_enable
    tlilcd.o(i.InitLCD) refers to gd32f4xx_gpio.o(i.gpio_af_set) for gpio_af_set
    tlilcd.o(i.InitLCD) refers to gd32f4xx_gpio.o(i.gpio_mode_set) for gpio_mode_set
    tlilcd.o(i.InitLCD) refers to gd32f4xx_gpio.o(i.gpio_output_options_set) for gpio_output_options_set
    tlilcd.o(i.InitLCD) refers to tlilcd.o(.bss) for g_structTLILCDDev
    tlilcd.o(i.InitLCD) refers to tlilcd.o(.ARM.__AT_0xD0000000) for s_arrBackgroundFrame
    tlilcd.o(i.InitLCD) refers to gd32f4xx_gpio.o(i.gpio_bit_set) for gpio_bit_set
    tlilcd.o(i.InitLCD) refers to gd32f4xx_tli.o(i.tli_deinit) for tli_deinit
    tlilcd.o(i.InitLCD) refers to gd32f4xx_tli.o(i.tli_struct_para_init) for tli_struct_para_init
    tlilcd.o(i.InitLCD) refers to gd32f4xx_rcu.o(i.rcu_pllsai_config) for rcu_pllsai_config
    tlilcd.o(i.InitLCD) refers to gd32f4xx_rcu.o(i.rcu_tli_clock_div_config) for rcu_tli_clock_div_config
    tlilcd.o(i.InitLCD) refers to gd32f4xx_rcu.o(i.rcu_osci_on) for rcu_osci_on
    tlilcd.o(i.InitLCD) refers to gd32f4xx_rcu.o(i.rcu_osci_stab_wait) for rcu_osci_stab_wait
    tlilcd.o(i.InitLCD) refers to gd32f4xx_tli.o(i.tli_init) for tli_init
    tlilcd.o(i.InitLCD) refers to tlilcd.o(i.LCDLayerWindowSet) for LCDLayerWindowSet
    tlilcd.o(i.InitLCD) refers to tlilcd.o(i.LCDLayerEnable) for LCDLayerEnable
[...]
    i.rcu_periph_reset_disable               0x08046ffc   Section        0  gd32f4xx_rcu.o(i.rcu_periph_reset_disable)
    i.rcu_periph_reset_enable                0x08047020   Section        0  gd32f4xx_rcu.o(i.rcu_periph_reset_enable)
    i.rcu_pllsai_config                      0x08047044   Section        0  gd32f4xx_rcu.o(i.rcu_pllsai_config)
    i.rcu_timer_clock_prescaler_config       0x0804708c   Section        0  gd32f4xx_rcu.o(i.rcu_timer_clock_prescaler_config)
    i.rcu_tli_clock_div_config               0x080470b0   Section        0  gd32f4xx_rcu.o(i.rcu_tli_clock_div_config)
    i.restart                                0x080470c8   Section        0  tjpgd.o(i.restart)
    restart                                  0x080470c9   Thumb Code   112  tjpgd.o(i.restart)
    i.system_clock_240m_25m_hxtal            0x08047138   Section        0  system_gd32f4xx.o(i.system_clock_240m_25m_hxtal)
    system_clock_240m_25m_hxtal              0x08047139   Thumb Code   240  system_gd32f4xx.o(i.system_clock_240m_25m_hxtal)
    i.system_clock_config                    0x08047234   Section        0  system_gd32f4xx.o(i.system_clock_config)
    system_clock_config                      0x08047235   Thumb Code     8  system_gd32f4xx.o(i.system_clock_config)
    i.timer_deinit                           0x0804723c   Section        0  gd32f4xx_timer.o(i.timer_deinit)
    i.timer_enable                           0x080473c0   Section        0  gd32f4xx_timer.o(i.timer_enable)
    i.timer_init                             0x080473cc   Section        0  gd32f4xx_timer.o(i.timer_init)
    i.timer_interrupt_enable                 0x08047464   Section        0  gd32f4xx_timer.o(i.timer_interrupt_enable)
    i.timer_interrupt_flag_clear             0x0804746c   Section        0  gd32f4xx_timer.o(i.timer_interrupt_flag_clear)
    i.timer_interrupt_flag_get               0x08047472   Section        0  gd32f4xx_timer.o(i.timer_interrupt_flag_get)
    i.timer_struct_para_init                 0x0804748a   Section        0  gd32f4xx_timer.o(i.timer_struct_para_init)
    i.tli_color_key_disable                  0x080474a0   Section        0  gd32f4xx_tli.o(i.tli_color_key_disable)
    i.tli_deinit                             0x080474ae   Section        0  gd32f4xx_tli.o(i.tli_deinit)
    i.tli_dither_config                      0x080474c4   Section        0  gd32f4xx_tli.o(i.tli_dither_config)
    i.tli_enable                             0x080474e8   Section        0  gd32f4xx_tli.o(i.tli_enable)
    i.tli_init                               0x080474fc   Section        0  gd32f4xx_tli.o(i.tli_init)
    i.tli_layer_disable                      0x080475b8   Section        0  gd32f4xx_tli.o(i.tli_layer_disable)
    i.tli_layer_enable                       0x080475c6   Section        0  gd32f4xx_tli.o(i.tli_layer_enable)
    i.tli_layer_init                         0x080475d4   Section        0  gd32f4xx_tli.o(i.tli_layer_init)
    i.tli_layer_struct_para_init             0x0804766c   Section        0  gd32f4xx_tli.o(i.tli_layer_struct_para_init)
    i.tli_lut_disable                        0x0804769c   Section        0  gd32f4xx_tli.o(i.tli_lut_disable)
    i.tli_reload_config                      0x080476ac   Section        0  gd32f4xx_tli.o(i.tli_reload_config)
    i.tli_struct_para_init                   0x080476d0   Section        0  gd32f4xx_tli.o(i.tli_struct_para_init)
    i.usart_baudrate_set                     0x080476f4   Section        0  gd32f4xx_usart.o(i.usart_baudrate_set)
    i.usart_data_receive                     0x080477dc   Section        0  gd32f4xx_usart.o(i.usart_data_receive)
    i.usart_data_transmit                    0x080477e6   Section        0  gd32f4xx_usart.o(i.usart_data_transmit)
    i.usart_deinit                           0x080477f0   Section        0  gd32f4xx_usart.o(i.usart_deinit)
    i.usart_enable                           0x080478cc   Section        0  gd32f4xx_usart.o(i.usart_enable)
    i.usart_flag_get                         0x080478d6   Section        0  gd32f4xx_usart.o(i.usart_flag_get)
    i.usart_interrupt_disable                0x080478f4   Section        0  gd32f4xx_usart.o(i.usart_interrupt_disable)
    i.usart_interrupt_enable                 0x0804790e   Section        0  gd32f4xx_usart.o(i.usart_interrupt_enable)
    i.usart_interrupt_flag_clear             0x08047928   Section        0  gd32f4xx_usart.o(i.usart_interrupt_flag_clear)
    i.usart_interrupt_flag_get               0x08047942   Section        0  gd32f4xx_usart.o(i.usart_interrupt_flag_get)
    i.usart_parity_config                    0x0804797a   Section        0  gd32f4xx_usart.o(i.usart_parity_config)
    i.usart_receive_config                   0x0804798a   Section        0  gd32f4xx_usart.o(i.usart_receive_config)
    i.usart_stop_bit_set                     0x0804799a   Section        0  gd32f4xx_usart.o(i.usart_stop_bit_set)
    i.usart_transmit_config                  0x080479aa   Section        0  gd32f4xx_usart.o(i.usart_transmit_config)
    i.usart_word_length_set                  0x080479ba   Section        0  gd32f4xx_usart.o(i.usart_word_length_set)
    .constdata                               0x080479ca   Section     6080  tlilcd.o(.constdata)
    .constdata                               0x0804918a   Section    75032  jpeg.o(.constdata)
    .constdata                               0x0805b6a2   Section     1216  tjpgd.o(.constdata)
    Zig                                      0x0805b6a2   Data          64  tjpgd.o(.constdata)
    Ipsf                                     0x0805b6e2   Data         128  tjpgd.o(.constdata)
    Clip8                                    0x0805b762   Data        1024  tjpgd.o(.constdata)
    .constdata                               0x0805bb68   Section       48  cos_i.o(.constdata)
    C                                        0x0805bb68   Data          48  cos_i.o(.constdata)
    .constdata                               0x0805bb98   Section      200  rred.o(.constdata)
    pio2s                                    0x0805bb98   Data          48  rred.o(.constdata)
    twooverpi                                0x0805bbc8   Data         152  rred.o(.constdata)
    .constdata                               0x0805bc60   Section       40  sin_i.o(.constdata)
    S                                        0x0805bc60   Data          40  sin_i.o(.constdata)
    .conststring                             0x0805bc88   Section       67  jpeg.o(.conststring)
    .data                                    0x20000000   Section        1  main.o(.data)
    s_iCnt                                   0x20000000   Data           1  main.o(.data)
    .data                                    0x20000004   Section        8  led.o(.data)
    s_iCnt                                   0x20000004   Data           4  led.o(.data)
    s_iState                                 0x20000008   Data           4  led.o(.data)
    .data                                    0x2000000c   Section       12  guitop.o(.data)
    s_pGUIDev                                0x2000000c   Data           4  guitop.o(.data)
    s_iTempColor                             0x20000010   Data           4  guitop.o(.data)
    s_iHumidityColor                         0x20000014   Data           4  guitop.o(.data)
    .data                                    0x20000018   Section       10  gt1151q.o(.data)
    s_arrRegAddr                             0x20000018   Data          10  gt1151q.o(.data)
    .data                                    0x20000028   Section       20  timer.o(.data)
    s_i1msFlag                               0x20000028   Data           1  timer.o(.data)
    s_i2msFlag                               0x20000029   Data           1  timer.o(.data)
    s_i1secFlag                              0x2000002a   Data           1  timer.o(.data)
    s_iSysTime                               0x20000030   Data           8  timer.o(.data)
    s_iCnt2                                  0x20000038   Data           2  timer.o(.data)
    s_iCnt1000                               0x2000003a   Data           2  timer.o(.data)
    .data                                    0x2000003c   Section        1  uart0.o(.data)
    s_iUARTTxSts                             0x2000003c   Data           1  uart0.o(.data)
    .data                                    0x20000040   Section        4  systick.o(.data)
    s_iTimDelayCnt                           0x20000040   Data           4  systick.o(.data)
    .data                                    0x20000044   Section        4  system_gd32f4xx.o(.data)
    .data                                    0x20000048   Section        4  stdout.o(.data)
    .data                                    0x2000004c   Section        4  errno.o(.data)
    _errno                                   0x2000004c   Data           4  errno.o(.data)
    .bss                                     0x20000050   Section       48  tlilcd.o(.bss)
    .bss                                     0x20000080   Section     4096  jpeg.o(.bss)
    .bss                                     0x20001080   Section    31208  guitop.o(.bss)
    s_structInTemp                           0x20001080   Data          32  guitop.o(.bss)
    s_structExTemp                           0x200010a0   Data          32  guitop.o(.bss)
    s_structHumidity                         0x200010c0   Data          32  guitop.o(.bss)
    s_arrInTempBackgound                     0x200010e0   Data        2880  guitop.o(.bss)
    s_arrExTempBackgound                     0x20001c20   Data        2880  guitop.o(.bss)
    s_arrHumidityBackgound                   0x20002760   Data        2880  guitop.o(.bss)
    s_iHumidityBackground                    0x200032a0   Data       22472  guitop.o(.bss)
    .bss                                     0x20008a68   Section       24  sht20.o(.bss)
    s_structIICDev                           0x20008a68   Data          24  sht20.o(.bss)
    .bss                                     0x20008a80   Section       16  temphumiditytop.o(.bss)
    s_structGUIDev                           0x20008a80   Data          16  temphumiditytop.o(.bss)
    .bss                                     0x20008a90   Section       24  gt1151q.o(.bss)
    s_structIICDev                           0x20008a90   Data          24  gt1151q.o(.bss)
    .bss                                     0x20008aa8   Section       72  touch.o(.bss)
    s_structTouchDev                         0x20008aa8   Data          36  touch.o(.bss)
    s_structNewDev                           0x20008acc   Data          36  touch.o(.bss)
    .bss                                     0x20008af0   Section     1048  uart0.o(.bss)
    s_structUARTSendCirQue                   0x20008af0   Data          12  uart0.o(.bss)
    s_structUARTRecCirQue                    0x20008afc   Data          12  uart0.o(.bss)
    s_arrSendBuf                             0x20008b08   Data         512  uart0.o(.bss)
    s_arrRecBuf                              0x20008d08   Data         512  uart0.o(.bss)
    STACK                                    0x20008f08   Section    32768  startup_gd32f450_470.o(STACK)
    .ARM.__AT_0xD0000000                     0xd0000000   Section    768960  tlilcd.o(.ARM.__AT_0xD0000000)
    s_arrBackgroundFrame                     0xd0000000   Data       768960  tlilcd.o(.ARM.__AT_0xD0000000)
    .ARM.__AT_0xD00BBBC0                     0xd00bbbc0   Section    768960  tlilcd.o(.ARM.__AT_0xD00BBBC0)
    s_arrForegroundFrame                     0xd00bbbc0   Data       768960  tlilcd.o(.ARM.__AT_0xD00BBBC0)

    Global Symbols

    Symbol Name                              Value     Ov Type        Size  Object(Section)

    BuildAttributes$$THM_ISAv4$E$P$D$K$B$S$7EM$VFPi3$EXTD16$VFPS$VFMA$PE$A:L22UL41UL21$X:L11$S22US41US21$IEEE1$IW$USESV6$~STKCKD$USESV7$~SHL$OTIME$ROPI$IEEEX$EBA8$MICROLIB$REQ8$PRES8$EABIv2 0x00000000   Number         0  anon$$obj.o ABSOLUTE
    __ARM_use_no_argv                        0x00000000   Number         0  main.o ABSOLUTE
    _printf_a                                0x00000000   Number         0  stubs.o ABSOLUTE
    _printf_c                                0x00000000   Number         0  stubs.o ABSOLUTE
    _printf_charcount                        0x00000000   Number         0  stubs.o ABSOLUTE
    _printf_d                                0x00000000   Number         0  stubs.o ABSOLUTE
    _printf_e                                0x00000000   Number         0  stubs.o ABSOLUTE
    _printf_f                                0x00000000   Number         0  stubs.o ABSOLUTE
    _printf_flags                            0x00000000   Number         0  stubs.o ABSOLUTE
    _printf_fp_dec                           0x00000000   Number         0  stubs.o ABSOLUTE
    _printf_fp_hex                           0x00000000   Number         0  stubs.o ABSOLUTE
    _printf_g                                0x00000000   Number         0  stubs.o ABSOLUTE
    _printf_i                                0x00000000   Number         0  stubs.o ABSOLUTE
    _printf_int_dec                          0x00000000   Number         0  stubs.o ABSOLUTE
    _printf_l                                0x00000000   Number         0  stubs.o ABSOLUTE
    _printf_lc                               0x00000000   Number         0  stubs.o ABSOLUTE
    _printf_ll                               0x00000000   Number         0  stubs.o ABSOLUTE
    _printf_lld                              0x00000000   Number         0  stubs.o ABSOLUTE
    _printf_lli                              0x00000000   Number         0  stubs.o ABSOLUTE
    _printf_llo                              0x00000000   Number         0  stubs.o ABSOLUTE
    _printf_llu                              0x00000000   Number         0  stubs.o ABSOLUTE
    _printf_llx                              0x00000000   Number         0  stubs.o ABSOLUTE
    _printf_longlong_dec                     0x00000000   Number         0  stubs.o ABSOLUTE
    _printf_longlong_hex                     0x00000000   Number         0  stubs.o ABSOLUTE
    _printf_longlong_oct                     0x00000000   Number         0  stubs.o ABSOLUTE
    _printf_ls                               0x00000000   Number         0  stubs.o ABSOLUTE
    _printf_mbtowc                           0x00000000   Number         0  stubs.o ABSOLUTE
    _printf_n                                0x00000000   Number         0  stubs.o ABSOLUTE
    _printf_o                                0x00000000   Number         0  stubs.o ABSOLUTE
    _printf_p                                0x00000000   Number         0  stubs.o ABSOLUTE
    _printf_percent                          0x00000000   Number         0  stubs.o ABSOLUTE
    _printf_pre_padding                      0x00000000   Number         0  stubs.o ABSOLUTE
    _printf_return_value                     0x00000000   Number         0  stubs.o ABSOLUTE
    _printf_s                                0x00000000   Number         0  stubs.o ABSOLUTE
    _printf_sizespec                         0x00000000   Number         0  stubs.o ABSOLUTE
    _printf_str                              0x00000000   Number         0  stubs.o ABSOLUTE
    _printf_truncate_signed                  0x00000000   Number         0  stubs.o ABSOLUTE
    _printf_truncate_unsigned                0x00000000   Number         0  stubs.o ABSOLUTE
    _printf_u                                0x00000000   Number         0  stubs.o ABSOLUTE
    _printf_wc                               0x00000000   Number         0  stubs.o ABSOLUTE
    _printf_wctomb                           0x00000000   Number         0  stubs.o ABSOLUTE
    _printf_widthprec                        0x00000000   Number         0  stubs.o ABSOLUTE
    _printf_x                                0x00000000   Number         0  stubs.o ABSOLUTE
    __cpp_initialize__aeabi_                  - Undefined Weak Reference
    __cxa_finalize                            - Undefined Weak Reference
    __decompress                              - Undefined Weak Reference
    _clock_init                               - Undefined Weak Reference
    _microlib_exit                            - Undefined Weak Reference
    __Vectors_Size                           0x000001ac   Number         0  startup_gd32f450_470.o ABSOLUTE
    __Vectors                                0x08040000   Data           4  startup_gd32f450_470.o(RESET)
    __Vectors_End                            0x080401ac   Data           0  startup_gd32f450_470.o(RESET)
    __main                                   0x080401ad   Thumb Code     0  entry.o(.ARM.Collect$$$$00000000)
    _main_stk                                0x080401ad   Thumb Code     0  entry2.o(.ARM.Collect$$$$00000001)
    _main_scatterload                        0x080401b1   Thumb Code     0  entry5.o(.ARM.Collect$$$$00000004)
    __main_after_scatterload                 0x080401b5   Thumb Code     0  entry5.o(.ARM.Collect$$$$00000004)
    _main_clock                              0x080401b5   Thumb Code     0  entry7b.o(.ARM.Collect$$$$00000008)
    _main_cpp_init                           0x080401b5   Thumb Code     0  entry8b.o(.ARM.Collect$$$$0000000A)
    _main_init                               0x080401b5   Thumb Code     0  entry9a.o(.ARM.Collect$$$$0000000B)
    __rt_final_cpp                           0x080401bd   Thumb Code     0  entry10a.o(.ARM.Collect$$$$0000000D)
    __rt_final_exit                          0x080401bd   Thumb Code     0  entry11a.o(.ARM.Collect$$$$0000000F)
    Reset_Handler                            0x080401c1   Thumb Code     8  startup_gd32f450_470.o(.text)
    ADC_IRQHandler                           0x080401db   Thumb Code     0  startup_gd32f450_470.o(.text)
    CAN0_EWMC_IRQHandler                     0x080401db   Thumb Code     0  startup_gd32f450_470.o(.text)
    CAN0_RX0_IRQHandler                      0x080401db   Thumb Code     0  startup_gd32f450_470.o(.text)
    CAN0_RX1_IRQHandler                      0x080401db   Thumb Code     0  startup_gd32f450_470.o(.text)
    CAN0_TX_IRQHandler                       0x080401db   Thumb Code     0  startup_gd32f450_470.o(.text)
    CAN1_EWMC_IRQHandler                     0x080401db   Thumb Code     0  startup_gd32f450_470.o(.text)
    CAN1_RX0_IRQHandler                      0x080401db   Thumb Code     0  startup_gd32f450_470.o(.text)
    CAN1_RX1_IRQHandler                      0x080401db   Thumb Code     0  startup_gd32f450_470.o(.text)
    CAN1_TX_IRQHandler                       0x080401db   Thumb Code     0  startup_gd32f450_470.o(.text)
    DCI_IRQHandler                           0x080401db   Thumb Code     0  startup_gd32f450_470.o(.text)
    DMA0_Channel0_IRQHandler                 0x080401db   Thumb Code     0  startup_gd32f450_470.o(.text)
    DMA0_Channel1_IRQHandler                 0x080401db   Thumb Code     0  startup_gd32f450_470.o(.text)
    DMA0_Channel2_IRQHandler                 0x080401db   Thumb Code     0  startup_gd32f450_470.o(.text)
    DMA0_Channel3_IRQHandler                 0x080401db   Thumb Code     0  startup_gd32f450_470.o(.text)
    DMA0_Channel4_IRQHandler                 0x080401db   Thumb Code     0  startup_gd32f450_470.o(.text)
    DMA0_Channel5_IRQHandler                 0x080401db   Thumb Code     0  startup_gd32f450_470.o(.text)
    DMA0_Channel6_IRQHandler                 0x080401db   Thumb Code     0  startup_gd32f450_470.o(.text)
    DMA0_Channel7_IRQHandler                 0x080401db   Thumb Code     0  startup_gd32f450_470.o(.text)
    DMA1_Channel0_IRQHandler                 0x080401db   Thumb Code     0  startup_gd32f450_470.o(.text)
    DMA1_Channel1_IRQHandler                 0x080401db   Thumb Code     0  startup_gd32f450_470.o(.text)
    DMA1_Channel2_IRQHandler                 0x080401db   Thumb Code     0  startup_gd32f450_470.o(.text)
    DMA1_Channel3_IRQHandler                 0x080401db   Thumb Code     0  startup_gd32f450_470.o(.text)
    DMA1_Channel4_IRQHandler                 0x080401db   Thumb Code     0  startup_gd32f450_470.o(.text)
    DMA1_Channel5_IRQHandler                 0x080401db   Thumb Code     0  startup_gd32f450_470.o(.text)
    DMA1_Channel6_IRQHandler                 0x080401db   Thumb Code     0  startup_gd32f450_470.o(.text)
    DMA1_Channel7_IRQHandler                 0x080401db   Thumb Code     0  startup_gd32f450_470.o(.text)
    ENET_IRQHandler                          0x080401db   Thumb Code     0  startup_gd32f450_470.o(.text)
    ENET_WKUP_IRQHandler                     0x080401db   Thumb Code     0  startup_gd32f450_470.o(.text)
    EXMC_IRQHandler                          0x080401db   Thumb Code     0  startup_gd32f450_470.o(.text)
    EXTI0_IRQHandler                         0x080401db   Thumb Code     0  startup_gd32f450_470.o(.text)
    EXTI10_15_IRQHandler                     0x080401db   Thumb Code     0  startup_gd32f450_470.o(.text)
    EXTI1_IRQHandler                         0x080401db   Thumb Code     0  startup_gd32f450_470.o(.text)
    EXTI2_IRQHandler                         0x080401db   Thumb Code     0  startup_gd32f450_470.o(.text)
    EXTI3_IRQHandler                         0x080401db   Thumb Code     0  startup_gd32f450_470.o(.text)
    EXTI4_IRQHandler                         0x080401db   Thumb Code     0  startup_gd32f450_470.o(.text)
    EXTI5_9_IRQHandler                       0x080401db   Thumb Code     0  startup_gd32f450_470.o(.text)
    FMC_IRQHandler                           0x080401db   Thumb Code     0  startup_gd32f450_470.o(.text)
    FPU_IRQHandler                           0x080401db   Thumb Code     0  startup_gd32f450_470.o(.text)
    I2C0_ER_IRQHandler                       0x080401db   Thumb Code     0  startup_gd32f450_470.o(.text)
    I2C0_EV_IRQHandler                       0x080401db   Thumb Code     0  startup_gd32f450_470.o(.text)
    I2C1_ER_IRQHandler                       0x080401db   Thumb Code     0  startup_gd32f450_470.o(.text)
    I2C1_EV_IRQHandler                       0x080401db   Thumb Code     0  startup_gd32f450_470.o(.text)
    I2C2_ER_IRQHandler                       0x080401db   Thumb Code     0  startup_gd32f450_470.o(.text)
    I2C2_EV_IRQHandler                       0x080401db   Thumb Code     0  startup_gd32f450_470.o(.text)
    IPA_IRQHandler                           0x080401db   Thumb Code     0  startup_gd32f450_470.o(.text)
    LVD_IRQHandler                           0x080401db   Thumb Code     0  startup_gd32f450_470.o(.text)
    RCU_CTC_IRQHandler                       0x080401db   Thumb Code     0  startup_gd32f450_470.o(.text)
    RTC_Alarm_IRQHandler                     0x080401db   Thumb Code     0  startup_gd32f450_470.o(.text)
    RTC_WKUP_IRQHandler                      0x080401db   Thumb Code     0  startup_gd32f450_470.o(.text)
    SDIO_IRQHandler                          0x080401db   Thumb Code     0  startup_gd32f450_470.o(.text)
    SPI0_IRQHandler                          0x080401db   Thumb Code     0  startup_gd32f450_470.o(.text)
    SPI1_IRQHandler                          0x080401db   Thumb Code     0  startup_gd32f450_470.o(.text)
    SPI2_IRQHandler                          0x080401db   Thumb Code     0  startup_gd32f450_470.o(.text)
    SPI3_IRQHandler                          0x080401db   Thumb Code     0  startup_gd32f450_470.o(.text)
    SPI4_IRQHandler                          0x080401db   Thumb Code     0  startup_gd32f450_470.o(.text)
    SPI5_IRQHandler                          0x080401db   Thumb Code     0  startup_gd32f450_470.o(.text)
    TAMPER_STAMP_IRQHandler                  0x080401db   Thumb Code     0  startup_gd32f450_470.o(.text)
    TIMER0_BRK_TIMER8_IRQHandler             0x080401db   Thumb Code     0  startup_gd32f450_470.o(.text)
    TIMER0_Channel_IRQHandler                0x080401db   Thumb Code     0  startup_gd32f450_470.o(.text)
    TIMER0_TRG_CMT_TIMER10_IRQHandler        0x080401db   Thumb Code     0  startup_gd32f450_470.o(.text)
    TIMER0_UP_TIMER9_IRQHandler              0x080401db   Thumb Code     0  startup_gd32f450_470.o(.text)
    TIMER2_IRQHandler                        0x080401db   Thumb Code     0  startup_gd32f450_470.o(.text)
    TIMER3_IRQHandler                        0x080401db   Thumb Code     0  startup_gd32f450_470.o(.text)
    TIMER5_DAC_IRQHandler                    0x080401db   Thumb Code     0  startup_gd32f450_470.o(.text)
    TIMER6_IRQHandler                        0x080401db   Thumb Code     0  startup_gd32f450_470.o(.text)
    TIMER7_BRK_TIMER11_IRQHandler            0x080401db   Thumb Code     0  startup_gd32f450_470.o(.text)
    TIMER7_Channel_IRQHandler                0x080401db   Thumb Code     0  startup_gd32f450_470.o(.text)
    TIMER7_TRG_CMT_TIMER13_IRQHandler        0x080401db   Thumb Code     0  startup_gd32f450_470.o(.text)
    TIMER7_UP_TIMER12_IRQHandler             0x080401db   Thumb Code     0  startup_gd32f450_470.o(.text)
    TLI_ER_IRQHandler                        0x080401db   Thumb Code     0  startup_gd32f450_470.o(.text)
    TLI_IRQHandler                           0x080401db   Thumb Code     0  startup_gd32f450_470.o(.text)
    TRNG_IRQHandler                          0x080401db   Thumb Code     0  startup_gd32f450_470.o(.text)
    UART3_IRQHandler                         0x080401db   Thumb Code     0  startup_gd32f450_470.o(.text)
    UART4_IRQHandler                         0x080401db   Thumb Code     0  startup_gd32f450_470.o(.text)
    UART6_IRQHandler                         0x080401db   Thumb Code     0  startup_gd32f450_470.o(.text)
    UART7_IRQHandler                         0x080401db   Thumb Code     0  startup_gd32f450_470.o(.text)
    USART1_IRQHandler                        0x080401db   Thumb Code     0  startup_gd32f450_470.o(.text)
    USART2_IRQHandler                        0x080401db   Thumb Code     0  startup_gd32f450_470.o(.text)
    USART5_IRQHandler                        0x080401db   Thumb Code     0  startup_gd32f450_470.o(.text)
    USBFS_IRQHandler                         0x080401db   Thumb Code     0  startup_gd32f450_470.o(.text)
    USBFS_WKUP_IRQHandler                    0x080401db   Thumb Code     0  startup_gd32f450_470.o(.text)
    USBHS_EP1_In_IRQHandler                  0x080401db   Thumb Code     0  startup_gd32f450_470.o(.text)
    USBHS_EP1_Out_IRQHandler                 0x080401db   Thumb Code     0  startup_gd32f450_470.o(.text)
    USBHS_IRQHandler                         0x080401db   Thumb Code     0  startup_gd32f450_470.o(.text)
    USBHS_WKUP_IRQHandler                    0x080401db   Thumb Code     0  startup_gd32f450_470.o(.text)
    WWDGT_IRQHandler                         0x080401db   Thumb Code     0  startup_gd32f450_470.o(.text)
    __aeabi_dadd                             0x080401e5   Thumb Code   322  dadd.o(.text)
    __aeabi_dsub                             0x08040327   Thumb Code     6  dadd.o(.text)
    __aeabi_drsub                            0x0804032d   Thumb Code     6  dadd.o(.text)
    __aeabi_dmul                             0x08040333   Thumb Code   228  dmul.o(.text)
    __aeabi_ddiv                             0x08040417   Thumb Code   222  ddiv.o(.text)
    __aeabi_ui2d                             0x080404f5   Thumb Code    26  dfltui.o(.text)
    __aeabi_d2iz                             0x0804050f   Thumb Code    62  dfixi.o(.text)
    __aeabi_d2uiz                            0x0804054d   Thumb Code    50  dfixui.o(.text)
    __aeabi_cdcmpeq                          0x08040581   Thumb Code     0  cdcmple.o(.text)
    __aeabi_cdcmple                          0x08040581   Thumb Code    48  cdcmple.o(.text)
    __aeabi_cdrcmple                         0x080405b1   Thumb Code    48  cdrcmple.o(.text)
    __aeabi_uidiv                            0x080405e1   Thumb Code     0  uidiv.o(.text)
    __aeabi_uidivmod                         0x080405e1   Thumb Code    44  uidiv.o(.text)
    __aeabi_uldivmod                         0x0804060d   Thumb Code    98  uldiv.o(.text)
    __aeabi_llsl                             0x0804066f   Thumb Code    30  llshl.o(.text)
    _ll_shift_l                              0x0804066f   Thumb Code     0  llshl.o(.text)
    __aeabi_llsr                             0x0804068d   Thumb Code    32  llushr.o(.text)
    _ll_ushift_r                             0x0804068d   Thumb Code     0  llushr.o(.text)
    __aeabi_lasr                             0x080406ad   Thumb Code    36  llsshr.o(.text)
    _ll_sshift_r                             0x080406ad   Thumb Code     0  llsshr.o(.text)
    __I$use$fp                               0x080406d1   Thumb Code     0  iusefp.o(.text)
    _double_round                            0x080406d1   Thumb Code    30  depilogue.o(.text)
    _double_epilogue                         0x080406ef   Thumb Code   156  depilogue.o(.text)
    __aeabi_d2ulz                            0x0804078b   Thumb Code    48  dfixul.o(.text)
    __scatterload                            0x080407bd   Thumb Code    28  init.o(.text)
    __scatterload_rt2                        0x080407bd   Thumb Code     0  init.o(.text)
    __aeabi_i2d                              0x080407e1   Thumb Code    34  dflti.o(.text)
    BusFault_Handler                         0x08040815   Thumb Code     4  gd32f4xx_it.o(i.BusFault_Handler)
    Clr1SecFlag                              0x08040819   Thumb Code     8  timer.o(i.Clr1SecFlag)
    Clr1msFlag                               0x08040825   Thumb Code     8  timer.o(i.Clr1msFlag)
    Clr2msFlag                               0x08040831   Thumb Code     8  timer.o(i.Clr2msFlag)
    CreateTextWidget                         0x080413c5   Thumb Code    36  textwidget.o(i.CreateTextWidget)
    DeQueue                                  0x080413ed   Thumb Code    68  queue.o(i.DeQueue)
    DebugMon_Handler                         0x08041431   Thumb Code     2  gd32f4xx_it.o(i.DebugMon_Handler)
    DelayNms                                 0x08041451   Thumb Code    32  systick.o(i.DelayNms)
    DelayNus                                 0x08041475   Thumb Code    26  systick.o(i.DelayNus)
    DisplayJPEGInFlash                       0x080414b5   Thumb Code    68  jpeg.o(i.DisplayJPEGInFlash)
    EnQueue                                  0x08041509   Thumb Code    72  queue.o(i.EnQueue)
    GUIDrawBackground                        0x08041551   Thumb Code    36  guiplatform.o(i.GUIDrawBackground)
    GUIDrawChar                              0x08041575   Thumb Code    76  guiplatform.o(i.GUIDrawChar)
    GUIDrawLine                              0x080415c1   Thumb Code   430  guiplatform.o(i.GUIDrawLine)
    GUIDrawPoint                             0x0804176f   Thumb Code   182  guiplatform.o(i.GUIDrawPoint)
    GUIDrawTextLine                          0x08041825   Thumb Code    88  guiplatform.o(i.GUIDrawTextLine)
    GUIFillColor                             0x0804187d   Thumb Code    36  guiplatform.o(i.GUIFillColor)
    GUIReadPoint                             0x080418a1   Thumb Code    16  guiplatform.o(i.GUIReadPoint)
    GUISaveBackground                        0x080418b1   Thumb Code    78  guiplatform.o(i.GUISaveBackground)
    GUITask                                  0x080418ff   Thumb Code     2  guitop.o(i.GUITask)
    Get1SecFlag                              0x08041901   Thumb Code     6  timer.o(i.Get1SecFlag)
    Get1msFlag                               0x0804190d   Thumb Code     6  timer.o(i.Get1msFlag)
    Get2msFlag                               0x08041919   Thumb Code     6  timer.o(i.Get2msFlag)
    GetFontWidth                             0x08041925   Thumb Code    28  guiplatform.o(i.GetFontWidth)
    GetInTemp                                0x08041941   Thumb Code   120  intemp.o(i.GetInTemp)
    GetInTempADC                             0x080419e1   Thumb Code    36  adc.o(i.GetInTempADC)
    GetSHT20RH                               0x08041a31   Thumb Code   242  sht20.o(i.GetSHT20RH)
    GetSHT20Temp                             0x08041bfd   Thumb Code   242  sht20.o(i.GetSHT20Temp)
    HardFault_Handler                        0x08041dd5   Thumb Code     4  gd32f4xx_it.o(i.HardFault_Handler)
    IICCommonEnd                             0x08041dd9   Thumb Code    54  iiccommon.o(i.IICCommonEnd)
    IICCommonReadACK                         0x08041e0f   Thumb Code    52  iiccommon.o(i.IICCommonReadACK)
    IICCommonReadBytesEx                     0x08041e43   Thumb Code   178  iiccommon.o(i.IICCommonReadBytesEx)
    IICCommonReadOneByte                     0x08041ef5   Thumb Code    86  iiccommon.o(i.IICCommonReadOneByte)
    IICCommonSendAck                         0x08041f4b   Thumb Code    54  iiccommon.o(i.IICCommonSendAck)
    IICCommonSendNAck                        0x08041f81   Thumb Code    54  iiccommon.o(i.IICCommonSendNAck)
    IICCommonSendOneByte                     0x08041fb7   Thumb Code    98  iiccommon.o(i.IICCommonSendOneByte)
    IICCommonStart                           0x08042019   Thumb Code    78  iiccommon.o(i.IICCommonStart)
    IICCommonWriteBytesEx                    0x08042067   Thumb Code   134  iiccommon.o(i.IICCommonWriteBytesEx)
    InitADC                                  0x080420ed   Thumb Code     8  adc.o(i.InitADC)
    InitBMP                                  0x080420f5   Thumb Code     2  bmp.o(i.InitBMP)
    InitGT1151Q                              0x080420f9   Thumb Code    88  gt1151q.o(i.InitGT1151Q)
    InitGUI                                  0x08042199   Thumb Code   294  guitop.o(i.InitGUI)
    InitInTemp                               0x08042321   Thumb Code     2  intemp.o(i.InitInTemp)
    InitJPEG                                 0x08042323   Thumb Code     2  jpeg.o(i.InitJPEG)
    InitLCD                                  0x08042325   Thumb Code  1492  tlilcd.o(i.InitLCD)
    InitLED                                  0x08042909   Thumb Code     8  led.o(i.InitLED)
    InitNVIC                                 0x08042911   Thumb Code     8  nvic.o(i.InitNVIC)
    InitQueue                                0x08042919   Thumb Code    36  queue.o(i.InitQueue)
    InitRCU                                  0x0804293d   Thumb Code     8  rcu.o(i.InitRCU)
    InitSDRAM                                0x08042945   Thumb Code    10  sdram.o(i.InitSDRAM)
    InitSHT20                                0x08042951   Thumb Code    46  sht20.o(i.InitSHT20)
    InitSysTick                              0x080429bd   Thumb Code    74  systick.o(i.InitSysTick)
    InitTempHumidityTop                      0x08042a0d   Thumb Code    16  temphumiditytop.o(i.InitTempHumidityTop)
    InitTextWidgetStruct                     0x08042a21   Thumb Code    30  textwidget.o(i.InitTextWidgetStruct)
    InitTimer                                0x08042a3f   Thumb Code    24  timer.o(i.InitTimer)
    InitTouch                                0x08042a59   Thumb Code    74  touch.o(i.InitTouch)
    InitUART0                                0x08042aa9   Thumb Code    16  uart0.o(i.InitUART0)
    LCDClear                                 0x08042b95   Thumb Code   128  tlilcd.o(i.LCDClear)
    LCDColorFill                             0x08042c19   Thumb Code    72  tlilcd.o(i.LCDColorFill)
    LCDColorFillPixel                        0x08042c61   Thumb Code    82  tlilcd.o(i.LCDColorFillPixel)
    LCDDisplayDir                            0x08042cb5   Thumb Code    34  tlilcd.o(i.LCDDisplayDir)
    LCDDrawLine                              0x08042cdd   Thumb Code   228  tlilcd.o(i.LCDDrawLine)
    LCDDrawPoint                             0x08042dc1   Thumb Code    72  tlilcd.o(i.LCDDrawPoint)
    LCDFill                                  0x08042e0d   Thumb Code   362  tlilcd.o(i.LCDFill)
    LCDFillPixel                             0x08042f7d   Thumb Code    68  tlilcd.o(i.LCDFillPixel)
    LCDLayerDisable                          0x08042fc1   Thumb Code    34  tlilcd.o(i.LCDLayerDisable)
    LCDLayerEnable                           0x08042fe9   Thumb Code    34  tlilcd.o(i.LCDLayerEnable)
    LCDLayerSwitch                           0x08043011   Thumb Code    26  tlilcd.o(i.LCDLayerSwitch)
    LCDLayerWindowSet                        0x08043039   Thumb Code   448  tlilcd.o(i.LCDLayerWindowSet)
    LCDReadPoint                             0x08043209   Thumb Code    74  tlilcd.o(i.LCDReadPoint)
    LCDShowChar                              0x08043259   Thumb Code   280  tlilcd.o(i.LCDShowChar)
    LCDTransparencySet                       0x08043381   Thumb Code    54  tlilcd.o(i.LCDTransparencySet)
    LEDFlicker                               0x080433bd   Thumb Code    84  led.o(i.LEDFlicker)
    MemManage_Handler                        0x08043421   Thumb Code     4  gd32f4xx_it.o(i.MemManage_Handler)
    NMI_Handler                              0x08043425   Thumb Code     2  gd32f4xx_it.o(i.NMI_Handler)
    PendSV_Handler                           0x08043427   Thumb Code     2  gd32f4xx_it.o(i.PendSV_Handler)
    QueueEmpty                               0x08043481   Thumb Code    14  queue.o(i.QueueEmpty)
    RGB565ToRGB888A                          0x0804348f   Thumb Code    26  tlilcd.o(i.RGB565ToRGB888A)
    SVC_Handler                              0x080434c5   Thumb Code     2  gd32f4xx_it.o(i.SVC_Handler)
    ScanGT1151Q                              0x080434c9   Thumb Code   266  gt1151q.o(i.ScanGT1151Q)
    ScanTouch                                0x080435e1   Thumb Code   532  touch.o(i.ScanTouch)
    SysTick_Handler                          0x080438ab   Thumb Code     8  systick.o(i.SysTick_Handler)
    SystemInit                               0x080438b5   Thumb Code   184  system_gd32f4xx.o(i.SystemInit)
    TIMER1_IRQHandler                        0x0804397d   Thumb Code    76  timer.o(i.TIMER1_IRQHandler)
    TIMER4_IRQHandler                        0x080439d9   Thumb Code    58  timer.o(i.TIMER4_IRQHandler)
    TempHumidityTopTask                      0x08043a21   Thumb Code   122  temphumiditytop.o(i.TempHumidityTopTask)
    USART0_IRQHandler                        0x08043af1   Thumb Code   152  uart0.o(i.USART0_IRQHandler)
    UsageFault_Handler                       0x08044189   Thumb Code     4  gd32f4xx_it.o(i.UsageFault_Handler)
    __0printf                                0x080441a5   Thumb Code    22  printfa.o(i.__0printf)
    __1printf                                0x080441a5   Thumb Code     0  printfa.o(i.__0printf)
    __2printf                                0x080441a5   Thumb Code     0  printfa.o(i.__0printf)
    __c89printf                              0x080441a5   Thumb Code     0  printfa.o(i.__0printf)
    printf                                   0x080441a5   Thumb Code     0  printfa.o(i.__0printf)
    __0sprintf                               0x080441c5   Thumb Code    34  printfa.o(i.__0sprintf)
    __1sprintf                               0x080441c5   Thumb Code     0  printfa.o(i.__0sprintf)
    __2sprintf                               0x080441c5   Thumb Code     0  printfa.o(i.__0sprintf)
    __c89sprintf                             0x080441c5   Thumb Code     0  printfa.o(i.__0sprintf)
    sprintf                                  0x080441c5   Thumb Code     0  printfa.o(i.__0sprintf)
    __ARM_fpclassify                         0x080441ed   Thumb Code    48  fpclassify.o(i.__ARM_fpclassify)
    __hardfp_cos                             0x08044249   Thumb Code   180  cos.o(i.__hardfp_cos)
    __hardfp_sin                             0x08044311   Thumb Code   180  sin.o(i.__hardfp_sin)
    __ieee754_rem_pio2                       0x080443d9   Thumb Code   938  rred.o(i.__ieee754_rem_pio2)
    __kernel_cos                             0x08044811   Thumb Code   322  cos_i.o(i.__kernel_cos)
    __kernel_poly                            0x08044981   Thumb Code   248  poly.o(i.__kernel_poly)
    __kernel_sin                             0x08044a79   Thumb Code   280  sin_i.o(i.__kernel_sin)
    __mathlib_dbl_infnan                     0x08044ba9   Thumb Code    20  dunder.o(i.__mathlib_dbl_infnan)
    __mathlib_dbl_invalid                    0x08044bc1   Thumb Code    24  dunder.o(i.__mathlib_dbl_invalid)
    __mathlib_dbl_underflow                  0x08044be1   Thumb Code    24  dunder.o(i.__mathlib_dbl_underflow)
    __scatterload_copy                       0x08044c01   Thumb Code    14  handlers.o(i.__scatterload_copy)
    __scatterload_null                       0x08044c0f   Thumb Code     2  handlers.o(i.__scatterload_null)
    __scatterload_zeroinit                   0x08044c11   Thumb Code    14  handlers.o(i.__scatterload_zeroinit)
    __set_errno                              0x08044c21   Thumb Code     6  errno.o(i.__set_errno)
    adc_calibration_enable                   0x080454e9   Thumb Code    42  gd32f4xx_adc.o(i.adc_calibration_enable)
    adc_channel_16_to_18                     0x08045515   Thumb Code    86  gd32f4xx_adc.o(i.adc_channel_16_to_18)
    adc_channel_length_config                0x08045575   Thumb Code    82  gd32f4xx_adc.o(i.adc_channel_length_config)
    adc_clock_config                         0x080455c9   Thumb Code    28  gd32f4xx_adc.o(i.adc_clock_config)
    adc_data_alignment_config                0x080455ed   Thumb Code    22  gd32f4xx_adc.o(i.adc_data_alignment_config)
    adc_deinit                               0x08045603   Thumb Code    20  gd32f4xx_adc.o(i.adc_deinit)
    adc_dma_mode_disable                     0x08045617   Thumb Code    10  gd32f4xx_adc.o(i.adc_dma_mode_disable)
    adc_enable                               0x08045621   Thumb Code    18  gd32f4xx_adc.o(i.adc_enable)
    adc_flag_get                             0x08045633   Thumb Code    14  gd32f4xx_adc.o(i.adc_flag_get)
    adc_oversample_mode_config               0x08045641   Thumb Code    58  gd32f4xx_adc.o(i.adc_oversample_mode_config)
    adc_oversample_mode_enable               0x0804567b   Thumb Code    14  gd32f4xx_adc.o(i.adc_oversample_mode_enable)
    adc_regular_channel_config               0x08045689   Thumb Code   172  gd32f4xx_adc.o(i.adc_regular_channel_config)
    adc_regular_data_read                    0x08045735   Thumb Code     8  gd32f4xx_adc.o(i.adc_regular_data_read)
    adc_resolution_config                    0x0804573d   Thumb Code    16  gd32f4xx_adc.o(i.adc_resolution_config)
    adc_software_trigger_enable              0x0804574d   Thumb Code    36  gd32f4xx_adc.o(i.adc_software_trigger_enable)
    adc_special_function_config              0x08045771   Thumb Code    90  gd32f4xx_adc.o(i.adc_special_function_config)
    adc_sync_mode_config                     0x080457cd   Thumb Code    28  gd32f4xx_adc.o(i.adc_sync_mode_config)
    exmc_flag_get                            0x08045cf1   Thumb Code    46  gd32f4xx_exmc.o(i.exmc_flag_get)
    exmc_sdram_command_config                0x08045d25   Thumb Code    22  gd32f4xx_exmc.o(i.exmc_sdram_command_config)
    exmc_sdram_init                          0x08045d41   Thumb Code   272  gd32f4xx_exmc.o(i.exmc_sdram_init)
    exmc_sdram_refresh_count_set             0x08045e59   Thumb Code    30  gd32f4xx_exmc.o(i.exmc_sdram_refresh_count_set)
    fabs                                     0x08045e7d   Thumb Code    24  fabs.o(i.fabs)
    fputc                                    0x08045e95   Thumb Code    32  uart0.o(i.fputc)
    gpio_af_set                              0x08045eb9   Thumb Code    94  gd32f4xx_gpio.o(i.gpio_af_set)
    gpio_bit_reset                           0x08045f17   Thumb Code     4  gd32f4xx_gpio.o(i.gpio_bit_reset)
    gpio_bit_set                             0x08045f1b   Thumb Code     4  gd32f4xx_gpio.o(i.gpio_bit_set)
    gpio_bit_write                           0x08045f1f   Thumb Code    10  gd32f4xx_gpio.o(i.gpio_bit_write)
    gpio_input_bit_get                       0x08045f29   Thumb Code    16  gd32f4xx_gpio.o(i.gpio_input_bit_get)
    gpio_mode_set                            0x08045f39   Thumb Code    78  gd32f4xx_gpio.o(i.gpio_mode_set)
    gpio_output_options_set                  0x08045f87   Thumb Code    66  gd32f4xx_gpio.o(i.gpio_output_options_set)
    ipa_deinit                               0x08046089   Thumb Code    20  gd32f4xx_ipa.o(i.ipa_deinit)
    ipa_destination_init                     0x0804609d   Thumb Code   312  gd32f4xx_ipa.o(i.ipa_destination_init)
    ipa_destination_struct_para_init         0x080461d9   Thumb Code    22  gd32f4xx_ipa.o(i.ipa_destination_struct_para_init)
    ipa_interrupt_flag_clear                 0x080461f1   Thumb Code    12  gd32f4xx_ipa.o(i.ipa_interrupt_flag_clear)
    ipa_interrupt_flag_get                   0x08046201   Thumb Code    18  gd32f4xx_ipa.o(i.ipa_interrupt_flag_get)
    ipa_pixel_format_convert_mode_set        0x08046219   Thumb Code    22  gd32f4xx_ipa.o(i.ipa_pixel_format_convert_mode_set)
    ipa_transfer_enable                      0x08046235   Thumb Code    14  gd32f4xx_ipa.o(i.ipa_transfer_enable)
    jd_decomp                                0x08046249   Thumb Code   162  tjpgd.o(i.jd_decomp)
    jd_prepare                               0x080462eb   Thumb Code   924  tjpgd.o(i.jd_prepare)
    main                                     0x08046687   Thumb Code    34  main.o(i.main)
    nvic_irq_enable                          0x08046c21   Thumb Code   186  gd32f4xx_misc.o(i.nvic_irq_enable)
    nvic_priority_group_set                  0x08046ce5   Thumb Code    10  gd32f4xx_misc.o(i.nvic_priority_group_set)
    nvic_vector_table_set                    0x08046cf9   Thumb Code    16  gd32f4xx_misc.o(i.nvic_vector_table_set)
    rcu_clock_freq_get                       0x08046d11   Thumb Code   264  gd32f4xx_rcu.o(i.rcu_clock_freq_get)
    rcu_flag_get                             0x08046e35   Thumb Code    32  gd32f4xx_rcu.o(i.rcu_flag_get)
    rcu_osci_on                              0x08046e59   Thumb Code    32  gd32f4xx_rcu.o(i.rcu_osci_on)
    rcu_osci_stab_wait                       0x08046e7d   Thumb Code   342  gd32f4xx_rcu.o(i.rcu_osci_stab_wait)
    rcu_periph_clock_enable                  0x08046fd9   Thumb Code    32  gd32f4xx_rcu.o(i.rcu_periph_clock_enable)
    rcu_periph_reset_disable                 0x08046ffd   Thumb Code    32  gd32f4xx_rcu.o(i.rcu_periph_reset_disable)
    rcu_periph_reset_enable                  0x08047021   Thumb Code    32  gd32f4xx_rcu.o(i.rcu_periph_reset_enable)
    rcu_pllsai_config                        0x08047045   Thumb Code    68  gd32f4xx_rcu.o(i.rcu_pllsai_config)
    rcu_timer_clock_prescaler_config         0x0804708d   Thumb Code    32  gd32f4xx_rcu.o(i.rcu_timer_clock_prescaler_config)
    rcu_tli_clock_div_config                 0x080470b1   Thumb Code    18  gd32f4xx_rcu.o(i.rcu_tli_clock_div_config)
    timer_deinit                             0x0804723d   Thumb Code   374  gd32f4xx_timer.o(i.timer_deinit)
    timer_enable                             0x080473c1   Thumb Code    10  gd32f4xx_timer.o(i.timer_enable)
    timer_init                               0x080473cd   Thumb Code   122  gd32f4xx_timer.o(i.timer_init)
    timer_interrupt_enable                   0x08047465   Thumb Code     8  gd32f4xx_timer.o(i.timer_interrupt_enable)
    timer_interrupt_flag_clear               0x0804746d   Thumb Code     6  gd32f4xx_timer.o(i.timer_interrupt_flag_clear)
    timer_interrupt_flag_get                 0x08047473   Thumb Code    24  gd32f4xx_timer.o(i.timer_interrupt_flag_get)
    timer_struct_para_init                   0x0804748b   Thumb Code    22  gd32f4xx_timer.o(i.timer_struct_para_init)
    tli_color_key_disable                    0x080474a1   Thumb Code    14  gd32f4xx_tli.o(i.tli_color_key_disable)
    tli_deinit                               0x080474af   Thumb Code    20  gd32f4xx_tli.o(i.tli_deinit)
    tli_dither_config                        0x080474c5   Thumb Code    32  gd32f4xx_tli.o(i.tli_dither_config)
    tli_enable                               0x080474e9   Thumb Code    14  gd32f4xx_tli.o(i.tli_enable)
    tli_init                                 0x080474fd   Thumb Code   184  gd32f4xx_tli.o(i.tli_init)
    tli_layer_disable                        0x080475b9   Thumb Code    14  gd32f4xx_tli.o(i.tli_layer_disable)
    tli_layer_enable                         0x080475c7   Thumb Code    14  gd32f4xx_tli.o(i.tli_layer_enable)
    tli_layer_init                           0x080475d5   Thumb Code   152  gd32f4xx_tli.o(i.tli_layer_init)
    tli_layer_struct_para_init               0x0804766d   Thumb Code    48  gd32f4xx_tli.o(i.tli_layer_struct_para_init)
    tli_lut_disable                          0x0804769d   Thumb Code    14  gd32f4xx_tli.o(i.tli_lut_disable)
    tli_reload_config                        0x080476ad   Thumb Code    30  gd32f4xx_tli.o(i.tli_reload_config)
    tli_struct_para_init                     0x080476d1   Thumb Code    34  gd32f4xx_tli.o(i.tli_struct_para_init)
    usart_baudrate_set                       0x080476f5   Thumb Code   224  gd32f4xx_usart.o(i.usart_baudrate_set)
    usart_data_receive                       0x080477dd   Thumb Code    10  gd32f4xx_usart.o(i.usart_data_receive)
    usart_data_transmit                      0x080477e7   Thumb Code     8  gd32f4xx_usart.o(i.usart_data_transmit)
    usart_deinit                             0x080477f1   Thumb Code   210  gd32f4xx_usart.o(i.usart_deinit)
    usart_enable                             0x080478cd   Thumb Code    10  gd32f4xx_usart.o(i.usart_enable)
    usart_flag_get                           0x080478d7   Thumb Code    30  gd32f4xx_usart.o(i.usart_flag_get)
    usart_interrupt_disable                  0x080478f5   Thumb Code    26  gd32f4xx_usart.o(i.usart_interrupt_disable)
    usart_interrupt_enable                   0x0804790f   Thumb Code    26  gd32f4xx_usart.o(i.usart_interrupt_enable)
    usart_interrupt_flag_clear               0x08047929   Thumb Code    26  gd32f4xx_usart.o(i.usart_interrupt_flag_clear)
    usart_interrupt_flag_get                 0x08047943   Thumb Code    56  gd32f4xx_usart.o(i.usart_interrupt_flag_get)
    usart_parity_config                      0x0804797b   Thumb Code    16  gd32f4xx_usart.o(i.usart_parity_config)
    usart_receive_config                     0x0804798b   Thumb Code    16  gd32f4xx_usart.o(i.usart_receive_config)
    usart_stop_bit_set                       0x0804799b   Thumb Code    16  gd32f4xx_usart.o(i.usart_stop_bit_set)
    usart_transmit_config                    0x080479ab   Thumb Code    16  gd32f4xx_usart.o(i.usart_transmit_config)
    usart_word_length_set                    0x080479bb   Thumb Code    16  gd32f4xx_usart.o(i.usart_word_length_set)
    asc2_1206                                0x080479ca   Data        1140  tlilcd.o(.constdata)
    asc2_1608                                0x08047e3e   Data        1520  tlilcd.o(.constdata)
    asc2_2412                                0x0804842e   Data        3420  tlilcd.o(.constdata)
    s_arrJpegBackgroundImage                 0x0804918a   Data       75032  jpeg.o(.constdata)
    Region$$Table$$Base                      0x0805bccc   Number         0  anon$$obj.o(Region$$Table)
    Region$$Table$$Limit                     0x0805bcec   Number         0  anon$$obj.o(Region$$Table)
    SystemCoreClock                          0x20000044   Data           4  system_gd32f4xx.o(.data)
    __stdout                                 0x20000048   Data           4  stdout.o(.data)
    g_structTLILCDDev                        0x20000050   Data          48  tlilcd.o(.bss)
    s_arrJpegWorkBuf                         0x20000080   Data        4096  jpeg.o(.bss)
    __initial_sp                             0x20010f08   Data           0  startup_gd32f450_470.o(STACK)



==============================================================================

Memory Map of the image

  Image Entry point : 0x080401ad

  Load Region LR_IROM1 (Base: 0x08040000, Size: 0x0001bd3c, Max: 0x00070000, ABSOLUTE)

    Execution Region ER_IROM1 (Exec base: 0x08040000, Load base: 0x08040000, Size: 0x0001bcec, Max: 0x00070000, ABSOLUTE)

    Exec Addr    Load Addr    Size         Type   Attr      Idx    E Section Name        Object

    0x08040000   0x08040000   0x000001ac   Data   RO         7202    RESET               startup_gd32f450_470.o
    0x080401ac   0x080401ac   0x00000000   Code   RO         7277  * .ARM.Collect$$$$00000000  mc_w.l(entry.o)
    0x080401ac   0x080401ac   0x00000004   Code   RO         7587    .ARM.Collect$$$$00000001  mc_w.l(entry2.o)
    0x080401b0   0x080401b0   0x00000004   Code   RO         7590    .ARM.Collect$$$$00000004  mc_w.l(entry5.o)
    0x080401b4   0x080401b4   0x00000000   Code   RO         7592    .ARM.Collect$$$$00000008  mc_w.l(entry7b.o)
    0x080401b4   0x080401b4   0x00000000   Code   RO         7594    .ARM.Collect$$$$0000000A  mc_w.l(entry8b.o)
    0x080401b4   0x080401b4   0x00000008   Code   RO         7595    .ARM.Collect$$$$0000000B  mc_w.l(entry9a.o)
    0x080401bc   0x080401bc   0x00000000   Code   RO         7597    .ARM.Collect$$$$0000000D  mc_w.l(entry10a.o)
    0x080401bc   0x080401bc   0x00000000   Code   RO         7599    .ARM.Collect$$$$0000000F  mc_w.l(entry11a.o)
    0x080401bc   0x080401bc   0x00000004   Code   RO         7588    .ARM.Collect$$$$00002712  mc_w.l(entry2.o)
    0x080401c0   0x080401c0   0x00000024   Code   RO         7203    .text               startup_gd32f450_470.o
    0x080401e4   0x080401e4   0x0000014e   Code   RO         7541    .text               mf_w.l(dadd.o)
    0x08040332   0x08040332   0x000000e4   Code   RO         7543    .text               mf_w.l(dmul.o)
    0x08040416   0x08040416   0x000000de   Code   RO         7545    .text               mf_w.l(ddiv.o)
    0x080404f4   0x080404f4   0x0000001a   Code   RO         7549    .text               mf_w.l(dfltui.o)
    0x0804050e   0x0804050e   0x0000003e   Code   RO         7551    .text               mf_w.l(dfixi.o)
    0x0804054c   0x0804054c   0x00000032   Code   RO         7553    .text               mf_w.l(dfixui.o)
    0x0804057e   0x0804057e   0x00000002   PAD
    0x08040580   0x08040580   0x00000030   Code   RO         7555    .text               mf_w.l(cdcmple.o)
    0x080405b0   0x080405b0   0x00000030   Code   RO         7557    .text               mf_w.l(cdrcmple.o)
    0x080405e0   0x080405e0   0x0000002c   Code   RO         7602    .text               mc_w.l(uidiv.o)
    0x0804060c   0x0804060c   0x00000062   Code   RO         7604    .text               mc_w.l(uldiv.o)
    0x0804066e   0x0804066e   0x0000001e   Code   RO         7606    .text               mc_w.l(llshl.o)
    0x0804068c   0x0804068c   0x00000020   Code   RO         7608    .text               mc_w.l(llushr.o)
    0x080406ac   0x080406ac   0x00000024   Code   RO         7610    .text               mc_w.l(llsshr.o)
    0x080406d0   0x080406d0   0x00000000   Code   RO         7619    .text               mc_w.l(iusefp.o)
    0x080406d0   0x080406d0   0x000000ba   Code   RO         7620    .text               mf_w.l(depilogue.o)
    0x0804078a   0x0804078a   0x00000030   Code   RO         7622    .text               mf_w.l(dfixul.o)
    0x080407ba   0x080407ba   0x00000002   PAD
    0x080407bc   0x080407bc   0x00000024   Code   RO         7634    .text               mc_w.l(init.o)
    0x080407e0   0x080407e0   0x00000022   Code   RO         7636    .text               mf_w.l(dflti.o)
    0x08040802   0x08040802   0x00000012   Code   RO         1079    i.Abs               touch.o
    0x08040814   0x08040814   0x00000004   Code   RO         7128    i.BusFault_Handler  gd32f4xx_it.o
    0x08040818   0x08040818   0x0000000c   Code   RO         1131    i.Clr1SecFlag       timer.o
    0x08040824   0x08040824   0x0000000c   Code   RO         1132    i.Clr1msFlag        timer.o
    0x08040830   0x08040830   0x0000000c   Code   RO         1133    i.Clr2msFlag        timer.o
    0x0804083c   0x0804083c   0x00000098   Code   RO         1404    i.ConfigADC0        adc.o
    0x080408d4   0x080408d4   0x00000070   Code   RO         1011    i.ConfigGT1151QAddr  gt1151q.o
    0x08040944   0x08040944   0x0000007c   Code   RO         1012    i.ConfigGT1151QGPIO  gt1151q.o
    0x080409c0   0x080409c0   0x00000064   Code   RO          236    i.ConfigLEDGPIO     led.o
    0x08040a24   0x08040a24   0x0000000c   Code   RO         7041    i.ConfigNVIC        nvic.o
    0x08040a30   0x08040a30   0x0000000c   Code   RO         1346    i.ConfigRCU         rcu.o
    0x08040a3c   0x08040a3c   0x00000050   Code   RO          923    i.ConfigSCLGPIO     sht20.o
    0x08040a8c   0x08040a8c   0x00000040   Code   RO          924    i.ConfigSDAMode     sht20.o
    0x08040acc   0x08040acc   0x00000040   Code   RO         1013    i.ConfigSDAMode     gt1151q.o
    0x08040b0c   0x08040b0c   0x00000750   Code   RO         1375    i.ConfigSDRAM       sdram.o
    0x0804125c   0x0804125c   0x00000052   Code   RO         1134    i.ConfigTimer1      timer.o
    0x080412ae   0x080412ae   0x00000002   PAD
    0x080412b0   0x080412b0   0x00000050   Code   RO         1135    i.ConfigTimer4      timer.o
    0x08041300   0x08041300   0x000000c4   Code   RO         1266    i.ConfigUART        uart0.o
    0x080413c4   0x080413c4   0x00000028   Code   RO          608    i.CreateTextWidget  textwidget.o
    0x080413ec   0x080413ec   0x00000044   Code   RO         1219    i.DeQueue           queue.o
    0x08041430   0x08041430   0x00000002   Code   RO         7129    i.DebugMon_Handler  gd32f4xx_it.o
    0x08041432   0x08041432   0x00000010   Code   RO          925    i.Delay             sht20.o
    0x08041442   0x08041442   0x0000000e   Code   RO         1014    i.Delay             gt1151q.o
    0x08041450   0x08041450   0x00000024   Code   RO         7070    i.DelayNms          systick.o
    0x08041474   0x08041474   0x0000001a   Code   RO         7071    i.DelayNus          systick.o
    0x0804148e   0x0804148e   0x00000002   PAD
    0x08041490   0x08041490   0x00000024   Code   RO          640    i.DisplayBackground  guitop.o
    0x080414b4   0x080414b4   0x00000054   Code   RO          482    i.DisplayJPEGInFlash  jpeg.o
    0x08041508   0x08041508   0x00000048   Code   RO         1220    i.EnQueue           queue.o
    0x08041550   0x08041550   0x00000024   Code   RO          688    i.GUIDrawBackground  guiplatform.o
    0x08041574   0x08041574   0x0000004c   Code   RO          689    i.GUIDrawChar       guiplatform.o
    0x080415c0   0x080415c0   0x000001ae   Code   RO          691    i.GUIDrawLine       guiplatform.o
    0x0804176e   0x0804176e   0x000000b6   Code   RO          692    i.GUIDrawPoint      guiplatform.o
    0x08041824   0x08041824   0x00000058   Code   RO          693    i.GUIDrawTextLine   guiplatform.o
    0x0804187c   0x0804187c   0x00000024   Code   RO          694    i.GUIFillColor      guiplatform.o
    0x080418a0   0x080418a0   0x00000010   Code   RO          697    i.GUIReadPoint      guiplatform.o
    0x080418b0   0x080418b0   0x0000004e   Code   RO          698    i.GUISaveBackground  guiplatform.o
    0x080418fe   0x080418fe   0x00000002   Code   RO          641    i.GUITask           guitop.o
    0x08041900   0x08041900   0x0000000c   Code   RO         1136    i.Get1SecFlag       timer.o
    0x0804190c   0x0804190c   0x0000000c   Code   RO         1137    i.Get1msFlag        timer.o
    0x08041918   0x08041918   0x0000000c   Code   RO         1138    i.Get2msFlag        timer.o
    0x08041924   0x08041924   0x0000001c   Code   RO          700    i.GetFontWidth      guiplatform.o
    0x08041940   0x08041940   0x000000a0   Code   RO          847    i.GetInTemp         intemp.o
    0x080419e0   0x080419e0   0x00000028   Code   RO         1405    i.GetInTempADC      adc.o
    0x08041a08   0x08041a08   0x00000010   Code   RO          926    i.GetSDA            sht20.o
    0x08041a18   0x08041a18   0x00000018   Code   RO         1015    i.GetSDA            gt1151q.o
    0x08041a30   0x08041a30   0x000001cc   Code   RO          927    i.GetSHT20RH        sht20.o
    0x08041bfc   0x08041bfc   0x000001d8   Code   RO          928    i.GetSHT20Temp      sht20.o
    0x08041dd4   0x08041dd4   0x00000004   Code   RO         7130    i.HardFault_Handler  gd32f4xx_it.o
    0x08041dd8   0x08041dd8   0x00000036   Code   RO          772    i.IICCommonEnd      iiccommon.o
    0x08041e0e   0x08041e0e   0x00000034   Code   RO          773    i.IICCommonReadACK  iiccommon.o
    0x08041e42   0x08041e42   0x000000b2   Code   RO          775    i.IICCommonReadBytesEx  iiccommon.o
    0x08041ef4   0x08041ef4   0x00000056   Code   RO          776    i.IICCommonReadOneByte  iiccommon.o
    0x08041f4a   0x08041f4a   0x00000036   Code   RO          777    i.IICCommonSendAck  iiccommon.o
    0x08041f80   0x08041f80   0x00000036   Code   RO          778    i.IICCommonSendNAck  iiccommon.o
    0x08041fb6   0x08041fb6   0x00000062   Code   RO          779    i.IICCommonSendOneByte  iiccommon.o
    0x08042018   0x08042018   0x0000004e   Code   RO          780    i.IICCommonStart    iiccommon.o
    0x08042066   0x08042066   0x00000086   Code   RO          782    i.IICCommonWriteBytesEx  iiccommon.o
    0x080420ec   0x080420ec   0x00000008   Code   RO         1406    i.InitADC           adc.o
    0x080420f4   0x080420f4   0x00000002   Code   RO          873    i.InitBMP           bmp.o
    0x080420f6   0x080420f6   0x00000002   PAD
    0x080420f8   0x080420f8   0x000000a0   Code   RO         1016    i.InitGT1151Q       gt1151q.o
    0x08042198   0x08042198   0x00000160   Code   RO          642    i.InitGUI           guitop.o
    0x080422f8   0x080422f8   0x00000028   Code   RO            4    i.InitHardware      main.o
    0x08042320   0x08042320   0x00000002   Code   RO          848    i.InitInTemp        intemp.o
    0x08042322   0x08042322   0x00000002   Code   RO          483    i.InitJPEG          jpeg.o
    0x08042324   0x08042324   0x000005e4   Code   RO          278    i.InitLCD           tlilcd.o
    0x08042908   0x08042908   0x00000008   Code   RO          237    i.InitLED           led.o
    0x08042910   0x08042910   0x00000008   Code   RO         7042    i.InitNVIC          nvic.o
    0x08042918   0x08042918   0x00000024   Code   RO         1221    i.InitQueue         queue.o
    0x0804293c   0x0804293c   0x00000008   Code   RO         1347    i.InitRCU           rcu.o
    0x08042944   0x08042944   0x0000000a   Code   RO         1376    i.InitSDRAM         sdram.o
    0x0804294e   0x0804294e   0x00000002   PAD
    0x08042950   0x08042950   0x00000048   Code   RO          929    i.InitSHT20         sht20.o
    0x08042998   0x08042998   0x00000024   Code   RO            5    i.InitSoftware      main.o
    0x080429bc   0x080429bc   0x00000050   Code   RO         7072    i.InitSysTick       systick.o
    0x08042a0c   0x08042a0c   0x00000014   Code   RO          988    i.InitTempHumidityTop  temphumiditytop.o
    0x08042a20   0x08042a20   0x0000001e   Code   RO          609    i.InitTextWidgetStruct  textwidget.o
    0x08042a3e   0x08042a3e   0x00000018   Code   RO         1140    i.InitTimer         timer.o
    0x08042a56   0x08042a56   0x00000002   PAD
    0x08042a58   0x08042a58   0x00000050   Code   RO         1081    i.InitTouch         touch.o
    0x08042aa8   0x08042aa8   0x00000010   Code   RO         1268    i.InitUART0         uart0.o
    0x08042ab8   0x08042ab8   0x00000044   Code   RO         1269    i.InitUARTBuf       uart0.o
    0x08042afc   0x08042afc   0x0000004c   Code   RO          484    i.JpegInfunc        jpeg.o
    0x08042b48   0x08042b48   0x0000004c   Code   RO          485    i.JpegOutfunc       jpeg.o
    0x08042b94   0x08042b94   0x00000084   Code   RO          279    i.LCDClear          tlilcd.o
    0x08042c18   0x08042c18   0x00000048   Code   RO          280    i.LCDColorFill      tlilcd.o
    0x08042c60   0x08042c60   0x00000052   Code   RO          281    i.LCDColorFillPixel  tlilcd.o
    0x08042cb2   0x08042cb2   0x00000002   PAD
    0x08042cb4   0x08042cb4   0x00000028   Code   RO          282    i.LCDDisplayDir     tlilcd.o
    0x08042cdc   0x08042cdc   0x000000e4   Code   RO          286    i.LCDDrawLine       tlilcd.o
    0x08042dc0   0x08042dc0   0x0000004c   Code   RO          287    i.LCDDrawPoint      tlilcd.o
    0x08042e0c   0x08042e0c   0x00000170   Code   RO          289    i.LCDFill           tlilcd.o
    0x08042f7c   0x08042f7c   0x00000044   Code   RO          290    i.LCDFillPixel      tlilcd.o
    0x08042fc0   0x08042fc0   0x00000028   Code   RO          291    i.LCDLayerDisable   tlilcd.o
    0x08042fe8   0x08042fe8   0x00000028   Code   RO          292    i.LCDLayerEnable    tlilcd.o
    0x08043010   0x08043010   0x00000028   Code   RO          293    i.LCDLayerSwitch    tlilcd.o
    0x08043038   0x08043038   0x000001d0   Code   RO          294    i.LCDLayerWindowSet  tlilcd.o
    0x08043208   0x08043208   0x00000050   Code   RO          295    i.LCDReadPoint      tlilcd.o
    0x08043258   0x08043258   0x00000128   Code   RO          296    i.LCDShowChar       tlilcd.o
    0x08043380   0x08043380   0x0000003c   Code   RO          298    i.LCDTransparencySet  tlilcd.o
    0x080433bc   0x080433bc   0x00000064   Code   RO          239    i.LEDFlicker        led.o
    0x08043420   0x08043420   0x00000004   Code   RO         7131    i.MemManage_Handler  gd32f4xx_it.o
    0x08043424   0x08043424   0x00000002   Code   RO         7132    i.NMI_Handler       gd32f4xx_it.o
    0x08043426   0x08043426   0x00000002   Code   RO         7133    i.PendSV_Handler    gd32f4xx_it.o
    0x08043428   0x08043428   0x00000012   Code   RO            6    i.Proc1SecTask      main.o
    0x0804343a   0x0804343a   0x00000002   PAD
    0x0804343c   0x0804343c   0x00000030   Code   RO            7    i.Proc1msTask       main.o
    0x0804346c   0x0804346c   0x00000014   Code   RO            8    i.Proc2msTask       main.o
    0x08043480   0x08043480   0x0000000e   Code   RO         1222    i.QueueEmpty        queue.o
    0x0804348e   0x0804348e   0x0000001a   Code   RO          303    i.RGB565ToRGB888A   tlilcd.o
    0x080434a8   0x080434a8   0x0000001c   Code   RO         1270    i.ReadSendBuf       uart0.o
    0x080434c4   0x080434c4   0x00000002   Code   RO         7134    i.SVC_Handler       gd32f4xx_it.o
    0x080434c6   0x080434c6   0x00000002   PAD
    0x080434c8   0x080434c8   0x00000118   Code   RO         1017    i.ScanGT1151Q       gt1151q.o
    0x080435e0   0x080435e0   0x0000021c   Code   RO         1082    i.ScanTouch         touch.o
    0x080437fc   0x080437fc   0x00000014   Code   RO          930    i.SetSCL            sht20.o
    0x08043810   0x08043810   0x00000020   Code   RO         1018    i.SetSCL            gt1151q.o
    0x08043830   0x08043830   0x00000014   Code   RO          931    i.SetSDA            sht20.o
    0x08043844   0x08043844   0x00000020   Code   RO         1019    i.SetSDA            gt1151q.o
    0x08043864   0x08043864   0x00000046   Code   RO          610    i.SetText           textwidget.o
    0x080438aa   0x080438aa   0x00000008   Code   RO         7073    i.SysTick_Handler   systick.o
    0x080438b2   0x080438b2   0x00000002   PAD
    0x080438b4   0x080438b4   0x000000c8   Code   RO         7211    i.SystemInit        system_gd32f4xx.o
    0x0804397c   0x0804397c   0x0000005c   Code   RO         1141    i.TIMER1_IRQHandler  timer.o
    0x080439d8   0x080439d8   0x00000048   Code   RO         1142    i.TIMER4_IRQHandler  timer.o
    0x08043a20   0x08043a20   0x000000b8   Code   RO          989    i.TempHumidityTopTask  temphumiditytop.o
    0x08043ad8   0x08043ad8   0x00000018   Code   RO         7074    i.TimDelayDec       systick.o
    0x08043af0   0x08043af0   0x000000b4   Code   RO         1272    i.USART0_IRQHandler  uart0.o
    0x08043ba4   0x08043ba4   0x000001f4   Code   RO          643    i.UpdataExTempShow  guitop.o
    0x08043d98   0x08043d98   0x000001f4   Code   RO          644    i.UpdataInTempShow  guitop.o
    0x08043f8c   0x08043f8c   0x000001fc   Code   RO          645    i.UpdateExHumidityShow  guitop.o
    0x08044188   0x08044188   0x00000004   Code   RO         7135    i.UsageFault_Handler  gd32f4xx_it.o
    0x0804418c   0x0804418c   0x00000018   Code   RO         1273    i.WriteReceiveBuf   uart0.o
    0x080441a4   0x080441a4   0x00000020   Code   RO         7513    i.__0printf         mc_w.l(printfa.o)
    0x080441c4   0x080441c4   0x00000028   Code   RO         7515    i.__0sprintf        mc_w.l(printfa.o)
    0x080441ec   0x080441ec   0x00000030   Code   RO         7630    i.__ARM_fpclassify  m_wm.l(fpclassify.o)
    0x0804421c   0x0804421c   0x00000028   Code   RO         7075    i.__NVIC_SetPriority  systick.o
    0x08044244   0x08044244   0x00000004   PAD
    0x08044248   0x08044248   0x000000c8   Code   RO         7253    i.__hardfp_cos      m_wm.l(cos.o)
    0x08044310   0x08044310   0x000000c8   Code   RO         7265    i.__hardfp_sin      m_wm.l(sin.o)
    0x080443d8   0x080443d8   0x00000438   Code   RO         7576    i.__ieee754_rem_pio2  m_wm.l(rred.o)
    0x08044810   0x08044810   0x00000170   Code   RO         7559    i.__kernel_cos      m_wm.l(cos_i.o)
    0x08044980   0x08044980   0x000000f8   Code   RO         7632    i.__kernel_poly     m_wm.l(poly.o)
    0x08044a78   0x08044a78   0x00000130   Code   RO         7581    i.__kernel_sin      m_wm.l(sin_i.o)
    0x08044ba8   0x08044ba8   0x00000014   Code   RO         7563    i.__mathlib_dbl_infnan  m_wm.l(dunder.o)
    0x08044bbc   0x08044bbc   0x00000004   PAD
    0x08044bc0   0x08044bc0   0x00000020   Code   RO         7565    i.__mathlib_dbl_invalid  m_wm.l(dunder.o)
    0x08044be0   0x08044be0   0x00000020   Code   RO         7568    i.__mathlib_dbl_underflow  m_wm.l(dunder.o)
    0x08044c00   0x08044c00   0x0000000e   Code   RO         7640    i.__scatterload_copy  mc_w.l(handlers.o)
    0x08044c0e   0x08044c0e   0x00000002   Code   RO         7641    i.__scatterload_null  mc_w.l(handlers.o)
    0x08044c10   0x08044c10   0x0000000e   Code   RO         7642    i.__scatterload_zeroinit  mc_w.l(handlers.o)
    0x08044c1e   0x08044c1e   0x00000002   PAD
    0x08044c20   0x08044c20   0x0000000c   Code   RO         7614    i.__set_errno       mc_w.l(errno.o)
    0x08044c2c   0x08044c2c   0x00000184   Code   RO         7520    i._fp_digits        mc_w.l(printfa.o)
    0x08044db0   0x08044db0   0x000006dc   Code   RO         7521    i._printf_core      mc_w.l(printfa.o)
    0x0804548c   0x0804548c   0x00000024   Code   RO         7522    i._printf_post_padding  mc_w.l(printfa.o)
    0x080454b0   0x080454b0   0x0000002e   Code   RO         7523    i._printf_pre_padding  mc_w.l(printfa.o)
    0x080454de   0x080454de   0x0000000a   Code   RO         7525    i._sputc            mc_w.l(printfa.o)
    0x080454e8   0x080454e8   0x0000002a   Code   RO         1439    i.adc_calibration_enable  gd32f4xx_adc.o
    0x08045512   0x08045512   0x00000002   PAD
    0x08045514   0x08045514   0x00000060   Code   RO         1440    i.adc_channel_16_to_18  gd32f4xx_adc.o
    0x08045574   0x08045574   0x00000052   Code   RO         1441    i.adc_channel_length_config  gd32f4xx_adc.o
    0x080455c6   0x080455c6   0x00000002   PAD
    0x080455c8   0x080455c8   0x00000024   Code   RO         1442    i.adc_clock_config  gd32f4xx_adc.o
    0x080455ec   0x080455ec   0x00000016   Code   RO         1443    i.adc_data_alignment_config  gd32f4xx_adc.o
    0x08045602   0x08045602   0x00000014   Code   RO         1444    i.adc_deinit        gd32f4xx_adc.o
    0x08045616   0x08045616   0x0000000a   Code   RO         1447    i.adc_dma_mode_disable  gd32f4xx_adc.o
    0x08045620   0x08045620   0x00000012   Code   RO         1451    i.adc_enable        gd32f4xx_adc.o
    0x08045632   0x08045632   0x0000000e   Code   RO         1456    i.adc_flag_get      gd32f4xx_adc.o
    0x08045640   0x08045640   0x0000003a   Code   RO         1465    i.adc_oversample_mode_config  gd32f4xx_adc.o
    0x0804567a   0x0804567a   0x0000000e   Code   RO         1467    i.adc_oversample_mode_enable  gd32f4xx_adc.o
    0x08045688   0x08045688   0x000000ac   Code   RO         1468    i.adc_regular_channel_config  gd32f4xx_adc.o
    0x08045734   0x08045734   0x00000008   Code   RO         1469    i.adc_regular_data_read  gd32f4xx_adc.o
    0x0804573c   0x0804573c   0x00000010   Code   RO         1471    i.adc_resolution_config  gd32f4xx_adc.o
    0x0804574c   0x0804574c   0x00000024   Code   RO         1472    i.adc_software_trigger_enable  gd32f4xx_adc.o
    0x08045770   0x08045770   0x0000005a   Code   RO         1473    i.adc_special_function_config  gd32f4xx_adc.o
    0x080457ca   0x080457ca   0x00000002   PAD
    0x080457cc   0x080457cc   0x00000024   Code   RO         1478    i.adc_sync_mode_config  gd32f4xx_adc.o
    0x080457f0   0x080457f0   0x0000001e   Code   RO          543    i.alloc_pool        tjpgd.o
    0x0804580e   0x0804580e   0x00000090   Code   RO          544    i.bitext            tjpgd.o
    0x0804589e   0x0804589e   0x00000002   PAD
    0x080458a0   0x080458a0   0x000002a8   Code   RO          545    i.block_idct        tjpgd.o
    0x08045b48   0x08045b48   0x00000134   Code   RO          546    i.create_huffman_tbl  tjpgd.o
    0x08045c7c   0x08045c7c   0x00000074   Code   RO          547    i.create_qt_tbl     tjpgd.o
    0x08045cf0   0x08045cf0   0x00000034   Code   RO         3286    i.exmc_flag_get     gd32f4xx_exmc.o
    0x08045d24   0x08045d24   0x0000001c   Code   RO         3311    i.exmc_sdram_command_config  gd32f4xx_exmc.o
    0x08045d40   0x08045d40   0x00000118   Code   RO         3313    i.exmc_sdram_init   gd32f4xx_exmc.o
    0x08045e58   0x08045e58   0x00000024   Code   RO         3316    i.exmc_sdram_refresh_count_set  gd32f4xx_exmc.o
    0x08045e7c   0x08045e7c   0x00000018   Code   RO         7626    i.fabs              m_wm.l(fabs.o)
    0x08045e94   0x08045e94   0x00000024   Code   RO         1275    i.fputc             uart0.o
    0x08045eb8   0x08045eb8   0x0000005e   Code   RO         3962    i.gpio_af_set       gd32f4xx_gpio.o
    0x08045f16   0x08045f16   0x00000004   Code   RO         3963    i.gpio_bit_reset    gd32f4xx_gpio.o
    0x08045f1a   0x08045f1a   0x00000004   Code   RO         3964    i.gpio_bit_set      gd32f4xx_gpio.o
    0x08045f1e   0x08045f1e   0x0000000a   Code   RO         3966    i.gpio_bit_write    gd32f4xx_gpio.o
    0x08045f28   0x08045f28   0x00000010   Code   RO         3968    i.gpio_input_bit_get  gd32f4xx_gpio.o
    0x08045f38   0x08045f38   0x0000004e   Code   RO         3970    i.gpio_mode_set     gd32f4xx_gpio.o
    0x08045f86   0x08045f86   0x00000042   Code   RO         3972    i.gpio_output_options_set  gd32f4xx_gpio.o
    0x08045fc8   0x08045fc8   0x000000c0   Code   RO          548    i.huffext           tjpgd.o
    0x08046088   0x08046088   0x00000014   Code   RO         4320    i.ipa_deinit        gd32f4xx_ipa.o
    0x0804609c   0x0804609c   0x0000013c   Code   RO         4321    i.ipa_destination_init  gd32f4xx_ipa.o
    0x080461d8   0x080461d8   0x00000016   Code   RO         4322    i.ipa_destination_struct_para_init  gd32f4xx_ipa.o
    0x080461ee   0x080461ee   0x00000002   PAD
    0x080461f0   0x080461f0   0x00000010   Code   RO         4332    i.ipa_interrupt_flag_clear  gd32f4xx_ipa.o
    0x08046200   0x08046200   0x00000018   Code   RO         4333    i.ipa_interrupt_flag_get  gd32f4xx_ipa.o
    0x08046218   0x08046218   0x0000001c   Code   RO         4336    i.ipa_pixel_format_convert_mode_set  gd32f4xx_ipa.o
    0x08046234   0x08046234   0x00000014   Code   RO         4337    i.ipa_transfer_enable  gd32f4xx_ipa.o
    0x08046248   0x08046248   0x000000a2   Code   RO          549    i.jd_decomp         tjpgd.o
    0x080462ea   0x080462ea   0x0000039c   Code   RO          550    i.jd_prepare        tjpgd.o
    0x08046686   0x08046686   0x00000022   Code   RO            9    i.main              main.o
    0x080466a8   0x080466a8   0x000001e4   Code   RO          551    i.mcu_load          tjpgd.o
    0x0804688c   0x0804688c   0x00000394   Code   RO          552    i.mcu_output        tjpgd.o
    0x08046c20   0x08046c20   0x000000c4   Code   RO         4551    i.nvic_irq_enable   gd32f4xx_misc.o
    0x08046ce4   0x08046ce4   0x00000014   Code   RO         4552    i.nvic_priority_group_set  gd32f4xx_misc.o
    0x08046cf8   0x08046cf8   0x00000018   Code   RO         4553    i.nvic_vector_table_set  gd32f4xx_misc.o
    0x08046d10   0x08046d10   0x00000124   Code   RO         4764    i.rcu_clock_freq_get  gd32f4xx_rcu.o
    0x08046e34   0x08046e34   0x00000024   Code   RO         4767    i.rcu_flag_get      gd32f4xx_rcu.o
    0x08046e58   0x08046e58   0x00000024   Code   RO         4780    i.rcu_osci_on       gd32f4xx_rcu.o
    0x08046e7c   0x08046e7c   0x0000015c   Code   RO         4781    i.rcu_osci_stab_wait  gd32f4xx_rcu.o
    0x08046fd8   0x08046fd8   0x00000024   Code   RO         4783    i.rcu_periph_clock_enable  gd32f4xx_rcu.o
    0x08046ffc   0x08046ffc   0x00000024   Code   RO         4786    i.rcu_periph_reset_disable  gd32f4xx_rcu.o
    0x08047020   0x08047020   0x00000024   Code   RO         4787    i.rcu_periph_reset_enable  gd32f4xx_rcu.o
    0x08047044   0x08047044   0x00000048   Code   RO         4791    i.rcu_pllsai_config  gd32f4xx_rcu.o
    0x0804708c   0x0804708c   0x00000024   Code   RO         4799    i.rcu_timer_clock_prescaler_config  gd32f4xx_rcu.o
    0x080470b0   0x080470b0   0x00000018   Code   RO         4800    i.rcu_tli_clock_div_config  gd32f4xx_rcu.o
    0x080470c8   0x080470c8   0x00000070   Code   RO          553    i.restart           tjpgd.o
    0x08047138   0x08047138   0x000000fc   Code   RO         7212    i.system_clock_240m_25m_hxtal  system_gd32f4xx.o
    0x08047234   0x08047234   0x00000008   Code   RO         7213    i.system_clock_config  system_gd32f4xx.o
    0x0804723c   0x0804723c   0x00000184   Code   RO         5969    i.timer_deinit      gd32f4xx_timer.o
    0x080473c0   0x080473c0   0x0000000a   Code   RO         5974    i.timer_enable      gd32f4xx_timer.o
    0x080473ca   0x080473ca   0x00000002   PAD
    0x080473cc   0x080473cc   0x00000098   Code   RO         5984    i.timer_init        gd32f4xx_timer.o
    0x08047464   0x08047464   0x00000008   Code   RO         5991    i.timer_interrupt_enable  gd32f4xx_timer.o
    0x0804746c   0x0804746c   0x00000006   Code   RO         5992    i.timer_interrupt_flag_clear  gd32f4xx_timer.o
    0x08047472   0x08047472   0x00000018   Code   RO         5993    i.timer_interrupt_flag_get  gd32f4xx_timer.o
    0x0804748a   0x0804748a   0x00000016   Code   RO         6004    i.timer_struct_para_init  gd32f4xx_timer.o
    0x080474a0   0x080474a0   0x0000000e   Code   RO         6387    i.tli_color_key_disable  gd32f4xx_tli.o
    0x080474ae   0x080474ae   0x00000014   Code   RO         6391    i.tli_deinit        gd32f4xx_tli.o
    0x080474c2   0x080474c2   0x00000002   PAD
    0x080474c4   0x080474c4   0x00000024   Code   RO         6393    i.tli_dither_config  gd32f4xx_tli.o
    0x080474e8   0x080474e8   0x00000014   Code   RO         6394    i.tli_enable        gd32f4xx_tli.o
    0x080474fc   0x080474fc   0x000000bc   Code   RO         6396    i.tli_init          gd32f4xx_tli.o
    0x080475b8   0x080475b8   0x0000000e   Code   RO         6401    i.tli_layer_disable  gd32f4xx_tli.o
    0x080475c6   0x080475c6   0x0000000e   Code   RO         6402    i.tli_layer_enable  gd32f4xx_tli.o
    0x080475d4   0x080475d4   0x00000098   Code   RO         6403    i.tli_layer_init    gd32f4xx_tli.o
    0x0804766c   0x0804766c   0x00000030   Code   RO         6404    i.tli_layer_struct_para_init  gd32f4xx_tli.o
    0x0804769c   0x0804769c   0x0000000e   Code   RO         6407    i.tli_lut_disable   gd32f4xx_tli.o
    0x080476aa   0x080476aa   0x00000002   PAD
    0x080476ac   0x080476ac   0x00000024   Code   RO         6411    i.tli_reload_config  gd32f4xx_tli.o
    0x080476d0   0x080476d0   0x00000022   Code   RO         6412    i.tli_struct_para_init  gd32f4xx_tli.o
    0x080476f2   0x080476f2   0x00000002   PAD
    0x080476f4   0x080476f4   0x000000e8   Code   RO         6634    i.usart_baudrate_set  gd32f4xx_usart.o
    0x080477dc   0x080477dc   0x0000000a   Code   RO         6638    i.usart_data_receive  gd32f4xx_usart.o
    0x080477e6   0x080477e6   0x00000008   Code   RO         6639    i.usart_data_transmit  gd32f4xx_usart.o
    0x080477ee   0x080477ee   0x00000002   PAD
    0x080477f0   0x080477f0   0x000000dc   Code   RO         6640    i.usart_deinit      gd32f4xx_usart.o
    0x080478cc   0x080478cc   0x0000000a   Code   RO         6644    i.usart_enable      gd32f4xx_usart.o
    0x080478d6   0x080478d6   0x0000001e   Code   RO         6646    i.usart_flag_get    gd32f4xx_usart.o
    0x080478f4   0x080478f4   0x0000001a   Code   RO         6653    i.usart_interrupt_disable  gd32f4xx_usart.o
    0x0804790e   0x0804790e   0x0000001a   Code   RO         6654    i.usart_interrupt_enable  gd32f4xx_usart.o
    0x08047928   0x08047928   0x0000001a   Code   RO         6655    i.usart_interrupt_flag_clear  gd32f4xx_usart.o
    0x08047942   0x08047942   0x00000038   Code   RO         6656    i.usart_interrupt_flag_get  gd32f4xx_usart.o
    0x0804797a   0x0804797a   0x00000010   Code   RO         6669    i.usart_parity_config  gd32f4xx_usart.o
    0x0804798a   0x0804798a   0x00000010   Code   RO         6671    i.usart_receive_config  gd32f4xx_usart.o
    0x0804799a   0x0804799a   0x00000010   Code   RO         6682    i.usart_stop_bit_set  gd32f4xx_usart.o
    0x080479aa   0x080479aa   0x00000010   Code   RO         6686    i.usart_transmit_config  gd32f4xx_usart.o
    0x080479ba   0x080479ba   0x00000010   Code   RO         6687    i.usart_word_length_set  gd32f4xx_usart.o
    0x080479ca   0x080479ca   0x000017c0   Data   RO          310    .constdata          tlilcd.o
    0x0804918a   0x0804918a   0x00012518   Data   RO          487    .constdata          jpeg.o
    0x0805b6a2   0x0805b6a2   0x000004c0   Data   RO          554    .constdata          tjpgd.o
    0x0805bb62   0x0805bb62   0x00000006   PAD
    0x0805bb68   0x0805bb68   0x00000030   Data   RO         7560    .constdata          m_wm.l(cos_i.o)
    0x0805bb98   0x0805bb98   0x000000c8   Data   RO         7578    .constdata          m_wm.l(rred.o)
    0x0805bc60   0x0805bc60   0x00000028   Data   RO         7582    .constdata          m_wm.l(sin_i.o)
    0x0805bc88   0x0805bc88   0x00000043   Data   RO          488    .conststring        jpeg.o
    0x0805bccb   0x0805bccb   0x00000001   PAD
    0x0805bccc   0x0805bccc   0x00000020   Data   RO         7638    Region$$Table       anon$$obj.o


    Execution Region RW_IRAM1 (Exec base: 0x20000000, Load base: 0x0805bcec, Size: 0x00010f08, Max: 0x00070000, ABSOLUTE)

    Exec Addr    Load Addr    Size         Type   Attr      Idx    E Section Name        Object

    0x20000000   0x0805bcec   0x00000001   Data   RW           10    .data               main.o
    0x20000001   0x0805bced   0x00000003   PAD
    0x20000004   0x0805bcf0   0x00000008   Data   RW          240    .data               led.o
    0x2000000c   0x0805bcf8   0x0000000c   Data   RW          647    .data               guitop.o
    0x20000018   0x0805bd04   0x0000000a   Data   RW         1021    .data               gt1151q.o
    0x20000022   0x0805bd0e   0x00000006   PAD
    0x20000028   0x0805bd14   0x00000014   Data   RW         1143    .data               timer.o
    0x2000003c   0x0805bd28   0x00000001   Data   RW         1277    .data               uart0.o
    0x2000003d   0x0805bd29   0x00000003   PAD
    0x20000040   0x0805bd2c   0x00000004   Data   RW         7076    .data               systick.o
    0x20000044   0x0805bd30   0x00000004   Data   RW         7214    .data               system_gd32f4xx.o
    0x20000048   0x0805bd34   0x00000004   Data   RW         7601    .data               mc_w.l(stdout.o)
    0x2000004c   0x0805bd38   0x00000004   Data   RW         7615    .data               mc_w.l(errno.o)
    0x20000050        -       0x00000030   Zero   RW          309    .bss                tlilcd.o
    0x20000080        -       0x00001000   Zero   RW          486    .bss                jpeg.o
    0x20001080        -       0x000079e8   Zero   RW          646    .bss                guitop.o
    0x20008a68        -       0x00000018   Zero   RW          932    .bss                sht20.o
    0x20008a80        -       0x00000010   Zero   RW          990    .bss                temphumiditytop.o
    0x20008a90        -       0x00000018   Zero   RW         1020    .bss                gt1151q.o
    0x20008aa8        -       0x00000048   Zero   RW         1086    .bss                touch.o
    0x20008af0        -       0x00000418   Zero   RW         1276    .bss                uart0.o
    0x20008f08        -       0x00008000   Zero   RW         7200    STACK               startup_gd32f450_470.o



  Load Region LR$$.ARM.__AT_0xD0000000 (Base: 0xd0000000, Size: 0x00000000, Max: 0x000bbbc0, ABSOLUTE)

    Execution Region ER$$.ARM.__AT_0xD0000000 (Exec base: 0xd0000000, Load base: 0xd0000000, Size: 0x000bbbc0, Max: 0x000bbbc0, ABSOLUTE, UNINIT)

    Exec Addr    Load Addr    Size         Type   Attr      Idx    E Section Name        Object

    0xd0000000        -       0x000bbbc0   Zero   RW          307    .ARM.__AT_0xD0000000  tlilcd.o



  Load Region LR$$.ARM.__AT_0xD00BBBC0 (Base: 0xd00bbbc0, Size: 0x00000000, Max: 0x000bbbc0, ABSOLUTE)

    Execution Region ER$$.ARM.__AT_0xD00BBBC0 (Exec base: 0xd00bbbc0, Load base: 0xd00bbbc0, Size: 0x000bbbc0, Max: 0x000bbbc0, ABSOLUTE, UNINIT)

    Exec Addr    Load Addr    Size         Type   Attr      Idx    E Section Name        Object

    0xd00bbbc0        -       0x000bbbc0   Zero   RW          308    .ARM.__AT_0xD00BBBC0  tlilcd.o


==============================================================================

Image component sizes


      Code (inc. data)   RO Data    RW Data    ZI Data      Debug   Object Name

       200          8          0          0          0       1505   adc.o
         2          0          0          0          0        450   bmp.o
       770         26          0          0          0      10305   gd32f4xx_adc.o
       396         26          0          0          0       5433   gd32f4xx_exmc.o
       272          0          0          0          0       4674   gd32f4xx_gpio.o
       446         32          0          0          0       4389   gd32f4xx_ipa.o
        24          0          0          0          0       3832   gd32f4xx_it.o
       240         28          0          0          0       1976   gd32f4xx_misc.o
       952         68          0          0          0       7204   gd32f4xx_rcu.o
       610         44          0          0          0       4641   gd32f4xx_timer.o
       590         20          0          0          0       6839   gd32f4xx_tli.o
       724         18          0          0          0       9420   gd32f4xx_usart.o
       842        124          0         10         24       5588   gt1151q.o
       970          0          0          0          0       8842   guiplatform.o
      1898        248          0         12      31208       6064   guitop.o
       788          0          0          0          0       7111   iiccommon.o
       162         40          0          0          0       1093   intemp.o
       238         16      75099          0       4096       5976   jpeg.o
       208         26          0          8          0       1547   led.o
       196          6          0          1          0     103762   main.o
        20          0          0          0          0        919   nvic.o
       190          0          0          0          0       3245   queue.o
        20          0          0          0          0        906   rcu.o
      1882         38          0          0          0       2052   sdram.o
      1220        496          0          0         24       5208   sht20.o
        36          8        428          0      32768        844   startup_gd32f450_470.o
       460         28          0          4          0       2591   system_gd32f4xx.o
       214         24          0          4          0      33841   systick.o
       204         66          0          0         16       1480   temphumiditytop.o
       140          4          0          0          0       4086   textwidget.o
       422         64          0         20          0       5988   timer.o
      4068         54       1216          0          0      14621   tjpgd.o
      3620        148       6080          0    1537968      17224   tlilcd.o
       638         14          0          0         72       2296   touch.o
       548         70          0          1       1048      34883   uart0.o

    ----------------------------------------------------------------------
     24252       1748      82862         72    1607224     330835   Object Totals
         0          0         32          0          0          0   (incl. Generated)
        42          4          7         12          0          0   (incl. Padding)

    ----------------------------------------------------------------------

      Code (inc. data)   RO Data    RW Data    ZI Data      Debug   Library Member Name

       200         20          0          0          0        164   cos.o
       368         46         48          0          0        200   cos_i.o
        84         16          0          0          0        372   dunder.o
        24          0          0          0          0        124   fabs.o
        48          0          0          0          0        124   fpclassify.o
       248          0          0          0          0        152   poly.o
      1080        142        200          0          0        188   rred.o
       200         20          0          0          0        164   sin.o
       304         24         40          0          0        208   sin_i.o
         0          0          0          0          0          0   entry.o
         0          0          0          0          0          0   entry10a.o
         0          0          0          0          0          0   entry11a.o
         8          4          0          0          0          0   entry2.o
         4          0          0          0          0          0   entry5.o
         0          0          0          0          0          0   entry7b.o
         0          0          0          0          0          0   entry8b.o
         8          4          0          0          0          0   entry9a.o
        12          6          0          4          0         68   errno.o
        30          0          0          0          0          0   handlers.o
        36          8          0          0          0         68   init.o
         0          0          0          0          0          0   iusefp.o
        30          0          0          0          0         68   llshl.o
        36          0          0          0          0         68   llsshr.o
        32          0          0          0          0         68   llushr.o
      2308         96          0          0          0        604   printfa.o
         0          0          0          4          0          0   stdout.o
        44          0          0          0          0         80   uidiv.o
        98          0          0          0          0         92   uldiv.o
        48          0          0          0          0         68   cdcmple.o
        48          0          0          0          0         68   cdrcmple.o
       334          0          0          0          0        148   dadd.o
       222          0          0          0          0        100   ddiv.o
       186          0          0          0          0        176   depilogue.o
        62          0          0          0          0         80   dfixi.o
        50          0          0          0          0         76   dfixui.o
        48          0          0          0          0         68   dfixul.o
        34          0          0          0          0         76   dflti.o
        26          0          0          0          0         76   dfltui.o
       228          0          0          0          0         96   dmul.o

    ----------------------------------------------------------------------
      6498        386        288          8          0       3844   Library Totals
        10          0          0          0          0          0   (incl. Padding)

    ----------------------------------------------------------------------

      Code (inc. data)   RO Data    RW Data    ZI Data      Debug   Library Name

      2556        268        288          0          0       1696   m_wm.l
      2646        118          0          8          0       1116   mc_w.l
      1286          0          0          0          0       1032   mf_w.l

    ----------------------------------------------------------------------
      6498        386        288          8          0       3844   Library Totals

    ----------------------------------------------------------------------

==============================================================================


      Code (inc. data)   RO Data    RW Data    ZI Data      Debug   

     30750       2134      83150         80    1607224     310939   Grand Totals
     30750       2134      83150         80    1607224     310939   ELF Image Totals
     30750       2134      83150         80          0          0   ROM Totals

==============================================================================

    Total RO  Size (Code + RO Data)               113900 ( 111.23kB)
    Total RW  Size (RW Data + ZI Data)           1607304 (1569.63kB)
    Total ROM Size (Code + RO Data + RW Data)     113980 ( 111.31kB)

==============================================================================

