<html>
<body>
<pre>
<h1>µVision Build Log</h1>
<h2>Tool Versions:</h2>
IDE-Version: ¦ÌVision V5.30.0.0
Copyright (C) 2020 ARM Ltd and ARM Germany GmbH. All rights reserved.
License Information: 1 1, 11, LIC=YA39H-WDMM5-Y8UFK-ZZ52R-11VV8-BAPFY
 
Tool Versions:
Toolchain:       MDK-ARM Plus  Version: 5.30.0.0
Toolchain Path:  D:\Program Files (x86)\ARM\ARMCC\Bin
C Compiler:      Armcc.exe V5.06 update 6 (build 750)
Assembler:       Armasm.exe V5.06 update 6 (build 750)
Linker/Locator:  ArmLink.exe V5.06 update 6 (build 750)
Library Manager: ArmAr.exe V5.06 update 6 (build 750)
Hex Converter:   FromElf.exe V5.06 update 6 (build 750)
CPU DLL:         SARMCM3.DLL V5.30.0.0
Dialog DLL:      DCM.DLL V1.17.3.0
Target DLL:      CMSIS_AGDI.dll V1.32.5.0
Dialog DLL:      TCM.DLL V1.42.0.0
 
<h2>Project:</h2>
C:\Users\25404\Desktop\04.Àý³Ì×ÊÁÏ\16.IAP_App\Project\GD32KeilPrj.uvprojx
Project File Date:  08/16/2022

<h2>Output:</h2>
*** Using Compiler 'V5.06 update 6 (build 750)', folder: 'D:\Program Files (x86)\ARM\ARMCC\Bin'
Rebuild target 'Target 1'
compiling InTemp.c...
compiling TextWidget.c...
compiling TempHumidityTop.c...
compiling IICCommon.c...
compiling GUIPlatform.c...
compiling GUITop.c...
compiling tjpgd.c...
compiling Touch.c...
compiling Queue.c...
compiling BMP.c...
compiling SHT20.c...
compiling JPEG.c...
compiling LED.c...
compiling Main.c...
compiling GT1151Q.c...
compiling Timer.c...
compiling TLILCD.c...
compiling UART0.c...
compiling ADC.c...
compiling RCU.c...
compiling gd32f4xx_adc.c...
compiling SDRAM.c...
compiling gd32f4xx_can.c...
compiling gd32f4xx_dci.c...
compiling gd32f4xx_ctc.c...
compiling gd32f4xx_crc.c...
compiling gd32f4xx_dbg.c...
compiling gd32f4xx_dac.c...
compiling gd32f4xx_dma.c...
compiling gd32f4xx_exmc.c...
compiling gd32f4xx_enet.c...
compiling gd32f4xx_exti.c...
compiling gd32f4xx_gpio.c...
compiling gd32f4xx_fwdgt.c...
compiling gd32f4xx_fmc.c...
compiling gd32f4xx_i2c.c...
compiling gd32f4xx_ipa.c...
compiling gd32f4xx_iref.c...
compiling gd32f4xx_misc.c...
compiling gd32f4xx_pmu.c...
compiling gd32f4xx_rcu.c...
compiling gd32f4xx_rtc.c...
compiling gd32f4xx_sdio.c...
compiling gd32f4xx_syscfg.c...
compiling gd32f4xx_spi.c...
assembling startup_gd32f450_470.s...
compiling gd32f4xx_trng.c...
compiling gd32f4xx_tli.c...
compiling gd32f4xx_timer.c...
compiling gd32f4xx_wwdgt.c...
compiling NVIC.c...
compiling gd32f4xx_usart.c...
compiling SysTick.c...
compiling gd32f4xx_it.c...
compiling system_gd32f4xx.c...
linking...
Program Size: Code=30750 RO-data=83150 RW-data=80 ZI-data=1607224  
FromELF: creating hex file...
After Build - User command #1: D:\GD32\keil5\ARM\ARMCC\bin\fromelf.exe --bin -o ../Bin/App.bin ../project/Objects/GD32KeilPrj.axf
*** Error: CreateProcess failed, Command: 'D:\GD32\keil5\ARM\ARMCC\bin\fromelf.exe --bin -o ../Bin/App.bin ../project/Objects/GD32KeilPrj.axf'
".\Objects\GD32KeilPrj.axf" - 1 Error(s), 0 Warning(s).

<h2>Software Packages used:</h2>

Package Vendor: ARM
                http://www.keil.com/pack/ARM.CMSIS.5.7.0.pack
                ARM.CMSIS.5.7.0
                CMSIS (Cortex Microcontroller Software Interface Standard)
   * Component: CORE Version: 5.4.0

Package Vendor: GigaDevice
                http://gd32mcu.com/data/documents/pack/GigaDevice.GD32F4xx_DFP.3.0.0.pack
                GigaDevice.GD32F4xx_DFP.3.0.0
                GigaDevice GD32F4xx Series Device Support and Examples

<h2>Collection of Component include folders:</h2>
  .\RTE\_Target_1
  D:\Program Files (x86)\ARM\PACK\ARM\CMSIS\5.7.0\CMSIS\Core\Include
  D:\Program Files (x86)\ARM\PACK\GigaDevice\GD32F4xx_DFP\3.0.0\Device\F4XX\Include

<h2>Collection of Component Files used:</h2>

   * Component: ARM::CMSIS:CORE:5.4.0
Target not created.
Build Time Elapsed:  00:00:06
</pre>
</body>
</html>
