Component: ARM Compiler 5.06 update 6 (build 750) Tool: armlink [4d35ed]

==============================================================================

Section Cross References

    main.o(i.InitHardware) refers to system_gd32f4xx.o(i.SystemInit) for SystemInit
    main.o(i.InitHardware) refers to rcu.o(i.InitRCU) for InitRCU
    main.o(i.InitHardware) refers to nvic.o(i.InitNVIC) for InitNVIC
    main.o(i.InitHardware) refers to uart0.o(i.InitUART0) for InitUART0
    main.o(i.InitHardware) refers to timer.o(i.InitTimer) for InitTimer
    main.o(i.InitHardware) refers to systick.o(i.InitSysTick) for InitSysTick
    main.o(i.InitHardware) refers to led.o(i.InitLED) for InitLED
    main.o(i.InitHardware) refers to keyone.o(i.InitKeyOne) for InitKeyOne
    main.o(i.InitHardware) refers to prockeyone.o(i.InitProcKeyOne) for InitProcKeyOne
    main.o(i.InitSoftware) refers to gd25qxx.o(i.InitGD25QXX) for InitGD25QXX
    main.o(i.Proc1SecTask) refers to timer.o(i.Get1SecFlag) for Get1SecFlag
    main.o(i.Proc1SecTask) refers to timer.o(i.Clr1SecFlag) for Clr1SecFlag
    main.o(i.Proc2msTask) refers to timer.o(i.Get2msFlag) for Get2msFlag
    main.o(i.Proc2msTask) refers to led.o(i.LEDFlicker) for LEDFlicker
    main.o(i.Proc2msTask) refers to keyone.o(i.ScanKeyOne) for ScanKeyOne
    main.o(i.Proc2msTask) refers to timer.o(i.Clr2msFlag) for Clr2msFlag
    main.o(i.Proc2msTask) refers to main.o(.data) for s_iCnt5
    main.o(i.Proc2msTask) refers to prockeyone.o(i.ProcKeyDownKey1) for ProcKeyDownKey1
    main.o(i.Proc2msTask) refers to prockeyone.o(i.ProcKeyUpKey1) for ProcKeyUpKey1
    main.o(i.Proc2msTask) refers to prockeyone.o(i.ProcKeyDownKey2) for ProcKeyDownKey2
    main.o(i.Proc2msTask) refers to prockeyone.o(i.ProcKeyUpKey2) for ProcKeyUpKey2
    main.o(i.Proc2msTask) refers to prockeyone.o(i.ProcKeyDownKey3) for ProcKeyDownKey3
    main.o(i.Proc2msTask) refers to prockeyone.o(i.ProcKeyUpKey3) for ProcKeyUpKey3
    main.o(i.main) refers to main.o(i.InitHardware) for InitHardware
    main.o(i.main) refers to main.o(i.InitSoftware) for InitSoftware
    main.o(i.main) refers to printf5.o(i.__0printf$5) for __2printf
    main.o(i.main) refers to gd25qxx.o(i.GD25Q16ReadJEDEID) for GD25Q16ReadJEDEID
    main.o(i.main) refers to gd25qxx.o(i.GD25Q16X4KErase) for GD25Q16X4KErase
    main.o(i.main) refers to main.o(i.Proc2msTask) for Proc2msTask
    main.o(i.main) refers to main.o(i.Proc1SecTask) for Proc1SecTask
    led.o(i.ConfigLEDGPIO) refers to gd32f4xx_rcu.o(i.rcu_periph_clock_enable) for rcu_periph_clock_enable
    led.o(i.ConfigLEDGPIO) refers to gd32f4xx_gpio.o(i.gpio_mode_set) for gpio_mode_set
    led.o(i.ConfigLEDGPIO) refers to gd32f4xx_gpio.o(i.gpio_output_options_set) for gpio_output_options_set
    led.o(i.ConfigLEDGPIO) refers to gd32f4xx_gpio.o(i.gpio_bit_set) for gpio_bit_set
    led.o(i.ConfigLEDGPIO) refers to gd32f4xx_gpio.o(i.gpio_bit_reset) for gpio_bit_reset
    led.o(i.InitLED) refers to led.o(i.ConfigLEDGPIO) for ConfigLEDGPIO
    led.o(i.LEDFlicker) refers to gd32f4xx_gpio.o(i.gpio_output_bit_get) for gpio_output_bit_get
    led.o(i.LEDFlicker) refers to gd32f4xx_gpio.o(i.gpio_bit_write) for gpio_bit_write
    led.o(i.LEDFlicker) refers to led.o(.data) for s_iCnt
    keyone.o(i.ConfigKeyOneGPIO) refers to gd32f4xx_rcu.o(i.rcu_periph_clock_enable) for rcu_periph_clock_enable
    keyone.o(i.ConfigKeyOneGPIO) refers to gd32f4xx_gpio.o(i.gpio_mode_set) for gpio_mode_set
    keyone.o(i.InitKeyOne) refers to keyone.o(i.ConfigKeyOneGPIO) for ConfigKeyOneGPIO
    keyone.o(i.InitKeyOne) refers to keyone.o(.data) for s_arrKeyDownLevel
    keyone.o(i.ScanKeyOne) refers to gd32f4xx_gpio.o(i.gpio_input_bit_get) for gpio_input_bit_get
    keyone.o(i.ScanKeyOne) refers to keyone.o(.data) for s_arrKeyVal
    prockeyone.o(i.ProcKeyDownKey1) refers to printf5.o(i.__0printf$5) for __2printf
    prockeyone.o(i.ProcKeyDownKey1) refers to gd25qxx.o(i.GD25Q16X4KErase) for GD25Q16X4KErase
    prockeyone.o(i.ProcKeyDownKey1) refers to systick.o(i.DelayNms) for DelayNms
    prockeyone.o(i.ProcKeyDownKey1) refers to gd25qxx.o(i.GD25Q16Write) for GD25Q16Write
    prockeyone.o(i.ProcKeyDownKey1) refers to prockeyone.o(.bss) for writebuf1
    prockeyone.o(i.ProcKeyDownKey2) refers to printf5.o(i.__0printf$5) for __2printf
    prockeyone.o(i.ProcKeyDownKey2) refers to gd25qxx.o(i.GD25Q16X4KErase) for GD25Q16X4KErase
    prockeyone.o(i.ProcKeyDownKey2) refers to systick.o(i.DelayNms) for DelayNms
    prockeyone.o(i.ProcKeyDownKey2) refers to gd25qxx.o(i.GD25Q16Write) for GD25Q16Write
    prockeyone.o(i.ProcKeyDownKey2) refers to prockeyone.o(.bss) for writebuf2
    prockeyone.o(i.ProcKeyDownKey3) refers to printf5.o(i.__0printf$5) for __2printf
    prockeyone.o(i.ProcKeyDownKey3) refers to gd25qxx.o(i.GD25Q16Read) for GD25Q16Read
    prockeyone.o(i.ProcKeyDownKey3) refers to prockeyone.o(.bss) for readbuf
[...]
    Removing gd32f4xx_fmc.o(i.ob_security_protection_config), (40 bytes).
    Removing gd32f4xx_fmc.o(i.ob_spc_get), (28 bytes).
    Removing gd32f4xx_fmc.o(i.ob_start), (20 bytes).
    Removing gd32f4xx_fmc.o(i.ob_unlock), (36 bytes).
    Removing gd32f4xx_fmc.o(i.ob_user_bor_threshold), (24 bytes).
    Removing gd32f4xx_fmc.o(i.ob_user_bor_threshold_get), (16 bytes).
    Removing gd32f4xx_fmc.o(i.ob_user_get), (16 bytes).
    Removing gd32f4xx_fmc.o(i.ob_user_write), (52 bytes).
    Removing gd32f4xx_fmc.o(i.ob_write_protection0_get), (16 bytes).
    Removing gd32f4xx_fmc.o(i.ob_write_protection1_get), (16 bytes).
    Removing gd32f4xx_fmc.o(i.ob_write_protection_disable), (72 bytes).
    Removing gd32f4xx_fmc.o(i.ob_write_protection_enable), (72 bytes).
    Removing gd32f4xx_gpio.o(.rev16_text), (4 bytes).
    Removing gd32f4xx_gpio.o(.revsh_text), (4 bytes).
    Removing gd32f4xx_gpio.o(.rrx_text), (6 bytes).
    Removing gd32f4xx_gpio.o(i.gpio_bit_toggle), (4 bytes).
    Removing gd32f4xx_gpio.o(i.gpio_deinit), (206 bytes).
    Removing gd32f4xx_gpio.o(i.gpio_input_port_get), (8 bytes).
    Removing gd32f4xx_gpio.o(i.gpio_output_port_get), (8 bytes).
    Removing gd32f4xx_gpio.o(i.gpio_pin_lock), (18 bytes).
    Removing gd32f4xx_gpio.o(i.gpio_port_toggle), (8 bytes).
    Removing gd32f4xx_gpio.o(i.gpio_port_write), (4 bytes).
    Removing gd32f4xx_misc.o(.rev16_text), (4 bytes).
    Removing gd32f4xx_misc.o(.revsh_text), (4 bytes).
    Removing gd32f4xx_misc.o(.rrx_text), (6 bytes).
    Removing gd32f4xx_misc.o(i.nvic_irq_disable), (24 bytes).
    Removing gd32f4xx_misc.o(i.nvic_vector_table_set), (24 bytes).
    Removing gd32f4xx_misc.o(i.system_lowpower_reset), (16 bytes).
    Removing gd32f4xx_misc.o(i.system_lowpower_set), (16 bytes).
    Removing gd32f4xx_misc.o(i.systick_clksource_set), (40 bytes).
    Removing gd32f4xx_rcu.o(.rev16_text), (4 bytes).
    Removing gd32f4xx_rcu.o(.revsh_text), (4 bytes).
    Removing gd32f4xx_rcu.o(.rrx_text), (6 bytes).
    Removing gd32f4xx_rcu.o(i.rcu_all_reset_flag_clear), (20 bytes).
    Removing gd32f4xx_rcu.o(i.rcu_bkp_reset_disable), (20 bytes).
    Removing gd32f4xx_rcu.o(i.rcu_bkp_reset_enable), (20 bytes).
    Removing gd32f4xx_rcu.o(i.rcu_ck48m_clock_config), (24 bytes).
    Removing gd32f4xx_rcu.o(i.rcu_ckout0_config), (28 bytes).
    Removing gd32f4xx_rcu.o(i.rcu_ckout1_config), (28 bytes).
    Removing gd32f4xx_rcu.o(i.rcu_deepsleep_voltage_set), (16 bytes).
    Removing gd32f4xx_rcu.o(i.rcu_hxtal_clock_monitor_disable), (20 bytes).
    Removing gd32f4xx_rcu.o(i.rcu_hxtal_clock_monitor_enable), (20 bytes).
    Removing gd32f4xx_rcu.o(i.rcu_i2s_clock_config), (24 bytes).
    Removing gd32f4xx_rcu.o(i.rcu_interrupt_disable), (36 bytes).
    Removing gd32f4xx_rcu.o(i.rcu_interrupt_enable), (36 bytes).
    Removing gd32f4xx_rcu.o(i.rcu_interrupt_flag_clear), (36 bytes).
    Removing gd32f4xx_rcu.o(i.rcu_interrupt_flag_get), (36 bytes).
    Removing gd32f4xx_rcu.o(i.rcu_irc16m_adjust_value_set), (28 bytes).
    Removing gd32f4xx_rcu.o(i.rcu_lxtal_drive_capability_config), (24 bytes).
    Removing gd32f4xx_rcu.o(i.rcu_osci_bypass_mode_disable), (116 bytes).
    Removing gd32f4xx_rcu.o(i.rcu_osci_bypass_mode_enable), (116 bytes).
    Removing gd32f4xx_rcu.o(i.rcu_osci_off), (36 bytes).
    Removing gd32f4xx_rcu.o(i.rcu_periph_clock_disable), (36 bytes).
    Removing gd32f4xx_rcu.o(i.rcu_periph_clock_sleep_disable), (36 bytes).
    Removing gd32f4xx_rcu.o(i.rcu_periph_clock_sleep_enable), (36 bytes).
    Removing gd32f4xx_rcu.o(i.rcu_pll48m_clock_config), (24 bytes).
    Removing gd32f4xx_rcu.o(i.rcu_plli2s_config), (44 bytes).
    Removing gd32f4xx_rcu.o(i.rcu_pllsai_config), (72 bytes).
    Removing gd32f4xx_rcu.o(i.rcu_rtc_clock_config), (24 bytes).
    Removing gd32f4xx_rcu.o(i.rcu_rtc_div_config), (24 bytes).
    Removing gd32f4xx_rcu.o(i.rcu_spread_spectrum_config), (32 bytes).
    Removing gd32f4xx_rcu.o(i.rcu_spread_spectrum_disable), (20 bytes).
    Removing gd32f4xx_rcu.o(i.rcu_spread_spectrum_enable), (20 bytes).
    Removing gd32f4xx_rcu.o(i.rcu_tli_clock_div_config), (24 bytes).
    Removing gd32f4xx_rcu.o(i.rcu_voltage_key_unlock), (16 bytes).
    Removing gd32f4xx_timer.o(.rev16_text), (4 bytes).
    Removing gd32f4xx_timer.o(.revsh_text), (4 bytes).
    Removing gd32f4xx_timer.o(.rrx_text), (6 bytes).
    Removing gd32f4xx_timer.o(i.timer_auto_reload_shadow_disable), (10 bytes).
    Removing gd32f4xx_timer.o(i.timer_auto_reload_shadow_enable), (10 bytes).
    Removing gd32f4xx_timer.o(i.timer_automatic_output_disable), (10 bytes).
    Removing gd32f4xx_timer.o(i.timer_automatic_output_enable), (10 bytes).
    Removing gd32f4xx_timer.o(i.timer_autoreload_value_config), (4 bytes).
    Removing gd32f4xx_timer.o(i.timer_break_config), (30 bytes).
    Removing gd32f4xx_timer.o(i.timer_break_disable), (10 bytes).
    Removing gd32f4xx_timer.o(i.timer_break_enable), (10 bytes).
    Removing gd32f4xx_timer.o(i.timer_break_struct_para_init), (18 bytes).
    Removing gd32f4xx_timer.o(i.timer_channel_capture_value_register_read), (42 bytes).
    Removing gd32f4xx_timer.o(i.timer_channel_complementary_output_polarity_config), (70 bytes).
    Removing gd32f4xx_timer.o(i.timer_channel_complementary_output_state_config), (70 bytes).
    Removing gd32f4xx_timer.o(i.timer_channel_control_shadow_config), (24 bytes).
    Removing gd32f4xx_timer.o(i.timer_channel_control_shadow_update_config), (26 bytes).
    Removing gd32f4xx_timer.o(i.timer_channel_dma_request_source_select), (26 bytes).
    Removing gd32f4xx_timer.o(i.timer_channel_input_capture_prescaler_config), (90 bytes).
    Removing gd32f4xx_timer.o(i.timer_channel_input_struct_para_init), (16 bytes).
    Removing gd32f4xx_timer.o(i.timer_channel_output_clear_config), (90 bytes).
    Removing gd32f4xx_timer.o(i.timer_channel_output_config), (492 bytes).
    Removing gd32f4xx_timer.o(i.timer_channel_output_fast_config), (90 bytes).
    Removing gd32f4xx_timer.o(i.timer_channel_output_mode_config), (90 bytes).
    Removing gd32f4xx_timer.o(i.timer_channel_output_polarity_config), (92 bytes).
    Removing gd32f4xx_timer.o(i.timer_channel_output_pulse_value_config), (38 bytes).
    Removing gd32f4xx_timer.o(i.timer_channel_output_shadow_config), (90 bytes).
    Removing gd32f4xx_timer.o(i.timer_channel_output_state_config), (92 bytes).
    Removing gd32f4xx_timer.o(i.timer_channel_output_struct_para_init), (16 bytes).
    Removing gd32f4xx_timer.o(i.timer_channel_remap_config), (4 bytes).
    Removing gd32f4xx_timer.o(i.timer_counter_alignment), (16 bytes).
    Removing gd32f4xx_timer.o(i.timer_counter_down_direction), (10 bytes).
    Removing gd32f4xx_timer.o(i.timer_counter_read), (8 bytes).
    Removing gd32f4xx_timer.o(i.timer_counter_up_direction), (10 bytes).
    Removing gd32f4xx_timer.o(i.timer_counter_value_config), (4 bytes).
    Removing gd32f4xx_timer.o(i.timer_disable), (10 bytes).
    Removing gd32f4xx_timer.o(i.timer_dma_disable), (8 bytes).
    Removing gd32f4xx_timer.o(i.timer_dma_enable), (8 bytes).
    Removing gd32f4xx_timer.o(i.timer_dma_transfer_config), (24 bytes).
    Removing gd32f4xx_timer.o(i.timer_event_software_generate), (8 bytes).
    Removing gd32f4xx_timer.o(i.timer_external_clock_mode0_config), (40 bytes).
    Removing gd32f4xx_timer.o(i.timer_external_clock_mode1_config), (32 bytes).
    Removing gd32f4xx_timer.o(i.timer_external_clock_mode1_disable), (10 bytes).
    Removing gd32f4xx_timer.o(i.timer_external_trigger_as_external_clock_config), (166 bytes).
    Removing gd32f4xx_timer.o(i.timer_external_trigger_config), (30 bytes).
    Removing gd32f4xx_timer.o(i.timer_flag_clear), (6 bytes).
    Removing gd32f4xx_timer.o(i.timer_flag_get), (16 bytes).
    Removing gd32f4xx_timer.o(i.timer_hall_mode_config), (26 bytes).
    Removing gd32f4xx_timer.o(i.timer_input_capture_config), (326 bytes).
    Removing gd32f4xx_timer.o(i.timer_input_pwm_capture_config), (356 bytes).
    Removing gd32f4xx_timer.o(i.timer_input_trigger_source_select), (16 bytes).
    Removing gd32f4xx_timer.o(i.timer_internal_clock_config), (10 bytes).
    Removing gd32f4xx_timer.o(i.timer_internal_trigger_as_external_clock_config), (32 bytes).
    Removing gd32f4xx_timer.o(i.timer_interrupt_disable), (8 bytes).
    Removing gd32f4xx_timer.o(i.timer_master_output_trigger_source_select), (16 bytes).
    Removing gd32f4xx_timer.o(i.timer_master_slave_mode_config), (26 bytes).
    Removing gd32f4xx_timer.o(i.timer_output_value_selection_config), (34 bytes).
    Removing gd32f4xx_timer.o(i.timer_prescaler_config), (14 bytes).
    Removing gd32f4xx_timer.o(i.timer_prescaler_read), (10 bytes).
    Removing gd32f4xx_timer.o(i.timer_primary_output_config), (24 bytes).
    Removing gd32f4xx_timer.o(i.timer_quadrature_decoder_mode_config), (64 bytes).
    Removing gd32f4xx_timer.o(i.timer_repetition_value_config), (4 bytes).
    Removing gd32f4xx_timer.o(i.timer_single_pulse_mode_config), (26 bytes).
    Removing gd32f4xx_timer.o(i.timer_slave_mode_select), (16 bytes).
    Removing gd32f4xx_timer.o(i.timer_update_event_disable), (10 bytes).
    Removing gd32f4xx_timer.o(i.timer_update_event_enable), (10 bytes).
    Removing gd32f4xx_timer.o(i.timer_update_source_config), (26 bytes).
    Removing gd32f4xx_timer.o(i.timer_write_chxval_register_config), (34 bytes).
    Removing gd32f4xx_usart.o(.rev16_text), (4 bytes).
    Removing gd32f4xx_usart.o(.revsh_text), (4 bytes).
    Removing gd32f4xx_usart.o(.rrx_text), (6 bytes).
    Removing gd32f4xx_usart.o(i.usart_address_config), (20 bytes).
    Removing gd32f4xx_usart.o(i.usart_block_length_config), (28 bytes).
    Removing gd32f4xx_usart.o(i.usart_break_frame_coherence_config), (24 bytes).
    Removing gd32f4xx_usart.o(i.usart_data_first_config), (20 bytes).
    Removing gd32f4xx_usart.o(i.usart_disable), (10 bytes).
    Removing gd32f4xx_usart.o(i.usart_dma_receive_config), (16 bytes).
    Removing gd32f4xx_usart.o(i.usart_dma_transmit_config), (16 bytes).
    Removing gd32f4xx_usart.o(i.usart_flag_clear), (26 bytes).
    Removing gd32f4xx_usart.o(i.usart_guard_time_config), (24 bytes).
    Removing gd32f4xx_usart.o(i.usart_halfduplex_disable), (10 bytes).
    Removing gd32f4xx_usart.o(i.usart_halfduplex_enable), (10 bytes).
    Removing gd32f4xx_usart.o(i.usart_hardware_flow_coherence_config), (24 bytes).
    Removing gd32f4xx_usart.o(i.usart_hardware_flow_cts_config), (16 bytes).
    Removing gd32f4xx_usart.o(i.usart_hardware_flow_rts_config), (16 bytes).
    Removing gd32f4xx_usart.o(i.usart_invert_config), (104 bytes).
    Removing gd32f4xx_usart.o(i.usart_irda_lowpower_config), (20 bytes).
    Removing gd32f4xx_usart.o(i.usart_irda_mode_disable), (10 bytes).
    Removing gd32f4xx_usart.o(i.usart_irda_mode_enable), (10 bytes).
    Removing gd32f4xx_usart.o(i.usart_lin_break_detection_length_config), (20 bytes).
    Removing gd32f4xx_usart.o(i.usart_lin_mode_disable), (10 bytes).
    Removing gd32f4xx_usart.o(i.usart_lin_mode_enable), (10 bytes).
    Removing gd32f4xx_usart.o(i.usart_mute_mode_disable), (10 bytes).
    Removing gd32f4xx_usart.o(i.usart_mute_mode_enable), (10 bytes).
    Removing gd32f4xx_usart.o(i.usart_mute_mode_wakeup_config), (16 bytes).
    Removing gd32f4xx_usart.o(i.usart_oversample_config), (16 bytes).
    Removing gd32f4xx_usart.o(i.usart_parity_check_coherence_config), (24 bytes).
    Removing gd32f4xx_usart.o(i.usart_prescaler_config), (16 bytes).
    Removing gd32f4xx_usart.o(i.usart_receiver_timeout_disable), (14 bytes).
    Removing gd32f4xx_usart.o(i.usart_receiver_timeout_enable), (14 bytes).
    Removing gd32f4xx_usart.o(i.usart_receiver_timeout_threshold_config), (20 bytes).
    Removing gd32f4xx_usart.o(i.usart_sample_bit_config), (16 bytes).
    Removing gd32f4xx_usart.o(i.usart_send_break), (10 bytes).
    Removing gd32f4xx_usart.o(i.usart_smartcard_autoretry_config), (26 bytes).
    Removing gd32f4xx_usart.o(i.usart_smartcard_mode_disable), (10 bytes).
    Removing gd32f4xx_usart.o(i.usart_smartcard_mode_enable), (10 bytes).
    Removing gd32f4xx_usart.o(i.usart_smartcard_mode_nack_disable), (10 bytes).
    Removing gd32f4xx_usart.o(i.usart_smartcard_mode_nack_enable), (10 bytes).
    Removing gd32f4xx_usart.o(i.usart_synchronous_clock_config), (34 bytes).
    Removing gd32f4xx_usart.o(i.usart_synchronous_clock_disable), (10 bytes).
    Removing gd32f4xx_usart.o(i.usart_synchronous_clock_enable), (10 bytes).
    Removing gd32f4xx_spi.o(.rev16_text), (4 bytes).
    Removing gd32f4xx_spi.o(.revsh_text), (4 bytes).
    Removing gd32f4xx_spi.o(.rrx_text), (6 bytes).
    Removing gd32f4xx_spi.o(i.i2s_disable), (10 bytes).
    Removing gd32f4xx_spi.o(i.i2s_enable), (10 bytes).
    Removing gd32f4xx_spi.o(i.i2s_full_duplex_mode_config), (48 bytes).
    Removing gd32f4xx_spi.o(i.i2s_init), (28 bytes).
    Removing gd32f4xx_spi.o(i.i2s_psc_config), (292 bytes).
    Removing gd32f4xx_spi.o(i.qspi_disable), (14 bytes).
    Removing gd32f4xx_spi.o(i.qspi_enable), (14 bytes).
    Removing gd32f4xx_spi.o(i.qspi_io23_output_disable), (14 bytes).
    Removing gd32f4xx_spi.o(i.qspi_io23_output_enable), (14 bytes).
    Removing gd32f4xx_spi.o(i.qspi_read_enable), (14 bytes).
    Removing gd32f4xx_spi.o(i.qspi_write_enable), (14 bytes).
    Removing gd32f4xx_spi.o(i.spi_bidirectional_transfer_config), (26 bytes).
    Removing gd32f4xx_spi.o(i.spi_crc_error_clear), (10 bytes).
    Removing gd32f4xx_spi.o(i.spi_crc_get), (16 bytes).
    Removing gd32f4xx_spi.o(i.spi_crc_next), (10 bytes).
    Removing gd32f4xx_spi.o(i.spi_crc_off), (10 bytes).
    Removing gd32f4xx_spi.o(i.spi_crc_on), (10 bytes).
    Removing gd32f4xx_spi.o(i.spi_crc_polynomial_get), (8 bytes).
    Removing gd32f4xx_spi.o(i.spi_crc_polynomial_set), (4 bytes).
    Removing gd32f4xx_spi.o(i.spi_disable), (10 bytes).
    Removing gd32f4xx_spi.o(i.spi_dma_disable), (22 bytes).
    Removing gd32f4xx_spi.o(i.spi_dma_enable), (22 bytes).
    Removing gd32f4xx_spi.o(i.spi_enable), (10 bytes).
    Removing gd32f4xx_spi.o(i.spi_i2s_data_frame_format_config), (16 bytes).
    Removing gd32f4xx_spi.o(i.spi_i2s_data_receive), (8 bytes).
    Removing gd32f4xx_spi.o(i.spi_i2s_data_transmit), (4 bytes).
    Removing gd32f4xx_spi.o(i.spi_i2s_deinit), (172 bytes).
    Removing gd32f4xx_spi.o(i.spi_i2s_flag_get), (16 bytes).
    Removing gd32f4xx_spi.o(i.spi_i2s_interrupt_disable), (48 bytes).
    Removing gd32f4xx_spi.o(i.spi_i2s_interrupt_enable), (48 bytes).
    Removing gd32f4xx_spi.o(i.spi_i2s_interrupt_flag_get), (112 bytes).
    Removing gd32f4xx_spi.o(i.spi_init), (50 bytes).
    Removing gd32f4xx_spi.o(i.spi_nss_internal_high), (10 bytes).
    Removing gd32f4xx_spi.o(i.spi_nss_internal_low), (10 bytes).
    Removing gd32f4xx_spi.o(i.spi_nss_output_disable), (10 bytes).
    Removing gd32f4xx_spi.o(i.spi_nss_output_enable), (10 bytes).
    Removing gd32f4xx_spi.o(i.spi_struct_para_init), (18 bytes).
    Removing gd32f4xx_spi.o(i.spi_ti_mode_disable), (10 bytes).
    Removing gd32f4xx_spi.o(i.spi_ti_mode_enable), (10 bytes).
    Removing nvic.o(.rev16_text), (4 bytes).
    Removing nvic.o(.revsh_text), (4 bytes).
    Removing nvic.o(.rrx_text), (6 bytes).
    Removing systick.o(.rev16_text), (4 bytes).
    Removing systick.o(.revsh_text), (4 bytes).
    Removing systick.o(.rrx_text), (6 bytes).
    Removing systick.o(i.DelayNus), (26 bytes).
    Removing gd32f4xx_it.o(.rev16_text), (4 bytes).
    Removing gd32f4xx_it.o(.revsh_text), (4 bytes).
    Removing gd32f4xx_it.o(.rrx_text), (6 bytes).
    Removing startup_gd32f450_470.o(HEAP), (1024 bytes).
    Removing system_gd32f4xx.o(.rev16_text), (4 bytes).
    Removing system_gd32f4xx.o(.revsh_text), (4 bytes).
    Removing system_gd32f4xx.o(.rrx_text), (6 bytes).
    Removing system_gd32f4xx.o(i.SystemCoreClockUpdate), (272 bytes).
    Removing dadd.o(.text), (334 bytes).
    Removing dmul.o(.text), (228 bytes).
    Removing ddiv.o(.text), (222 bytes).
    Removing dfixul.o(.text), (48 bytes).
    Removing cdrcmple.o(.text), (48 bytes).
    Removing depilogue.o(.text), (186 bytes).

306 unused section(s) (total 11330 bytes) removed from the image.

==============================================================================

Image Symbol Table

    Local Symbols

    Symbol Name                              Value     Ov Type        Size  Object(Section)

    ../clib/microlib/division.c              0x00000000   Number         0  uidiv.o ABSOLUTE
    ../clib/microlib/division.c              0x00000000   Number         0  uldiv.o ABSOLUTE
    ../clib/microlib/init/entry.s            0x00000000   Number         0  entry9a.o ABSOLUTE
    ../clib/microlib/init/entry.s            0x00000000   Number         0  entry8a.o ABSOLUTE
    ../clib/microlib/init/entry.s            0x00000000   Number         0  entry10a.o ABSOLUTE
    ../clib/microlib/init/entry.s            0x00000000   Number         0  entry9b.o ABSOLUTE
    ../clib/microlib/init/entry.s            0x00000000   Number         0  entry11b.o ABSOLUTE
    ../clib/microlib/init/entry.s            0x00000000   Number         0  entry11a.o ABSOLUTE
    ../clib/microlib/init/entry.s            0x00000000   Number         0  entry10b.o ABSOLUTE
    ../clib/microlib/init/entry.s            0x00000000   Number         0  entry.o ABSOLUTE
    ../clib/microlib/init/entry.s            0x00000000   Number         0  entry8b.o ABSOLUTE
    ../clib/microlib/init/entry.s            0x00000000   Number         0  entry7b.o ABSOLUTE
    ../clib/microlib/init/entry.s            0x00000000   Number         0  entry2.o ABSOLUTE
    ../clib/microlib/init/entry.s            0x00000000   Number         0  entry7a.o ABSOLUTE
    ../clib/microlib/init/entry.s            0x00000000   Number         0  entry5.o ABSOLUTE
    ../clib/microlib/longlong.c              0x00000000   Number         0  llsshr.o ABSOLUTE
    ../clib/microlib/longlong.c              0x00000000   Number         0  llushr.o ABSOLUTE
    ../clib/microlib/longlong.c              0x00000000   Number         0  llshl.o ABSOLUTE
    ../clib/microlib/printf/printf.c         0x00000000   Number         0  printf1.o ABSOLUTE
    ../clib/microlib/printf/printf.c         0x00000000   Number         0  printf2.o ABSOLUTE
    ../clib/microlib/printf/printf.c         0x00000000   Number         0  printf8.o ABSOLUTE
    ../clib/microlib/printf/printf.c         0x00000000   Number         0  printfa.o ABSOLUTE
    ../clib/microlib/printf/printf.c         0x00000000   Number         0  printf7.o ABSOLUTE
    ../clib/microlib/printf/printf.c         0x00000000   Number         0  printf4.o ABSOLUTE
    ../clib/microlib/printf/printf.c         0x00000000   Number         0  printf5.o ABSOLUTE
    ../clib/microlib/printf/printf.c         0x00000000   Number         0  printf6.o ABSOLUTE
    ../clib/microlib/printf/printf.c         0x00000000   Number         0  printfb.o ABSOLUTE
    ../clib/microlib/printf/printf.c         0x00000000   Number         0  printf0.o ABSOLUTE
    ../clib/microlib/printf/printf.c         0x00000000   Number         0  printf3.o ABSOLUTE
    ../clib/microlib/printf/stubs.s          0x00000000   Number         0  stubs.o ABSOLUTE
    ../clib/microlib/stdio/streams.c         0x00000000   Number         0  stdout.o ABSOLUTE
    ../clib/microlib/stubs.s                 0x00000000   Number         0  iusefp.o ABSOLUTE
    ../fplib/microlib/fpadd.c                0x00000000   Number         0  dadd.o ABSOLUTE
    ../fplib/microlib/fpdiv.c                0x00000000   Number         0  ddiv.o ABSOLUTE
    ../fplib/microlib/fpepilogue.c           0x00000000   Number         0  depilogue.o ABSOLUTE
    ../fplib/microlib/fpfix.c                0x00000000   Number         0  dfixul.o ABSOLUTE
    ../fplib/microlib/fpmul.c                0x00000000   Number         0  dmul.o ABSOLUTE
    ..\ARM\NVIC\NVIC.c                       0x00000000   Number         0  nvic.o ABSOLUTE
    ..\ARM\SysTick\SysTick.c                 0x00000000   Number         0  systick.o ABSOLUTE
    ..\ARM\System\gd32f4xx_it.c              0x00000000   Number         0  gd32f4xx_it.o ABSOLUTE
    ..\ARM\System\startup_gd32f450_470.s     0x00000000   Number         0  startup_gd32f450_470.o ABSOLUTE
    ..\ARM\System\system_gd32f4xx.c          0x00000000   Number         0  system_gd32f4xx.o ABSOLUTE
    ..\App\GD25QXX\GD25QXX.c                 0x00000000   Number         0  gd25qxx.o ABSOLUTE
    ..\App\KeyOne\KeyOne.c                   0x00000000   Number         0  keyone.o ABSOLUTE
    ..\App\KeyOne\ProcKeyOne.c               0x00000000   Number         0  prockeyone.o ABSOLUTE
    ..\App\LED\LED.c                         0x00000000   Number         0  led.o ABSOLUTE
    ..\App\Main\Main.c                       0x00000000   Number         0  main.o ABSOLUTE
    ..\FW\Source\gd32f4xx_fmc.c              0x00000000   Number         0  gd32f4xx_fmc.o ABSOLUTE
    ..\FW\Source\gd32f4xx_gpio.c             0x00000000   Number         0  gd32f4xx_gpio.o ABSOLUTE
    ..\FW\Source\gd32f4xx_misc.c             0x00000000   Number         0  gd32f4xx_misc.o ABSOLUTE
    ..\FW\Source\gd32f4xx_rcu.c              0x00000000   Number         0  gd32f4xx_rcu.o ABSOLUTE
    ..\FW\Source\gd32f4xx_spi.c              0x00000000   Number         0  gd32f4xx_spi.o ABSOLUTE
    ..\FW\Source\gd32f4xx_timer.c            0x00000000   Number         0  gd32f4xx_timer.o ABSOLUTE
    ..\FW\Source\gd32f4xx_usart.c            0x00000000   Number         0  gd32f4xx_usart.o ABSOLUTE
    ..\HW\RCU\RCU.c                          0x00000000   Number         0  rcu.o ABSOLUTE
    ..\HW\SPI\SPI.c                          0x00000000   Number         0  spi.o ABSOLUTE
    ..\HW\Timer\Timer.c                      0x00000000   Number         0  timer.o ABSOLUTE
    ..\HW\UART0\Queue.c                      0x00000000   Number         0  queue.o ABSOLUTE
    ..\HW\UART0\UART0.c                      0x00000000   Number         0  uart0.o ABSOLUTE
    ..\\ARM\\NVIC\\NVIC.c                    0x00000000   Number         0  nvic.o ABSOLUTE
    ..\\ARM\\SysTick\\SysTick.c              0x00000000   Number         0  systick.o ABSOLUTE
    ..\\ARM\\System\\gd32f4xx_it.c           0x00000000   Number         0  gd32f4xx_it.o ABSOLUTE
    ..\\ARM\\System\\system_gd32f4xx.c       0x00000000   Number         0  system_gd32f4xx.o ABSOLUTE
    ..\\App\\GD25QXX\\GD25QXX.c              0x00000000   Number         0  gd25qxx.o ABSOLUTE
    ..\\App\\KeyOne\\KeyOne.c                0x00000000   Number         0  keyone.o ABSOLUTE
    ..\\App\\KeyOne\\ProcKeyOne.c            0x00000000   Number         0  prockeyone.o ABSOLUTE
    ..\\App\\LED\\LED.c                      0x00000000   Number         0  led.o ABSOLUTE
    ..\\App\\Main\\Main.c                    0x00000000   Number         0  main.o ABSOLUTE
    ..\\FW\\Source\\gd32f4xx_fmc.c           0x00000000   Number         0  gd32f4xx_fmc.o ABSOLUTE
    ..\\FW\\Source\\gd32f4xx_gpio.c          0x00000000   Number         0  gd32f4xx_gpio.o ABSOLUTE
    ..\\FW\\Source\\gd32f4xx_misc.c          0x00000000   Number         0  gd32f4xx_misc.o ABSOLUTE
    ..\\FW\\Source\\gd32f4xx_rcu.c           0x00000000   Number         0  gd32f4xx_rcu.o ABSOLUTE
    ..\\FW\\Source\\gd32f4xx_spi.c           0x00000000   Number         0  gd32f4xx_spi.o ABSOLUTE
    ..\\FW\\Source\\gd32f4xx_timer.c         0x00000000   Number         0  gd32f4xx_timer.o ABSOLUTE
    ..\\FW\\Source\\gd32f4xx_usart.c         0x00000000   Number         0  gd32f4xx_usart.o ABSOLUTE
    ..\\HW\\RCU\\RCU.c                       0x00000000   Number         0  rcu.o ABSOLUTE
    ..\\HW\\SPI\\SPI.c                       0x00000000   Number         0  spi.o ABSOLUTE
    ..\\HW\\Timer\\Timer.c                   0x00000000   Number         0  timer.o ABSOLUTE
    ..\\HW\\UART0\\UART0.c                   0x00000000   Number         0  uart0.o ABSOLUTE
    cdrcmple.s                               0x00000000   Number         0  cdrcmple.o ABSOLUTE
    dc.s                                     0x00000000   Number         0  dc.o ABSOLUTE
    handlers.s                               0x00000000   Number         0  handlers.o ABSOLUTE
    init.s                                   0x00000000   Number         0  init.o ABSOLUTE
    RESET                                    0x08000000   Section      428  startup_gd32f450_470.o(RESET)
    .ARM.Collect$$$$00000000                 0x080001ac   Section        0  entry.o(.ARM.Collect$$$$00000000)
    .ARM.Collect$$$$00000001                 0x080001ac   Section        4  entry2.o(.ARM.Collect$$$$00000001)
    .ARM.Collect$$$$00000004                 0x080001b0   Section        4  entry5.o(.ARM.Collect$$$$00000004)
    .ARM.Collect$$$$00000008                 0x080001b4   Section        0  entry7b.o(.ARM.Collect$$$$00000008)
    .ARM.Collect$$$$0000000A                 0x080001b4   Section        0  entry8b.o(.ARM.Collect$$$$0000000A)
    .ARM.Collect$$$$0000000B                 0x080001b4   Section        8  entry9a.o(.ARM.Collect$$$$0000000B)
    .ARM.Collect$$$$0000000D                 0x080001bc   Section        0  entry10a.o(.ARM.Collect$$$$0000000D)
    .ARM.Collect$$$$0000000F                 0x080001bc   Section        0  entry11a.o(.ARM.Collect$$$$0000000F)
    .ARM.Collect$$$$00002712                 0x080001bc   Section        4  entry2.o(.ARM.Collect$$$$00002712)
    __lit__00000000                          0x080001bc   Data           4  entry2.o(.ARM.Collect$$$$00002712)
    .text                                    0x080001c0   Section       36  startup_gd32f450_470.o(.text)
    $v0                                      0x080001c0   Number         0  startup_gd32f450_470.o(.text)
    .text                                    0x080001e4   Section        0  uldiv.o(.text)
    .text                                    0x08000248   Section       36  init.o(.text)
    .text                                    0x0800026c   Section        0  llshl.o(.text)
    .text                                    0x0800028a   Section        0  llushr.o(.text)
    i.BusFault_Handler                       0x080002aa   Section        0  gd32f4xx_it.o(i.BusFault_Handler)
    i.Clr1SecFlag                            0x080002b0   Section        0  timer.o(i.Clr1SecFlag)
    i.Clr2msFlag                             0x080002bc   Section        0  timer.o(i.Clr2msFlag)
    i.ConfigKeyOneGPIO                       0x080002c8   Section        0  keyone.o(i.ConfigKeyOneGPIO)
    ConfigKeyOneGPIO                         0x080002c9   Thumb Code    64  keyone.o(i.ConfigKeyOneGPIO)
    i.ConfigLEDGPIO                          0x08000314   Section        0  led.o(i.ConfigLEDGPIO)
    ConfigLEDGPIO                            0x08000315   Thumb Code    90  led.o(i.ConfigLEDGPIO)
    i.ConfigNVIC                             0x08000378   Section        0  nvic.o(i.ConfigNVIC)
    ConfigNVIC                               0x08000379   Thumb Code    12  nvic.o(i.ConfigNVIC)
    i.ConfigRCU                              0x08000384   Section        0  rcu.o(i.ConfigRCU)
    ConfigRCU                                0x08000385   Thumb Code   110  rcu.o(i.ConfigRCU)
    i.ConfigSPIGPIO                          0x080003f4   Section        0  spi.o(i.ConfigSPIGPIO)
    ConfigSPIGPIO                            0x080003f5   Thumb Code   136  spi.o(i.ConfigSPIGPIO)
    i.ConfigTimer1                           0x08000484   Section        0  timer.o(i.ConfigTimer1)
    ConfigTimer1                             0x08000485   Thumb Code    82  timer.o(i.ConfigTimer1)
    i.ConfigTimer4                           0x080004d8   Section        0  timer.o(i.ConfigTimer4)
    ConfigTimer4                             0x080004d9   Thumb Code    76  timer.o(i.ConfigTimer4)
    i.ConfigUART                             0x08000528   Section        0  uart0.o(i.ConfigUART)
    ConfigUART                               0x08000529   Thumb Code   198  uart0.o(i.ConfigUART)
    i.DeQueue                                0x080005fc   Section        0  queue.o(i.DeQueue)
    i.DebugMon_Handler                       0x08000640   Section        0  gd32f4xx_it.o(i.DebugMon_Handler)
    i.DelayNms                               0x08000644   Section        0  systick.o(i.DelayNms)
    i.Delayus                                0x08000668   Section        0  spi.o(i.Delayus)
    i.EnQueue                                0x08000674   Section        0  queue.o(i.EnQueue)
    i.GD25Q16PageProgram                     0x080006bc   Section        0  gd25qxx.o(i.GD25Q16PageProgram)
    GD25Q16PageProgram                       0x080006bd   Thumb Code    82  gd25qxx.o(i.GD25Q16PageProgram)
    i.GD25Q16Read                            0x08000714   Section        0  gd25qxx.o(i.GD25Q16Read)
    i.GD25Q16ReadJEDEID                      0x08000764   Section        0  gd25qxx.o(i.GD25Q16ReadJEDEID)
    i.GD25Q16ReadWriteDate                   0x0800079c   Section        0  spi.o(i.GD25Q16ReadWriteDate)
    i.GD25Q16WaitForWriteEnd                 0x080007a8   Section        0  gd25qxx.o(i.GD25Q16WaitForWriteEnd)
    GD25Q16WaitForWriteEnd                   0x080007a9   Thumb Code    46  gd25qxx.o(i.GD25Q16WaitForWriteEnd)
    i.GD25Q16Write                           0x080007dc   Section        0  gd25qxx.o(i.GD25Q16Write)
    i.GD25Q16WriteEnable                     0x08000860   Section        0  gd25qxx.o(i.GD25Q16WriteEnable)
    GD25Q16WriteEnable                       0x08000861   Thumb Code    26  gd25qxx.o(i.GD25Q16WriteEnable)
    i.GD25Q16X4KErase                        0x08000880   Section        0  gd25qxx.o(i.GD25Q16X4KErase)
    i.Get1SecFlag                            0x080008c0   Section        0  timer.o(i.Get1SecFlag)
    i.Get2msFlag                             0x080008cc   Section        0  timer.o(i.Get2msFlag)
    i.HardFault_Handler                      0x080008d8   Section        0  gd32f4xx_it.o(i.HardFault_Handler)
    i.InitGD25QXX                            0x080008dc   Section        0  gd25qxx.o(i.InitGD25QXX)
    i.InitHardware                           0x080008e4   Section        0  main.o(i.InitHardware)
    InitHardware                             0x080008e5   Thumb Code    44  main.o(i.InitHardware)
    i.InitKeyOne                             0x08000910   Section        0  keyone.o(i.InitKeyOne)
    i.InitLED                                0x08000928   Section        0  led.o(i.InitLED)
    i.InitNVIC                               0x08000930   Section        0  nvic.o(i.InitNVIC)
    i.InitProcKeyOne                         0x08000938   Section        0  prockeyone.o(i.InitProcKeyOne)
    i.InitQueue                              0x0800093a   Section        0  queue.o(i.InitQueue)
    i.InitRCU                                0x0800095e   Section        0  rcu.o(i.InitRCU)
    i.InitSPI                                0x08000968   Section        0  spi.o(i.InitSPI)
    i.InitSoftware                           0x08000994   Section        0  main.o(i.InitSoftware)
    InitSoftware                             0x08000995   Thumb Code     8  main.o(i.InitSoftware)
    i.InitSysTick                            0x0800099c   Section        0  systick.o(i.InitSysTick)
    i.InitTimer                              0x08000a04   Section        0  timer.o(i.InitTimer)
    i.InitUART0                              0x08000a1c   Section        0  uart0.o(i.InitUART0)
    i.InitUARTBuf                            0x08000a2c   Section        0  uart0.o(i.InitUARTBuf)
    InitUARTBuf                              0x08000a2d   Thumb Code    52  uart0.o(i.InitUARTBuf)
    i.LEDFlicker                             0x08000a70   Section        0  led.o(i.LEDFlicker)
    i.MemManage_Handler                      0x08000acc   Section        0  gd32f4xx_it.o(i.MemManage_Handler)
    i.NMI_Handler                            0x08000ad0   Section        0  gd32f4xx_it.o(i.NMI_Handler)
    i.PendSV_Handler                         0x08000ad2   Section        0  gd32f4xx_it.o(i.PendSV_Handler)
    i.Proc1SecTask                           0x08000ad4   Section        0  main.o(i.Proc1SecTask)
    Proc1SecTask                             0x08000ad5   Thumb Code    14  main.o(i.Proc1SecTask)
    i.Proc2msTask                            0x08000ae4   Section        0  main.o(i.Proc2msTask)
    Proc2msTask                              0x08000ae5   Thumb Code    80  main.o(i.Proc2msTask)
    i.ProcKeyDownKey1                        0x08000b50   Section        0  prockeyone.o(i.ProcKeyDownKey1)
    i.ProcKeyDownKey2                        0x08000b94   Section        0  prockeyone.o(i.ProcKeyDownKey2)
    i.ProcKeyDownKey3                        0x08000be4   Section        0  prockeyone.o(i.ProcKeyDownKey3)
    i.ProcKeyUpKey1                          0x08000c40   Section        0  prockeyone.o(i.ProcKeyUpKey1)
    i.ProcKeyUpKey2                          0x08000c42   Section        0  prockeyone.o(i.ProcKeyUpKey2)
    i.ProcKeyUpKey3                          0x08000c44   Section        0  prockeyone.o(i.ProcKeyUpKey3)
    i.QueueEmpty                             0x08000c46   Section        0  queue.o(i.QueueEmpty)
    i.ReadSendBuf                            0x08000c54   Section        0  uart0.o(i.ReadSendBuf)
    ReadSendBuf                              0x08000c55   Thumb Code    22  uart0.o(i.ReadSendBuf)
    i.SPIReadWriteByte                       0x08000c70   Section        0  spi.o(i.SPIReadWriteByte)
    SPIReadWriteByte                         0x08000c71   Thumb Code    78  spi.o(i.SPIReadWriteByte)
    i.SPISetMOSI                             0x08000cc4   Section        0  spi.o(i.SPISetMOSI)
    SPISetMOSI                               0x08000cc5   Thumb Code    30  spi.o(i.SPISetMOSI)
    i.SVC_Handler                            0x08000ce8   Section        0  gd32f4xx_it.o(i.SVC_Handler)
    i.ScanKeyOne                             0x08000cec   Section        0  keyone.o(i.ScanKeyOne)
    i.SysTick_Handler                        0x08000da4   Section        0  systick.o(i.SysTick_Handler)
    i.SystemInit                             0x08000dac   Section        0  system_gd32f4xx.o(i.SystemInit)
    i.TIMER1_IRQHandler                      0x08000e74   Section        0  timer.o(i.TIMER1_IRQHandler)
    i.TIMER4_IRQHandler                      0x08000eb0   Section        0  timer.o(i.TIMER4_IRQHandler)
    i.TimDelayDec                            0x08000ef8   Section        0  systick.o(i.TimDelayDec)
    TimDelayDec                              0x08000ef9   Thumb Code    18  systick.o(i.TimDelayDec)
    i.USART0_IRQHandler                      0x08000f10   Section        0  uart0.o(i.USART0_IRQHandler)
    i.UsageFault_Handler                     0x08000fc4   Section        0  gd32f4xx_it.o(i.UsageFault_Handler)
    i.WriteReceiveBuf                        0x08000fc8   Section        0  uart0.o(i.WriteReceiveBuf)
    WriteReceiveBuf                          0x08000fc9   Thumb Code    20  uart0.o(i.WriteReceiveBuf)
    i.__0printf$5                            0x08000fe0   Section        0  printf5.o(i.__0printf$5)
    i.__scatterload_copy                     0x08001000   Section       14  handlers.o(i.__scatterload_copy)
    i.__scatterload_null                     0x0800100e   Section        2  handlers.o(i.__scatterload_null)
    i.__scatterload_zeroinit                 0x08001010   Section       14  handlers.o(i.__scatterload_zeroinit)
    i._printf_core                           0x08001020   Section        0  printf5.o(i._printf_core)
    _printf_core                             0x08001021   Thumb Code   658  printf5.o(i._printf_core)
    i.fmc_wscnt_set                          0x080012e0   Section        0  gd32f4xx_fmc.o(i.fmc_wscnt_set)
    i.fputc                                  0x080012f8   Section        0  uart0.o(i.fputc)
    i.gpio_af_set                            0x0800131c   Section        0  gd32f4xx_gpio.o(i.gpio_af_set)
    i.gpio_bit_reset                         0x0800137a   Section        0  gd32f4xx_gpio.o(i.gpio_bit_reset)
    i.gpio_bit_set                           0x0800137e   Section        0  gd32f4xx_gpio.o(i.gpio_bit_set)
    i.gpio_bit_write                         0x08001382   Section        0  gd32f4xx_gpio.o(i.gpio_bit_write)
    i.gpio_input_bit_get                     0x0800138c   Section        0  gd32f4xx_gpio.o(i.gpio_input_bit_get)
    i.gpio_mode_set                          0x0800139c   Section        0  gd32f4xx_gpio.o(i.gpio_mode_set)
    i.gpio_output_bit_get                    0x080013ea   Section        0  gd32f4xx_gpio.o(i.gpio_output_bit_get)
    i.gpio_output_options_set                0x080013fa   Section        0  gd32f4xx_gpio.o(i.gpio_output_options_set)
    i.main                                   0x0800143c   Section        0  main.o(i.main)
    i.nvic_irq_enable                        0x080014a4   Section        0  gd32f4xx_misc.o(i.nvic_irq_enable)
    i.nvic_priority_group_set                0x08001568   Section        0  gd32f4xx_misc.o(i.nvic_priority_group_set)
    i.rcu_ahb_clock_config                   0x0800157c   Section        0  gd32f4xx_rcu.o(i.rcu_ahb_clock_config)
    i.rcu_apb1_clock_config                  0x08001594   Section        0  gd32f4xx_rcu.o(i.rcu_apb1_clock_config)
    i.rcu_apb2_clock_config                  0x080015ac   Section        0  gd32f4xx_rcu.o(i.rcu_apb2_clock_config)
    i.rcu_clock_freq_get                     0x080015c4   Section        0  gd32f4xx_rcu.o(i.rcu_clock_freq_get)
    i.rcu_deinit                             0x080016e8   Section        0  gd32f4xx_rcu.o(i.rcu_deinit)
    i.rcu_flag_get                           0x08001774   Section        0  gd32f4xx_rcu.o(i.rcu_flag_get)
    i.rcu_osci_on                            0x08001798   Section        0  gd32f4xx_rcu.o(i.rcu_osci_on)
    i.rcu_osci_stab_wait                     0x080017bc   Section        0  gd32f4xx_rcu.o(i.rcu_osci_stab_wait)
    i.rcu_periph_clock_enable                0x08001918   Section        0  gd32f4xx_rcu.o(i.rcu_periph_clock_enable)
    i.rcu_periph_reset_disable               0x0800193c   Section        0  gd32f4xx_rcu.o(i.rcu_periph_reset_disable)
    i.rcu_periph_reset_enable                0x08001960   Section        0  gd32f4xx_rcu.o(i.rcu_periph_reset_enable)
    i.rcu_pll_config                         0x08001984   Section        0  gd32f4xx_rcu.o(i.rcu_pll_config)
    i.rcu_system_clock_source_config         0x08001a08   Section        0  gd32f4xx_rcu.o(i.rcu_system_clock_source_config)
    i.rcu_system_clock_source_get            0x08001a20   Section        0  gd32f4xx_rcu.o(i.rcu_system_clock_source_get)
    i.rcu_timer_clock_prescaler_config       0x08001a30   Section        0  gd32f4xx_rcu.o(i.rcu_timer_clock_prescaler_config)
    i.system_clock_240m_25m_hxtal            0x08001a54   Section        0  system_gd32f4xx.o(i.system_clock_240m_25m_hxtal)
    system_clock_240m_25m_hxtal              0x08001a55   Thumb Code   240  system_gd32f4xx.o(i.system_clock_240m_25m_hxtal)
    i.system_clock_config                    0x08001b50   Section        0  system_gd32f4xx.o(i.system_clock_config)
    system_clock_config                      0x08001b51   Thumb Code     8  system_gd32f4xx.o(i.system_clock_config)
    i.timer_deinit                           0x08001b58   Section        0  gd32f4xx_timer.o(i.timer_deinit)
    i.timer_enable                           0x08001cdc   Section        0  gd32f4xx_timer.o(i.timer_enable)
    i.timer_init                             0x08001ce8   Section        0  gd32f4xx_timer.o(i.timer_init)
    i.timer_interrupt_enable                 0x08001d80   Section        0  gd32f4xx_timer.o(i.timer_interrupt_enable)
    i.timer_interrupt_flag_clear             0x08001d88   Section        0  gd32f4xx_timer.o(i.timer_interrupt_flag_clear)
    i.timer_interrupt_flag_get               0x08001d8e   Section        0  gd32f4xx_timer.o(i.timer_interrupt_flag_get)
    i.timer_struct_para_init                 0x08001da6   Section        0  gd32f4xx_timer.o(i.timer_struct_para_init)
    i.usart_baudrate_set                     0x08001dbc   Section        0  gd32f4xx_usart.o(i.usart_baudrate_set)
    i.usart_data_receive                     0x08001ea4   Section        0  gd32f4xx_usart.o(i.usart_data_receive)
    i.usart_data_transmit                    0x08001eae   Section        0  gd32f4xx_usart.o(i.usart_data_transmit)
    i.usart_deinit                           0x08001eb8   Section        0  gd32f4xx_usart.o(i.usart_deinit)
    i.usart_enable                           0x08001f94   Section        0  gd32f4xx_usart.o(i.usart_enable)
    i.usart_flag_get                         0x08001f9e   Section        0  gd32f4xx_usart.o(i.usart_flag_get)
    i.usart_interrupt_disable                0x08001fbc   Section        0  gd32f4xx_usart.o(i.usart_interrupt_disable)
    i.usart_interrupt_enable                 0x08001fd6   Section        0  gd32f4xx_usart.o(i.usart_interrupt_enable)
    i.usart_interrupt_flag_clear             0x08001ff0   Section        0  gd32f4xx_usart.o(i.usart_interrupt_flag_clear)
    i.usart_interrupt_flag_get               0x0800200a   Section        0  gd32f4xx_usart.o(i.usart_interrupt_flag_get)
    i.usart_parity_config                    0x08002042   Section        0  gd32f4xx_usart.o(i.usart_parity_config)
    i.usart_receive_config                   0x08002052   Section        0  gd32f4xx_usart.o(i.usart_receive_config)
    i.usart_stop_bit_set                     0x08002062   Section        0  gd32f4xx_usart.o(i.usart_stop_bit_set)
    i.usart_transmit_config                  0x08002072   Section        0  gd32f4xx_usart.o(i.usart_transmit_config)
    i.usart_word_length_set                  0x08002082   Section        0  gd32f4xx_usart.o(i.usart_word_length_set)
    .data                                    0x20000000   Section        2  main.o(.data)
    s_iCnt5                                  0x20000000   Data           2  main.o(.data)
    .data                                    0x20000002   Section        2  led.o(.data)
    s_iCnt                                   0x20000002   Data           2  led.o(.data)
    .data                                    0x20000004   Section        9  keyone.o(.data)
    s_arrKeyDownLevel                        0x20000004   Data           3  keyone.o(.data)
    s_arrKeyVal                              0x20000007   Data           3  keyone.o(.data)
    s_arrKeyFlag                             0x2000000a   Data           3  keyone.o(.data)
    .data                                    0x2000000e   Section        6  timer.o(.data)
    s_i2msFlag                               0x2000000e   Data           1  timer.o(.data)
    s_i1secFlag                              0x2000000f   Data           1  timer.o(.data)
    s_iCnt2                                  0x20000010   Data           2  timer.o(.data)
    s_iCnt1000                               0x20000012   Data           2  timer.o(.data)
    .data                                    0x20000014   Section        1  uart0.o(.data)
    s_iUARTTxSts                             0x20000014   Data           1  uart0.o(.data)
    .data                                    0x20000018   Section        4  systick.o(.data)
    s_iTimDelayCnt                           0x20000018   Data           4  systick.o(.data)
    .data                                    0x2000001c   Section        4  system_gd32f4xx.o(.data)
    .data                                    0x20000020   Section        4  stdout.o(.data)
    .bss                                     0x20000024   Section      768  prockeyone.o(.bss)
    .bss                                     0x20000324   Section     1048  uart0.o(.bss)
    s_structUARTSendCirQue                   0x20000324   Data          12  uart0.o(.bss)
    s_structUARTRecCirQue                    0x20000330   Data          12  uart0.o(.bss)
    s_arrSendBuf                             0x2000033c   Data         512  uart0.o(.bss)
    s_arrRecBuf                              0x2000053c   Data         512  uart0.o(.bss)
    STACK                                    0x20000740   Section     1024  startup_gd32f450_470.o(STACK)

    Global Symbols

    Symbol Name                              Value     Ov Type        Size  Object(Section)

    BuildAttributes$$THM_ISAv4$E$P$D$K$B$S$7EM$VFPi3$EXTD16$VFPS$VFMA$PE$A:L22UL41UL21$X:L11$S22US41US21$IEEE1$IW$USESV6$~STKCKD$USESV7$~SHL$OSPACE$ROPI$EBA8$MICROLIB$REQ8$PRES8$EABIv2 0x00000000   Number         0  anon$$obj.o ABSOLUTE
    __ARM_use_no_argv                        0x00000000   Number         0  main.o ABSOLUTE
    _printf_a                                0x00000000   Number         0  stubs.o ABSOLUTE
    _printf_c                                0x00000000   Number         0  stubs.o ABSOLUTE
    _printf_charcount                        0x00000000   Number         0  stubs.o ABSOLUTE
    _printf_d                                0x00000000   Number         0  stubs.o ABSOLUTE
    _printf_e                                0x00000000   Number         0  stubs.o ABSOLUTE
    _printf_f                                0x00000000   Number         0  stubs.o ABSOLUTE
    _printf_flags                            0x00000000   Number         0  stubs.o ABSOLUTE
    _printf_fp_dec                           0x00000000   Number         0  stubs.o ABSOLUTE
    _printf_fp_hex                           0x00000000   Number         0  stubs.o ABSOLUTE
    _printf_g                                0x00000000   Number         0  stubs.o ABSOLUTE
    _printf_i                                0x00000000   Number         0  stubs.o ABSOLUTE
    _printf_int_dec                          0x00000000   Number         0  stubs.o ABSOLUTE
    _printf_l                                0x00000000   Number         0  stubs.o ABSOLUTE
    _printf_lc                               0x00000000   Number         0  stubs.o ABSOLUTE
    _printf_ll                               0x00000000   Number         0  stubs.o ABSOLUTE
    _printf_lld                              0x00000000   Number         0  stubs.o ABSOLUTE
    _printf_lli                              0x00000000   Number         0  stubs.o ABSOLUTE
    _printf_llo                              0x00000000   Number         0  stubs.o ABSOLUTE
    _printf_llu                              0x00000000   Number         0  stubs.o ABSOLUTE
    _printf_llx                              0x00000000   Number         0  stubs.o ABSOLUTE
    _printf_longlong_dec                     0x00000000   Number         0  stubs.o ABSOLUTE
    _printf_longlong_hex                     0x00000000   Number         0  stubs.o ABSOLUTE
    _printf_longlong_oct                     0x00000000   Number         0  stubs.o ABSOLUTE
    _printf_ls                               0x00000000   Number         0  stubs.o ABSOLUTE
    _printf_mbtowc                           0x00000000   Number         0  stubs.o ABSOLUTE
    _printf_n                                0x00000000   Number         0  stubs.o ABSOLUTE
    _printf_o                                0x00000000   Number         0  stubs.o ABSOLUTE
    _printf_p                                0x00000000   Number         0  stubs.o ABSOLUTE
    _printf_percent                          0x00000000   Number         0  stubs.o ABSOLUTE
    _printf_pre_padding                      0x00000000   Number         0  stubs.o ABSOLUTE
    _printf_return_value                     0x00000000   Number         0  stubs.o ABSOLUTE
    _printf_s                                0x00000000   Number         0  stubs.o ABSOLUTE
    _printf_sizespec                         0x00000000   Number         0  stubs.o ABSOLUTE
    _printf_str                              0x00000000   Number         0  stubs.o ABSOLUTE
    _printf_truncate_signed                  0x00000000   Number         0  stubs.o ABSOLUTE
    _printf_truncate_unsigned                0x00000000   Number         0  stubs.o ABSOLUTE
    _printf_u                                0x00000000   Number         0  stubs.o ABSOLUTE
    _printf_wc                               0x00000000   Number         0  stubs.o ABSOLUTE
    _printf_wctomb                           0x00000000   Number         0  stubs.o ABSOLUTE
    _printf_widthprec                        0x00000000   Number         0  stubs.o ABSOLUTE
    _printf_x                                0x00000000   Number         0  stubs.o ABSOLUTE
    __cpp_initialize__aeabi_                  - Undefined Weak Reference
    __cxa_finalize                            - Undefined Weak Reference
    __decompress                              - Undefined Weak Reference
    _clock_init                               - Undefined Weak Reference
    _microlib_exit                            - Undefined Weak Reference
    __Vectors_Size                           0x000001ac   Number         0  startup_gd32f450_470.o ABSOLUTE
    __Vectors                                0x08000000   Data           4  startup_gd32f450_470.o(RESET)
    __Vectors_End                            0x080001ac   Data           0  startup_gd32f450_470.o(RESET)
    __main                                   0x080001ad   Thumb Code     0  entry.o(.ARM.Collect$$$$00000000)
    _main_stk                                0x080001ad   Thumb Code     0  entry2.o(.ARM.Collect$$$$00000001)
    _main_scatterload                        0x080001b1   Thumb Code     0  entry5.o(.ARM.Collect$$$$00000004)
    __main_after_scatterload                 0x080001b5   Thumb Code     0  entry5.o(.ARM.Collect$$$$00000004)
    _main_clock                              0x080001b5   Thumb Code     0  entry7b.o(.ARM.Collect$$$$00000008)
    _main_cpp_init                           0x080001b5   Thumb Code     0  entry8b.o(.ARM.Collect$$$$0000000A)
    _main_init                               0x080001b5   Thumb Code     0  entry9a.o(.ARM.Collect$$$$0000000B)
    __rt_final_cpp                           0x080001bd   Thumb Code     0  entry10a.o(.ARM.Collect$$$$0000000D)
    __rt_final_exit                          0x080001bd   Thumb Code     0  entry11a.o(.ARM.Collect$$$$0000000F)
    Reset_Handler                            0x080001c1   Thumb Code     8  startup_gd32f450_470.o(.text)
    ADC_IRQHandler                           0x080001db   Thumb Code     0  startup_gd32f450_470.o(.text)
    CAN0_EWMC_IRQHandler                     0x080001db   Thumb Code     0  startup_gd32f450_470.o(.text)
    CAN0_RX0_IRQHandler                      0x080001db   Thumb Code     0  startup_gd32f450_470.o(.text)
    CAN0_RX1_IRQHandler                      0x080001db   Thumb Code     0  startup_gd32f450_470.o(.text)
    CAN0_TX_IRQHandler                       0x080001db   Thumb Code     0  startup_gd32f450_470.o(.text)
    CAN1_EWMC_IRQHandler                     0x080001db   Thumb Code     0  startup_gd32f450_470.o(.text)
    CAN1_RX0_IRQHandler                      0x080001db   Thumb Code     0  startup_gd32f450_470.o(.text)
    CAN1_RX1_IRQHandler                      0x080001db   Thumb Code     0  startup_gd32f450_470.o(.text)
    CAN1_TX_IRQHandler                       0x080001db   Thumb Code     0  startup_gd32f450_470.o(.text)
    DCI_IRQHandler                           0x080001db   Thumb Code     0  startup_gd32f450_470.o(.text)
    DMA0_Channel0_IRQHandler                 0x080001db   Thumb Code     0  startup_gd32f450_470.o(.text)
    DMA0_Channel1_IRQHandler                 0x080001db   Thumb Code     0  startup_gd32f450_470.o(.text)
    DMA0_Channel2_IRQHandler                 0x080001db   Thumb Code     0  startup_gd32f450_470.o(.text)
    DMA0_Channel3_IRQHandler                 0x080001db   Thumb Code     0  startup_gd32f450_470.o(.text)
    DMA0_Channel4_IRQHandler                 0x080001db   Thumb Code     0  startup_gd32f450_470.o(.text)
    DMA0_Channel5_IRQHandler                 0x080001db   Thumb Code     0  startup_gd32f450_470.o(.text)
    DMA0_Channel6_IRQHandler                 0x080001db   Thumb Code     0  startup_gd32f450_470.o(.text)
    DMA0_Channel7_IRQHandler                 0x080001db   Thumb Code     0  startup_gd32f450_470.o(.text)
    DMA1_Channel0_IRQHandler                 0x080001db   Thumb Code     0  startup_gd32f450_470.o(.text)
    DMA1_Channel1_IRQHandler                 0x080001db   Thumb Code     0  startup_gd32f450_470.o(.text)
    DMA1_Channel2_IRQHandler                 0x080001db   Thumb Code     0  startup_gd32f450_470.o(.text)
    DMA1_Channel3_IRQHandler                 0x080001db   Thumb Code     0  startup_gd32f450_470.o(.text)
    DMA1_Channel4_IRQHandler                 0x080001db   Thumb Code     0  startup_gd32f450_470.o(.text)
    DMA1_Channel5_IRQHandler                 0x080001db   Thumb Code     0  startup_gd32f450_470.o(.text)
    DMA1_Channel6_IRQHandler                 0x080001db   Thumb Code     0  startup_gd32f450_470.o(.text)
    DMA1_Channel7_IRQHandler                 0x080001db   Thumb Code     0  startup_gd32f450_470.o(.text)
    ENET_IRQHandler                          0x080001db   Thumb Code     0  startup_gd32f450_470.o(.text)
    ENET_WKUP_IRQHandler                     0x080001db   Thumb Code     0  startup_gd32f450_470.o(.text)
    EXMC_IRQHandler                          0x080001db   Thumb Code     0  startup_gd32f450_470.o(.text)
    EXTI0_IRQHandler                         0x080001db   Thumb Code     0  startup_gd32f450_470.o(.text)
    EXTI10_15_IRQHandler                     0x080001db   Thumb Code     0  startup_gd32f450_470.o(.text)
    EXTI1_IRQHandler                         0x080001db   Thumb Code     0  startup_gd32f450_470.o(.text)
    EXTI2_IRQHandler                         0x080001db   Thumb Code     0  startup_gd32f450_470.o(.text)
    EXTI3_IRQHandler                         0x080001db   Thumb Code     0  startup_gd32f450_470.o(.text)
    EXTI4_IRQHandler                         0x080001db   Thumb Code     0  startup_gd32f450_470.o(.text)
    EXTI5_9_IRQHandler                       0x080001db   Thumb Code     0  startup_gd32f450_470.o(.text)
    FMC_IRQHandler                           0x080001db   Thumb Code     0  startup_gd32f450_470.o(.text)
    FPU_IRQHandler                           0x080001db   Thumb Code     0  startup_gd32f450_470.o(.text)
    I2C0_ER_IRQHandler                       0x080001db   Thumb Code     0  startup_gd32f450_470.o(.text)
    I2C0_EV_IRQHandler                       0x080001db   Thumb Code     0  startup_gd32f450_470.o(.text)
    I2C1_ER_IRQHandler                       0x080001db   Thumb Code     0  startup_gd32f450_470.o(.text)
    I2C1_EV_IRQHandler                       0x080001db   Thumb Code     0  startup_gd32f450_470.o(.text)
    I2C2_ER_IRQHandler                       0x080001db   Thumb Code     0  startup_gd32f450_470.o(.text)
    I2C2_EV_IRQHandler                       0x080001db   Thumb Code     0  startup_gd32f450_470.o(.text)
    IPA_IRQHandler                           0x080001db   Thumb Code     0  startup_gd32f450_470.o(.text)
    LVD_IRQHandler                           0x080001db   Thumb Code     0  startup_gd32f450_470.o(.text)
    RCU_CTC_IRQHandler                       0x080001db   Thumb Code     0  startup_gd32f450_470.o(.text)
    RTC_Alarm_IRQHandler                     0x080001db   Thumb Code     0  startup_gd32f450_470.o(.text)
    RTC_WKUP_IRQHandler                      0x080001db   Thumb Code     0  startup_gd32f450_470.o(.text)
    SDIO_IRQHandler                          0x080001db   Thumb Code     0  startup_gd32f450_470.o(.text)
    SPI0_IRQHandler                          0x080001db   Thumb Code     0  startup_gd32f450_470.o(.text)
    SPI1_IRQHandler                          0x080001db   Thumb Code     0  startup_gd32f450_470.o(.text)
    SPI2_IRQHandler                          0x080001db   Thumb Code     0  startup_gd32f450_470.o(.text)
    SPI3_IRQHandler                          0x080001db   Thumb Code     0  startup_gd32f450_470.o(.text)
    SPI4_IRQHandler                          0x080001db   Thumb Code     0  startup_gd32f450_470.o(.text)
    SPI5_IRQHandler                          0x080001db   Thumb Code     0  startup_gd32f450_470.o(.text)
    TAMPER_STAMP_IRQHandler                  0x080001db   Thumb Code     0  startup_gd32f450_470.o(.text)
    TIMER0_BRK_TIMER8_IRQHandler             0x080001db   Thumb Code     0  startup_gd32f450_470.o(.text)
    TIMER0_Channel_IRQHandler                0x080001db   Thumb Code     0  startup_gd32f450_470.o(.text)
    TIMER0_TRG_CMT_TIMER10_IRQHandler        0x080001db   Thumb Code     0  startup_gd32f450_470.o(.text)
    TIMER0_UP_TIMER9_IRQHandler              0x080001db   Thumb Code     0  startup_gd32f450_470.o(.text)
    TIMER2_IRQHandler                        0x080001db   Thumb Code     0  startup_gd32f450_470.o(.text)
    TIMER3_IRQHandler                        0x080001db   Thumb Code     0  startup_gd32f450_470.o(.text)
    TIMER5_DAC_IRQHandler                    0x080001db   Thumb Code     0  startup_gd32f450_470.o(.text)
    TIMER6_IRQHandler                        0x080001db   Thumb Code     0  startup_gd32f450_470.o(.text)
    TIMER7_BRK_TIMER11_IRQHandler            0x080001db   Thumb Code     0  startup_gd32f450_470.o(.text)
    TIMER7_Channel_IRQHandler                0x080001db   Thumb Code     0  startup_gd32f450_470.o(.text)
    TIMER7_TRG_CMT_TIMER13_IRQHandler        0x080001db   Thumb Code     0  startup_gd32f450_470.o(.text)
    TIMER7_UP_TIMER12_IRQHandler             0x080001db   Thumb Code     0  startup_gd32f450_470.o(.text)
    TLI_ER_IRQHandler                        0x080001db   Thumb Code     0  startup_gd32f450_470.o(.text)
    TLI_IRQHandler                           0x080001db   Thumb Code     0  startup_gd32f450_470.o(.text)
    TRNG_IRQHandler                          0x080001db   Thumb Code     0  startup_gd32f450_470.o(.text)
    UART3_IRQHandler                         0x080001db   Thumb Code     0  startup_gd32f450_470.o(.text)
    UART4_IRQHandler                         0x080001db   Thumb Code     0  startup_gd32f450_470.o(.text)
    UART6_IRQHandler                         0x080001db   Thumb Code     0  startup_gd32f450_470.o(.text)
    UART7_IRQHandler                         0x080001db   Thumb Code     0  startup_gd32f450_470.o(.text)
    USART1_IRQHandler                        0x080001db   Thumb Code     0  startup_gd32f450_470.o(.text)
    USART2_IRQHandler                        0x080001db   Thumb Code     0  startup_gd32f450_470.o(.text)
    USART5_IRQHandler                        0x080001db   Thumb Code     0  startup_gd32f450_470.o(.text)
    USBFS_IRQHandler                         0x080001db   Thumb Code     0  startup_gd32f450_470.o(.text)
    USBFS_WKUP_IRQHandler                    0x080001db   Thumb Code     0  startup_gd32f450_470.o(.text)
    USBHS_EP1_In_IRQHandler                  0x080001db   Thumb Code     0  startup_gd32f450_470.o(.text)
    USBHS_EP1_Out_IRQHandler                 0x080001db   Thumb Code     0  startup_gd32f450_470.o(.text)
    USBHS_IRQHandler                         0x080001db   Thumb Code     0  startup_gd32f450_470.o(.text)
    USBHS_WKUP_IRQHandler                    0x080001db   Thumb Code     0  startup_gd32f450_470.o(.text)
    WWDGT_IRQHandler                         0x080001db   Thumb Code     0  startup_gd32f450_470.o(.text)
    __aeabi_uldivmod                         0x080001e5   Thumb Code    98  uldiv.o(.text)
    __scatterload                            0x08000249   Thumb Code    28  init.o(.text)
    __scatterload_rt2                        0x08000249   Thumb Code     0  init.o(.text)
    __aeabi_llsl                             0x0800026d   Thumb Code    30  llshl.o(.text)
    _ll_shift_l                              0x0800026d   Thumb Code     0  llshl.o(.text)
    __aeabi_llsr                             0x0800028b   Thumb Code    32  llushr.o(.text)
    _ll_ushift_r                             0x0800028b   Thumb Code     0  llushr.o(.text)
    BusFault_Handler                         0x080002ab   Thumb Code     4  gd32f4xx_it.o(i.BusFault_Handler)
    Clr1SecFlag                              0x080002b1   Thumb Code     8  timer.o(i.Clr1SecFlag)
    Clr2msFlag                               0x080002bd   Thumb Code     8  timer.o(i.Clr2msFlag)
    DeQueue                                  0x080005fd   Thumb Code    68  queue.o(i.DeQueue)
    DebugMon_Handler                         0x08000641   Thumb Code     2  gd32f4xx_it.o(i.DebugMon_Handler)
    DelayNms                                 0x08000645   Thumb Code    32  systick.o(i.DelayNms)
    Delayus                                  0x08000669   Thumb Code    12  spi.o(i.Delayus)
    EnQueue                                  0x08000675   Thumb Code    72  queue.o(i.EnQueue)
    GD25Q16Read                              0x08000715   Thumb Code    76  gd25qxx.o(i.GD25Q16Read)
    GD25Q16ReadJEDEID                        0x08000765   Thumb Code    52  gd25qxx.o(i.GD25Q16ReadJEDEID)
    GD25Q16ReadWriteDate                     0x0800079d   Thumb Code    12  spi.o(i.GD25Q16ReadWriteDate)
    GD25Q16Write                             0x080007dd   Thumb Code   132  gd25qxx.o(i.GD25Q16Write)
    GD25Q16X4KErase                          0x08000881   Thumb Code    58  gd25qxx.o(i.GD25Q16X4KErase)
    Get1SecFlag                              0x080008c1   Thumb Code     6  timer.o(i.Get1SecFlag)
    Get2msFlag                               0x080008cd   Thumb Code     6  timer.o(i.Get2msFlag)
    HardFault_Handler                        0x080008d9   Thumb Code     4  gd32f4xx_it.o(i.HardFault_Handler)
    InitGD25QXX                              0x080008dd   Thumb Code     8  gd25qxx.o(i.InitGD25QXX)
    InitKeyOne                               0x08000911   Thumb Code    20  keyone.o(i.InitKeyOne)
    InitLED                                  0x08000929   Thumb Code     8  led.o(i.InitLED)
    InitNVIC                                 0x08000931   Thumb Code     8  nvic.o(i.InitNVIC)
    InitProcKeyOne                           0x08000939   Thumb Code     2  prockeyone.o(i.InitProcKeyOne)
    InitQueue                                0x0800093b   Thumb Code    36  queue.o(i.InitQueue)
    InitRCU                                  0x0800095f   Thumb Code     8  rcu.o(i.InitRCU)
    InitSPI                                  0x08000969   Thumb Code    34  spi.o(i.InitSPI)
    InitSysTick                              0x0800099d   Thumb Code    90  systick.o(i.InitSysTick)
    InitTimer                                0x08000a05   Thumb Code    24  timer.o(i.InitTimer)
    InitUART0                                0x08000a1d   Thumb Code    16  uart0.o(i.InitUART0)
    LEDFlicker                               0x08000a71   Thumb Code    80  led.o(i.LEDFlicker)
    MemManage_Handler                        0x08000acd   Thumb Code     4  gd32f4xx_it.o(i.MemManage_Handler)
    NMI_Handler                              0x08000ad1   Thumb Code     2  gd32f4xx_it.o(i.NMI_Handler)
    PendSV_Handler                           0x08000ad3   Thumb Code     2  gd32f4xx_it.o(i.PendSV_Handler)
    ProcKeyDownKey1                          0x08000b51   Thumb Code    48  prockeyone.o(i.ProcKeyDownKey1)
    ProcKeyDownKey2                          0x08000b95   Thumb Code    60  prockeyone.o(i.ProcKeyDownKey2)
    ProcKeyDownKey3                          0x08000be5   Thumb Code    70  prockeyone.o(i.ProcKeyDownKey3)
    ProcKeyUpKey1                            0x08000c41   Thumb Code     2  prockeyone.o(i.ProcKeyUpKey1)
    ProcKeyUpKey2                            0x08000c43   Thumb Code     2  prockeyone.o(i.ProcKeyUpKey2)
    ProcKeyUpKey3                            0x08000c45   Thumb Code     2  prockeyone.o(i.ProcKeyUpKey3)
    QueueEmpty                               0x08000c47   Thumb Code    14  queue.o(i.QueueEmpty)
    SVC_Handler                              0x08000ce9   Thumb Code     2  gd32f4xx_it.o(i.SVC_Handler)
    ScanKeyOne                               0x08000ced   Thumb Code   158  keyone.o(i.ScanKeyOne)
    SysTick_Handler                          0x08000da5   Thumb Code     8  systick.o(i.SysTick_Handler)
    SystemInit                               0x08000dad   Thumb Code   184  system_gd32f4xx.o(i.SystemInit)
    TIMER1_IRQHandler                        0x08000e75   Thumb Code    52  timer.o(i.TIMER1_IRQHandler)
    TIMER4_IRQHandler                        0x08000eb1   Thumb Code    58  timer.o(i.TIMER4_IRQHandler)
    USART0_IRQHandler                        0x08000f11   Thumb Code   152  uart0.o(i.USART0_IRQHandler)
    UsageFault_Handler                       0x08000fc5   Thumb Code     4  gd32f4xx_it.o(i.UsageFault_Handler)
    __0printf$5                              0x08000fe1   Thumb Code    22  printf5.o(i.__0printf$5)
    __1printf$5                              0x08000fe1   Thumb Code     0  printf5.o(i.__0printf$5)
    __2printf                                0x08000fe1   Thumb Code     0  printf5.o(i.__0printf$5)
    __scatterload_copy                       0x08001001   Thumb Code    14  handlers.o(i.__scatterload_copy)
    __scatterload_null                       0x0800100f   Thumb Code     2  handlers.o(i.__scatterload_null)
    __scatterload_zeroinit                   0x08001011   Thumb Code    14  handlers.o(i.__scatterload_zeroinit)
    fmc_wscnt_set                            0x080012e1   Thumb Code    18  gd32f4xx_fmc.o(i.fmc_wscnt_set)
    fputc                                    0x080012f9   Thumb Code    32  uart0.o(i.fputc)
    gpio_af_set                              0x0800131d   Thumb Code    94  gd32f4xx_gpio.o(i.gpio_af_set)
    gpio_bit_reset                           0x0800137b   Thumb Code     4  gd32f4xx_gpio.o(i.gpio_bit_reset)
    gpio_bit_set                             0x0800137f   Thumb Code     4  gd32f4xx_gpio.o(i.gpio_bit_set)
    gpio_bit_write                           0x08001383   Thumb Code    10  gd32f4xx_gpio.o(i.gpio_bit_write)
    gpio_input_bit_get                       0x0800138d   Thumb Code    16  gd32f4xx_gpio.o(i.gpio_input_bit_get)
    gpio_mode_set                            0x0800139d   Thumb Code    78  gd32f4xx_gpio.o(i.gpio_mode_set)
    gpio_output_bit_get                      0x080013eb   Thumb Code    16  gd32f4xx_gpio.o(i.gpio_output_bit_get)
    gpio_output_options_set                  0x080013fb   Thumb Code    66  gd32f4xx_gpio.o(i.gpio_output_options_set)
    main                                     0x0800143d   Thumb Code    46  main.o(i.main)
    nvic_irq_enable                          0x080014a5   Thumb Code   186  gd32f4xx_misc.o(i.nvic_irq_enable)
    nvic_priority_group_set                  0x08001569   Thumb Code    10  gd32f4xx_misc.o(i.nvic_priority_group_set)
    rcu_ahb_clock_config                     0x0800157d   Thumb Code    18  gd32f4xx_rcu.o(i.rcu_ahb_clock_config)
    rcu_apb1_clock_config                    0x08001595   Thumb Code    18  gd32f4xx_rcu.o(i.rcu_apb1_clock_config)
    rcu_apb2_clock_config                    0x080015ad   Thumb Code    18  gd32f4xx_rcu.o(i.rcu_apb2_clock_config)
    rcu_clock_freq_get                       0x080015c5   Thumb Code   264  gd32f4xx_rcu.o(i.rcu_clock_freq_get)
    rcu_deinit                               0x080016e9   Thumb Code   122  gd32f4xx_rcu.o(i.rcu_deinit)
    rcu_flag_get                             0x08001775   Thumb Code    32  gd32f4xx_rcu.o(i.rcu_flag_get)
    rcu_osci_on                              0x08001799   Thumb Code    32  gd32f4xx_rcu.o(i.rcu_osci_on)
    rcu_osci_stab_wait                       0x080017bd   Thumb Code   342  gd32f4xx_rcu.o(i.rcu_osci_stab_wait)
    rcu_periph_clock_enable                  0x08001919   Thumb Code    32  gd32f4xx_rcu.o(i.rcu_periph_clock_enable)
    rcu_periph_reset_disable                 0x0800193d   Thumb Code    32  gd32f4xx_rcu.o(i.rcu_periph_reset_disable)
    rcu_periph_reset_enable                  0x08001961   Thumb Code    32  gd32f4xx_rcu.o(i.rcu_periph_reset_enable)
    rcu_pll_config                           0x08001985   Thumb Code   128  gd32f4xx_rcu.o(i.rcu_pll_config)
    rcu_system_clock_source_config           0x08001a09   Thumb Code    18  gd32f4xx_rcu.o(i.rcu_system_clock_source_config)
    rcu_system_clock_source_get              0x08001a21   Thumb Code    10  gd32f4xx_rcu.o(i.rcu_system_clock_source_get)
    rcu_timer_clock_prescaler_config         0x08001a31   Thumb Code    32  gd32f4xx_rcu.o(i.rcu_timer_clock_prescaler_config)
    timer_deinit                             0x08001b59   Thumb Code   374  gd32f4xx_timer.o(i.timer_deinit)
    timer_enable                             0x08001cdd   Thumb Code    10  gd32f4xx_timer.o(i.timer_enable)
    timer_init                               0x08001ce9   Thumb Code   122  gd32f4xx_timer.o(i.timer_init)
    timer_interrupt_enable                   0x08001d81   Thumb Code     8  gd32f4xx_timer.o(i.timer_interrupt_enable)
    timer_interrupt_flag_clear               0x08001d89   Thumb Code     6  gd32f4xx_timer.o(i.timer_interrupt_flag_clear)
    timer_interrupt_flag_get                 0x08001d8f   Thumb Code    24  gd32f4xx_timer.o(i.timer_interrupt_flag_get)
    timer_struct_para_init                   0x08001da7   Thumb Code    22  gd32f4xx_timer.o(i.timer_struct_para_init)
    usart_baudrate_set                       0x08001dbd   Thumb Code   224  gd32f4xx_usart.o(i.usart_baudrate_set)
    usart_data_receive                       0x08001ea5   Thumb Code    10  gd32f4xx_usart.o(i.usart_data_receive)
    usart_data_transmit                      0x08001eaf   Thumb Code     8  gd32f4xx_usart.o(i.usart_data_transmit)
    usart_deinit                             0x08001eb9   Thumb Code   210  gd32f4xx_usart.o(i.usart_deinit)
    usart_enable                             0x08001f95   Thumb Code    10  gd32f4xx_usart.o(i.usart_enable)
    usart_flag_get                           0x08001f9f   Thumb Code    30  gd32f4xx_usart.o(i.usart_flag_get)
    usart_interrupt_disable                  0x08001fbd   Thumb Code    26  gd32f4xx_usart.o(i.usart_interrupt_disable)
    usart_interrupt_enable                   0x08001fd7   Thumb Code    26  gd32f4xx_usart.o(i.usart_interrupt_enable)
    usart_interrupt_flag_clear               0x08001ff1   Thumb Code    26  gd32f4xx_usart.o(i.usart_interrupt_flag_clear)
    usart_interrupt_flag_get                 0x0800200b   Thumb Code    56  gd32f4xx_usart.o(i.usart_interrupt_flag_get)
    usart_parity_config                      0x08002043   Thumb Code    16  gd32f4xx_usart.o(i.usart_parity_config)
    usart_receive_config                     0x08002053   Thumb Code    16  gd32f4xx_usart.o(i.usart_receive_config)
    usart_stop_bit_set                       0x08002063   Thumb Code    16  gd32f4xx_usart.o(i.usart_stop_bit_set)
    usart_transmit_config                    0x08002073   Thumb Code    16  gd32f4xx_usart.o(i.usart_transmit_config)
    usart_word_length_set                    0x08002083   Thumb Code    16  gd32f4xx_usart.o(i.usart_word_length_set)
    Region$$Table$$Base                      0x08002094   Number         0  anon$$obj.o(Region$$Table)
    Region$$Table$$Limit                     0x080020b4   Number         0  anon$$obj.o(Region$$Table)
    SystemCoreClock                          0x2000001c   Data           4  system_gd32f4xx.o(.data)
    __stdout                                 0x20000020   Data           4  stdout.o(.data)
    writebuf1                                0x20000024   Data         256  prockeyone.o(.bss)
    writebuf2                                0x20000124   Data         256  prockeyone.o(.bss)
    readbuf                                  0x20000224   Data         256  prockeyone.o(.bss)
    __initial_sp                             0x20000b40   Data           0  startup_gd32f450_470.o(STACK)



==============================================================================

Memory Map of the image

  Image Entry point : 0x080001ad

  Load Region LR_IROM1 (Base: 0x08000000, Size: 0x000020d8, Max: 0x00200000, ABSOLUTE)

    Execution Region ER_IROM1 (Exec base: 0x08000000, Load base: 0x08000000, Size: 0x000020b4, Max: 0x00200000, ABSOLUTE)

    Exec Addr    Load Addr    Size         Type   Attr      Idx    E Section Name        Object

    0x08000000   0x08000000   0x000001ac   Data   RO         2650    RESET               startup_gd32f450_470.o
    0x080001ac   0x080001ac   0x00000000   Code   RO         2701  * .ARM.Collect$$$$00000000  mc_w.l(entry.o)
    0x080001ac   0x080001ac   0x00000004   Code   RO         2965    .ARM.Collect$$$$00000001  mc_w.l(entry2.o)
    0x080001b0   0x080001b0   0x00000004   Code   RO         2968    .ARM.Collect$$$$00000004  mc_w.l(entry5.o)
    0x080001b4   0x080001b4   0x00000000   Code   RO         2970    .ARM.Collect$$$$00000008  mc_w.l(entry7b.o)
    0x080001b4   0x080001b4   0x00000000   Code   RO         2972    .ARM.Collect$$$$0000000A  mc_w.l(entry8b.o)
    0x080001b4   0x080001b4   0x00000008   Code   RO         2973    .ARM.Collect$$$$0000000B  mc_w.l(entry9a.o)
    0x080001bc   0x080001bc   0x00000000   Code   RO         2975    .ARM.Collect$$$$0000000D  mc_w.l(entry10a.o)
    0x080001bc   0x080001bc   0x00000000   Code   RO         2977    .ARM.Collect$$$$0000000F  mc_w.l(entry11a.o)
    0x080001bc   0x080001bc   0x00000004   Code   RO         2966    .ARM.Collect$$$$00002712  mc_w.l(entry2.o)
    0x080001c0   0x080001c0   0x00000024   Code   RO         2651    .text               startup_gd32f450_470.o
    0x080001e4   0x080001e4   0x00000062   Code   RO         2982    .text               mc_w.l(uldiv.o)
    0x08000246   0x08000246   0x00000002   PAD
    0x08000248   0x08000248   0x00000024   Code   RO         2995    .text               mc_w.l(init.o)
    0x0800026c   0x0800026c   0x0000001e   Code   RO         2997    .text               mc_w.l(llshl.o)
    0x0800028a   0x0800028a   0x00000020   Code   RO         2999    .text               mc_w.l(llushr.o)
    0x080002aa   0x080002aa   0x00000004   Code   RO         2576    i.BusFault_Handler  gd32f4xx_it.o
    0x080002ae   0x080002ae   0x00000002   PAD
    0x080002b0   0x080002b0   0x0000000c   Code   RO          453    i.Clr1SecFlag       timer.o
    0x080002bc   0x080002bc   0x0000000c   Code   RO          454    i.Clr2msFlag        timer.o
    0x080002c8   0x080002c8   0x0000004c   Code   RO          250    i.ConfigKeyOneGPIO  keyone.o
    0x08000314   0x08000314   0x00000064   Code   RO          214    i.ConfigLEDGPIO     led.o
    0x08000378   0x08000378   0x0000000c   Code   RO         2494    i.ConfigNVIC        nvic.o
    0x08000384   0x08000384   0x0000006e   Code   RO          650    i.ConfigRCU         rcu.o
    0x080003f2   0x080003f2   0x00000002   PAD
    0x080003f4   0x080003f4   0x00000090   Code   RO          679    i.ConfigSPIGPIO     spi.o
    0x08000484   0x08000484   0x00000052   Code   RO          455    i.ConfigTimer1      timer.o
    0x080004d6   0x080004d6   0x00000002   PAD
    0x080004d8   0x080004d8   0x00000050   Code   RO          456    i.ConfigTimer4      timer.o
    0x08000528   0x08000528   0x000000d4   Code   RO          570    i.ConfigUART        uart0.o
    0x080005fc   0x080005fc   0x00000044   Code   RO          523    i.DeQueue           queue.o
    0x08000640   0x08000640   0x00000002   Code   RO         2577    i.DebugMon_Handler  gd32f4xx_it.o
    0x08000642   0x08000642   0x00000002   PAD
    0x08000644   0x08000644   0x00000024   Code   RO         2523    i.DelayNms          systick.o
    0x08000668   0x08000668   0x0000000c   Code   RO          680    i.Delayus           spi.o
    0x08000674   0x08000674   0x00000048   Code   RO          524    i.EnQueue           queue.o
    0x080006bc   0x080006bc   0x00000058   Code   RO          358    i.GD25Q16PageProgram  gd25qxx.o
    0x08000714   0x08000714   0x00000050   Code   RO          359    i.GD25Q16Read       gd25qxx.o
    0x08000764   0x08000764   0x00000038   Code   RO          361    i.GD25Q16ReadJEDEID  gd25qxx.o
    0x0800079c   0x0800079c   0x0000000c   Code   RO          681    i.GD25Q16ReadWriteDate  spi.o
    0x080007a8   0x080007a8   0x00000034   Code   RO          363    i.GD25Q16WaitForWriteEnd  gd25qxx.o
    0x080007dc   0x080007dc   0x00000084   Code   RO          364    i.GD25Q16Write      gd25qxx.o
    0x08000860   0x08000860   0x00000020   Code   RO          365    i.GD25Q16WriteEnable  gd25qxx.o
    0x08000880   0x08000880   0x00000040   Code   RO          368    i.GD25Q16X4KErase   gd25qxx.o
    0x080008c0   0x080008c0   0x0000000c   Code   RO          457    i.Get1SecFlag       timer.o
    0x080008cc   0x080008cc   0x0000000c   Code   RO          458    i.Get2msFlag        timer.o
    0x080008d8   0x080008d8   0x00000004   Code   RO         2578    i.HardFault_Handler  gd32f4xx_it.o
    0x080008dc   0x080008dc   0x00000008   Code   RO          370    i.InitGD25QXX       gd25qxx.o
    0x080008e4   0x080008e4   0x0000002c   Code   RO            4    i.InitHardware      main.o
    0x08000910   0x08000910   0x00000018   Code   RO          251    i.InitKeyOne        keyone.o
    0x08000928   0x08000928   0x00000008   Code   RO          215    i.InitLED           led.o
    0x08000930   0x08000930   0x00000008   Code   RO         2495    i.InitNVIC          nvic.o
    0x08000938   0x08000938   0x00000002   Code   RO          287    i.InitProcKeyOne    prockeyone.o
    0x0800093a   0x0800093a   0x00000024   Code   RO          525    i.InitQueue         queue.o
    0x0800095e   0x0800095e   0x00000008   Code   RO          651    i.InitRCU           rcu.o
    0x08000966   0x08000966   0x00000002   PAD
    0x08000968   0x08000968   0x0000002c   Code   RO          682    i.InitSPI           spi.o
    0x08000994   0x08000994   0x00000008   Code   RO            5    i.InitSoftware      main.o
    0x0800099c   0x0800099c   0x00000068   Code   RO         2525    i.InitSysTick       systick.o
    0x08000a04   0x08000a04   0x00000018   Code   RO          459    i.InitTimer         timer.o
    0x08000a1c   0x08000a1c   0x00000010   Code   RO          572    i.InitUART0         uart0.o
    0x08000a2c   0x08000a2c   0x00000044   Code   RO          573    i.InitUARTBuf       uart0.o
    0x08000a70   0x08000a70   0x0000005c   Code   RO          216    i.LEDFlicker        led.o
    0x08000acc   0x08000acc   0x00000004   Code   RO         2579    i.MemManage_Handler  gd32f4xx_it.o
    0x08000ad0   0x08000ad0   0x00000002   Code   RO         2580    i.NMI_Handler       gd32f4xx_it.o
    0x08000ad2   0x08000ad2   0x00000002   Code   RO         2581    i.PendSV_Handler    gd32f4xx_it.o
    0x08000ad4   0x08000ad4   0x0000000e   Code   RO            6    i.Proc1SecTask      main.o
    0x08000ae2   0x08000ae2   0x00000002   PAD
    0x08000ae4   0x08000ae4   0x0000006c   Code   RO            7    i.Proc2msTask       main.o
    0x08000b50   0x08000b50   0x00000044   Code   RO          288    i.ProcKeyDownKey1   prockeyone.o
    0x08000b94   0x08000b94   0x00000050   Code   RO          289    i.ProcKeyDownKey2   prockeyone.o
    0x08000be4   0x08000be4   0x0000005c   Code   RO          290    i.ProcKeyDownKey3   prockeyone.o
    0x08000c40   0x08000c40   0x00000002   Code   RO          291    i.ProcKeyUpKey1     prockeyone.o
    0x08000c42   0x08000c42   0x00000002   Code   RO          292    i.ProcKeyUpKey2     prockeyone.o
    0x08000c44   0x08000c44   0x00000002   Code   RO          293    i.ProcKeyUpKey3     prockeyone.o
    0x08000c46   0x08000c46   0x0000000e   Code   RO          526    i.QueueEmpty        queue.o
    0x08000c54   0x08000c54   0x0000001c   Code   RO          574    i.ReadSendBuf       uart0.o
    0x08000c70   0x08000c70   0x00000054   Code   RO          683    i.SPIReadWriteByte  spi.o
    0x08000cc4   0x08000cc4   0x00000024   Code   RO          684    i.SPISetMOSI        spi.o
    0x08000ce8   0x08000ce8   0x00000002   Code   RO         2582    i.SVC_Handler       gd32f4xx_it.o
    0x08000cea   0x08000cea   0x00000002   PAD
    0x08000cec   0x08000cec   0x000000b8   Code   RO          252    i.ScanKeyOne        keyone.o
    0x08000da4   0x08000da4   0x00000008   Code   RO         2526    i.SysTick_Handler   systick.o
    0x08000dac   0x08000dac   0x000000c8   Code   RO         2659    i.SystemInit        system_gd32f4xx.o
    0x08000e74   0x08000e74   0x0000003c   Code   RO          460    i.TIMER1_IRQHandler  timer.o
    0x08000eb0   0x08000eb0   0x00000048   Code   RO          461    i.TIMER4_IRQHandler  timer.o
    0x08000ef8   0x08000ef8   0x00000018   Code   RO         2527    i.TimDelayDec       systick.o
    0x08000f10   0x08000f10   0x000000b4   Code   RO          576    i.USART0_IRQHandler  uart0.o
    0x08000fc4   0x08000fc4   0x00000004   Code   RO         2583    i.UsageFault_Handler  gd32f4xx_it.o
    0x08000fc8   0x08000fc8   0x00000018   Code   RO          577    i.WriteReceiveBuf   uart0.o
    0x08000fe0   0x08000fe0   0x00000020   Code   RO         2837    i.__0printf$5       mc_w.l(printf5.o)
    0x08001000   0x08001000   0x0000000e   Code   RO         3007    i.__scatterload_copy  mc_w.l(handlers.o)
    0x0800100e   0x0800100e   0x00000002   Code   RO         3008    i.__scatterload_null  mc_w.l(handlers.o)
    0x08001010   0x08001010   0x0000000e   Code   RO         3009    i.__scatterload_zeroinit  mc_w.l(handlers.o)
    0x0800101e   0x0800101e   0x00000002   PAD
    0x08001020   0x08001020   0x000002c0   Code   RO         2844    i._printf_core      mc_w.l(printf5.o)
    0x080012e0   0x080012e0   0x00000018   Code   RO          748    i.fmc_wscnt_set     gd32f4xx_fmc.o
    0x080012f8   0x080012f8   0x00000024   Code   RO          579    i.fputc             uart0.o
    0x0800131c   0x0800131c   0x0000005e   Code   RO          976    i.gpio_af_set       gd32f4xx_gpio.o
    0x0800137a   0x0800137a   0x00000004   Code   RO          977    i.gpio_bit_reset    gd32f4xx_gpio.o
    0x0800137e   0x0800137e   0x00000004   Code   RO          978    i.gpio_bit_set      gd32f4xx_gpio.o
    0x08001382   0x08001382   0x0000000a   Code   RO          980    i.gpio_bit_write    gd32f4xx_gpio.o
    0x0800138c   0x0800138c   0x00000010   Code   RO          982    i.gpio_input_bit_get  gd32f4xx_gpio.o
    0x0800139c   0x0800139c   0x0000004e   Code   RO          984    i.gpio_mode_set     gd32f4xx_gpio.o
    0x080013ea   0x080013ea   0x00000010   Code   RO          985    i.gpio_output_bit_get  gd32f4xx_gpio.o
    0x080013fa   0x080013fa   0x00000042   Code   RO          986    i.gpio_output_options_set  gd32f4xx_gpio.o
    0x0800143c   0x0800143c   0x00000068   Code   RO            8    i.main              main.o
    0x080014a4   0x080014a4   0x000000c4   Code   RO         1085    i.nvic_irq_enable   gd32f4xx_misc.o
    0x08001568   0x08001568   0x00000014   Code   RO         1086    i.nvic_priority_group_set  gd32f4xx_misc.o
    0x0800157c   0x0800157c   0x00000018   Code   RO         1144    i.rcu_ahb_clock_config  gd32f4xx_rcu.o
    0x08001594   0x08001594   0x00000018   Code   RO         1146    i.rcu_apb1_clock_config  gd32f4xx_rcu.o
    0x080015ac   0x080015ac   0x00000018   Code   RO         1147    i.rcu_apb2_clock_config  gd32f4xx_rcu.o
    0x080015c4   0x080015c4   0x00000124   Code   RO         1153    i.rcu_clock_freq_get  gd32f4xx_rcu.o
    0x080016e8   0x080016e8   0x0000008c   Code   RO         1155    i.rcu_deinit        gd32f4xx_rcu.o
    0x08001774   0x08001774   0x00000024   Code   RO         1156    i.rcu_flag_get      gd32f4xx_rcu.o
    0x08001798   0x08001798   0x00000024   Code   RO         1169    i.rcu_osci_on       gd32f4xx_rcu.o
    0x080017bc   0x080017bc   0x0000015c   Code   RO         1170    i.rcu_osci_stab_wait  gd32f4xx_rcu.o
    0x08001918   0x08001918   0x00000024   Code   RO         1172    i.rcu_periph_clock_enable  gd32f4xx_rcu.o
    0x0800193c   0x0800193c   0x00000024   Code   RO         1175    i.rcu_periph_reset_disable  gd32f4xx_rcu.o
    0x08001960   0x08001960   0x00000024   Code   RO         1176    i.rcu_periph_reset_enable  gd32f4xx_rcu.o
    0x08001984   0x08001984   0x00000084   Code   RO         1178    i.rcu_pll_config    gd32f4xx_rcu.o
    0x08001a08   0x08001a08   0x00000018   Code   RO         1186    i.rcu_system_clock_source_config  gd32f4xx_rcu.o
    0x08001a20   0x08001a20   0x00000010   Code   RO         1187    i.rcu_system_clock_source_get  gd32f4xx_rcu.o
    0x08001a30   0x08001a30   0x00000024   Code   RO         1188    i.rcu_timer_clock_prescaler_config  gd32f4xx_rcu.o
    0x08001a54   0x08001a54   0x000000fc   Code   RO         2660    i.system_clock_240m_25m_hxtal  system_gd32f4xx.o
    0x08001b50   0x08001b50   0x00000008   Code   RO         2661    i.system_clock_config  system_gd32f4xx.o
    0x08001b58   0x08001b58   0x00000184   Code   RO         1476    i.timer_deinit      gd32f4xx_timer.o
    0x08001cdc   0x08001cdc   0x0000000a   Code   RO         1481    i.timer_enable      gd32f4xx_timer.o
    0x08001ce6   0x08001ce6   0x00000002   PAD
    0x08001ce8   0x08001ce8   0x00000098   Code   RO         1491    i.timer_init        gd32f4xx_timer.o
    0x08001d80   0x08001d80   0x00000008   Code   RO         1498    i.timer_interrupt_enable  gd32f4xx_timer.o
    0x08001d88   0x08001d88   0x00000006   Code   RO         1499    i.timer_interrupt_flag_clear  gd32f4xx_timer.o
    0x08001d8e   0x08001d8e   0x00000018   Code   RO         1500    i.timer_interrupt_flag_get  gd32f4xx_timer.o
    0x08001da6   0x08001da6   0x00000016   Code   RO         1511    i.timer_struct_para_init  gd32f4xx_timer.o
    0x08001dbc   0x08001dbc   0x000000e8   Code   RO         1895    i.usart_baudrate_set  gd32f4xx_usart.o
    0x08001ea4   0x08001ea4   0x0000000a   Code   RO         1899    i.usart_data_receive  gd32f4xx_usart.o
    0x08001eae   0x08001eae   0x00000008   Code   RO         1900    i.usart_data_transmit  gd32f4xx_usart.o
    0x08001eb6   0x08001eb6   0x00000002   PAD
    0x08001eb8   0x08001eb8   0x000000dc   Code   RO         1901    i.usart_deinit      gd32f4xx_usart.o
    0x08001f94   0x08001f94   0x0000000a   Code   RO         1905    i.usart_enable      gd32f4xx_usart.o
    0x08001f9e   0x08001f9e   0x0000001e   Code   RO         1907    i.usart_flag_get    gd32f4xx_usart.o
    0x08001fbc   0x08001fbc   0x0000001a   Code   RO         1914    i.usart_interrupt_disable  gd32f4xx_usart.o
    0x08001fd6   0x08001fd6   0x0000001a   Code   RO         1915    i.usart_interrupt_enable  gd32f4xx_usart.o
    0x08001ff0   0x08001ff0   0x0000001a   Code   RO         1916    i.usart_interrupt_flag_clear  gd32f4xx_usart.o
    0x0800200a   0x0800200a   0x00000038   Code   RO         1917    i.usart_interrupt_flag_get  gd32f4xx_usart.o
    0x08002042   0x08002042   0x00000010   Code   RO         1930    i.usart_parity_config  gd32f4xx_usart.o
    0x08002052   0x08002052   0x00000010   Code   RO         1932    i.usart_receive_config  gd32f4xx_usart.o
    0x08002062   0x08002062   0x00000010   Code   RO         1943    i.usart_stop_bit_set  gd32f4xx_usart.o
    0x08002072   0x08002072   0x00000010   Code   RO         1947    i.usart_transmit_config  gd32f4xx_usart.o
    0x08002082   0x08002082   0x00000010   Code   RO         1948    i.usart_word_length_set  gd32f4xx_usart.o
    0x08002092   0x08002092   0x00000002   PAD
    0x08002094   0x08002094   0x00000020   Data   RO         3005    Region$$Table       anon$$obj.o


    Execution Region RW_IRAM1 (Exec base: 0x20000000, Load base: 0x080020b4, Size: 0x00000b40, Max: 0x00070000, ABSOLUTE)

    Exec Addr    Load Addr    Size         Type   Attr      Idx    E Section Name        Object

    0x20000000   0x080020b4   0x00000002   Data   RW            9    .data               main.o
    0x20000002   0x080020b6   0x00000002   Data   RW          217    .data               led.o
    0x20000004   0x080020b8   0x00000009   Data   RW          253    .data               keyone.o
    0x2000000d   0x080020c1   0x00000001   PAD
    0x2000000e   0x080020c2   0x00000006   Data   RW          462    .data               timer.o
    0x20000014   0x080020c8   0x00000001   Data   RW          581    .data               uart0.o
    0x20000015   0x080020c9   0x00000003   PAD
    0x20000018   0x080020cc   0x00000004   Data   RW         2528    .data               systick.o
    0x2000001c   0x080020d0   0x00000004   Data   RW         2662    .data               system_gd32f4xx.o
    0x20000020   0x080020d4   0x00000004   Data   RW         2979    .data               mc_w.l(stdout.o)
    0x20000024        -       0x00000300   Zero   RW          294    .bss                prockeyone.o
    0x20000324        -       0x00000418   Zero   RW          580    .bss                uart0.o
    0x2000073c   0x080020d8   0x00000004   PAD
    0x20000740        -       0x00000400   Zero   RW         2648    STACK               startup_gd32f450_470.o


==============================================================================

Image component sizes


      Code (inc. data)   RO Data    RW Data    ZI Data      Debug   Object Name

       512         32          0          0          0       5953   gd25qxx.o
        24          6          0          0          0        620   gd32f4xx_fmc.o
       288          0          0          0          0       5960   gd32f4xx_gpio.o
        24          0          0          0          0       4476   gd32f4xx_it.o
       216         20          0          0          0       1556   gd32f4xx_misc.o
      1240        110          0          0          0      11429   gd32f4xx_rcu.o
       610         44          0          0          0       5285   gd32f4xx_timer.o
       724         18          0          0          0      10632   gd32f4xx_usart.o
       284         42          0          9          0       2862   keyone.o
       200         22          0          2          0       1767   led.o
       278         86          0          2          0      69559   main.o
        20          0          0          0          0       1079   nvic.o
       248         62          0          0        768       6444   prockeyone.o
       190          0          0          0          0       3757   queue.o
       118          0          0          0          0       1190   rcu.o
       332         30          0          0          0       3619   spi.o
        36          8        428          0       1024        900   startup_gd32f450_470.o
       460         28          0          4          0       2991   system_gd32f4xx.o
       172         24          0          4          0      32898   systick.o
       366         46          0          6          0       5786   timer.o
       564         72          0          1       1048      35627   uart0.o

    ----------------------------------------------------------------------
      6926        650        460         32       2844     214390   Object Totals
         0          0         32          0          0          0   (incl. Generated)
        20          0          0          4          4          0   (incl. Padding)

    ----------------------------------------------------------------------

      Code (inc. data)   RO Data    RW Data    ZI Data      Debug   Library Member Name

         0          0          0          0          0          0   entry.o
         0          0          0          0          0          0   entry10a.o
         0          0          0          0          0          0   entry11a.o
         8          4          0          0          0          0   entry2.o
         4          0          0          0          0          0   entry5.o
         0          0          0          0          0          0   entry7b.o
         0          0          0          0          0          0   entry8b.o
         8          4          0          0          0          0   entry9a.o
        30          0          0          0          0          0   handlers.o
        36          8          0          0          0         68   init.o
        30          0          0          0          0         68   llshl.o
        32          0          0          0          0         68   llushr.o
       736         56          0          0          0        184   printf5.o
         0          0          0          4          0          0   stdout.o
        98          0          0          0          0         92   uldiv.o

    ----------------------------------------------------------------------
       986         72          0          4          0        480   Library Totals
         4          0          0          0          0          0   (incl. Padding)

    ----------------------------------------------------------------------

      Code (inc. data)   RO Data    RW Data    ZI Data      Debug   Library Name

       982         72          0          4          0        480   mc_w.l

    ----------------------------------------------------------------------
       986         72          0          4          0        480   Library Totals

    ----------------------------------------------------------------------

==============================================================================


      Code (inc. data)   RO Data    RW Data    ZI Data      Debug   

      7912        722        460         36       2844     203718   Grand Totals
      7912        722        460         36       2844     203718   ELF Image Totals
      7912        722        460         36          0          0   ROM Totals

==============================================================================

    Total RO  Size (Code + RO Data)                 8372 (   8.18kB)
    Total RW  Size (RW Data + ZI Data)              2880 (   2.81kB)
    Total ROM Size (Code + RO Data + RW Data)       8408 (   8.21kB)

==============================================================================

