<!doctype html public "-//w3c//dtd html 4.0 transitional//en">
<html><head>
<title>Static Call Graph - [.\Objects\GD32KeilPrj.axf]</title></head>
<body><HR>
<H1>Static Call Graph for image .\Objects\GD32KeilPrj.axf</H1><HR>
<BR><P>#&#060CALLGRAPH&#062# ARM Linker, 5060750: Last Updated: Tue Aug 16 10:20:42 2022
<BR><P>
<H3>Maximum Stack Usage =        448 bytes + Unknown(Cycles, Untraceable Function Pointers)</H3><H3>
Call chain for Maximum Stack Depth:</H3>
main &rArr; Proc2msTask &rArr; KeyboardTopTask &rArr; GUITask &rArr; ScanGUIButton &rArr; ScanButtonWidget &rArr; DrawBackground &rArr; GUIDrawImage &rArr; DisplayJPEGInFlash &rArr; jd_decomp &rArr; mcu_load &rArr; block_idct
<P>
<H3>
Mutually Recursive functions
</H3> <LI><a href="#[2f]">ADC_IRQHandler</a>&nbsp;&nbsp;&nbsp;&rArr;&nbsp;&nbsp;&nbsp;<a href="#[2f]">ADC_IRQHandler</a><BR>
</UL>
<P>
<H3>
Function Pointers
</H3><UL>
 <LI><a href="#[2f]">ADC_IRQHandler</a> from startup_gd32f450_470.o(.text) referenced from startup_gd32f450_470.o(RESET)
 <LI><a href="#[17]">BusFault_Handler</a> from gd32f4xx_it.o(i.BusFault_Handler) referenced from startup_gd32f450_470.o(RESET)
 <LI><a href="#[80]">ButtonPressCallback</a> from guibutton.o(i.ButtonPressCallback) referenced from guibutton.o(i.InitGUIButton)
 <LI><a href="#[33]">CAN0_EWMC_IRQHandler</a> from startup_gd32f450_470.o(.text) referenced from startup_gd32f450_470.o(RESET)
 <LI><a href="#[31]">CAN0_RX0_IRQHandler</a> from startup_gd32f450_470.o(.text) referenced from startup_gd32f450_470.o(RESET)
 <LI><a href="#[32]">CAN0_RX1_IRQHandler</a> from startup_gd32f450_470.o(.text) referenced from startup_gd32f450_470.o(RESET)
 <LI><a href="#[30]">CAN0_TX_IRQHandler</a> from startup_gd32f450_470.o(.text) referenced from startup_gd32f450_470.o(RESET)
 <LI><a href="#[5f]">CAN1_EWMC_IRQHandler</a> from startup_gd32f450_470.o(.text) referenced from startup_gd32f450_470.o(RESET)
 <LI><a href="#[5d]">CAN1_RX0_IRQHandler</a> from startup_gd32f450_470.o(.text) referenced from startup_gd32f450_470.o(RESET)
 <LI><a href="#[5e]">CAN1_RX1_IRQHandler</a> from startup_gd32f450_470.o(.text) referenced from startup_gd32f450_470.o(RESET)
 <LI><a href="#[5c]">CAN1_TX_IRQHandler</a> from startup_gd32f450_470.o(.text) referenced from startup_gd32f450_470.o(RESET)
 <LI><a href="#[7e]">ConfigSDAMode</a> from gt1151q.o(i.ConfigSDAMode) referenced from gt1151q.o(i.InitGT1151Q)
 <LI><a href="#[6b]">DCI_IRQHandler</a> from startup_gd32f450_470.o(.text) referenced from startup_gd32f450_470.o(RESET)
 <LI><a href="#[28]">DMA0_Channel0_IRQHandler</a> from startup_gd32f450_470.o(.text) referenced from startup_gd32f450_470.o(RESET)
 <LI><a href="#[29]">DMA0_Channel1_IRQHandler</a> from startup_gd32f450_470.o(.text) referenced from startup_gd32f450_470.o(RESET)
 <LI><a href="#[2a]">DMA0_Channel2_IRQHandler</a> from startup_gd32f450_470.o(.text) referenced from startup_gd32f450_470.o(RESET)
 <LI><a href="#[2b]">DMA0_Channel3_IRQHandler</a> from startup_gd32f450_470.o(.text) referenced from startup_gd32f450_470.o(RESET)
 <LI><a href="#[2c]">DMA0_Channel4_IRQHandler</a> from startup_gd32f450_470.o(.text) referenced from startup_gd32f450_470.o(RESET)
 <LI><a href="#[2d]">DMA0_Channel5_IRQHandler</a> from startup_gd32f450_470.o(.text) referenced from startup_gd32f450_470.o(RESET)
 <LI><a href="#[2e]">DMA0_Channel6_IRQHandler</a> from startup_gd32f450_470.o(.text) referenced from startup_gd32f450_470.o(RESET)
 <LI><a href="#[4c]">DMA0_Channel7_IRQHandler</a> from startup_gd32f450_470.o(.text) referenced from startup_gd32f450_470.o(RESET)
 <LI><a href="#[55]">DMA1_Channel0_IRQHandler</a> from startup_gd32f450_470.o(.text) referenced from startup_gd32f450_470.o(RESET)
 <LI><a href="#[56]">DMA1_Channel1_IRQHandler</a> from startup_gd32f450_470.o(.text) referenced from startup_gd32f450_470.o(RESET)
 <LI><a href="#[57]">DMA1_Channel2_IRQHandler</a> from startup_gd32f450_470.o(.text) referenced from startup_gd32f450_470.o(RESET)
 <LI><a href="#[58]">DMA1_Channel3_IRQHandler</a> from startup_gd32f450_470.o(.text) referenced from startup_gd32f450_470.o(RESET)
 <LI><a href="#[59]">DMA1_Channel4_IRQHandler</a> from startup_gd32f450_470.o(.text) referenced from startup_gd32f450_470.o(RESET)
 <LI><a href="#[61]">DMA1_Channel5_IRQHandler</a> from startup_gd32f450_470.o(.text) referenced from startup_gd32f450_470.o(RESET)
 <LI><a href="#[62]">DMA1_Channel6_IRQHandler</a> from startup_gd32f450_470.o(.text) referenced from startup_gd32f450_470.o(RESET)
 <LI><a href="#[63]">DMA1_Channel7_IRQHandler</a> from startup_gd32f450_470.o(.text) referenced from startup_gd32f450_470.o(RESET)
 <LI><a href="#[1a]">DebugMon_Handler</a> from gd32f4xx_it.o(i.DebugMon_Handler) referenced from startup_gd32f450_470.o(RESET)
 <LI><a href="#[7f]">Delay</a> from gt1151q.o(i.Delay) referenced from gt1151q.o(i.InitGT1151Q)
 <LI><a href="#[5a]">ENET_IRQHandler</a> from startup_gd32f450_470.o(.text) referenced from startup_gd32f450_470.o(RESET)
 <LI><a href="#[5b]">ENET_WKUP_IRQHandler</a> from startup_gd32f450_470.o(.text) referenced from startup_gd32f450_470.o(RESET)
 <LI><a href="#[4d]">EXMC_IRQHandler</a> from startup_gd32f450_470.o(.text) referenced from startup_gd32f450_470.o(RESET)
 <LI><a href="#[23]">EXTI0_IRQHandler</a> from startup_gd32f450_470.o(.text) referenced from startup_gd32f450_470.o(RESET)
 <LI><a href="#[45]">EXTI10_15_IRQHandler</a> from startup_gd32f450_470.o(.text) referenced from startup_gd32f450_470.o(RESET)
 <LI><a href="#[24]">EXTI1_IRQHandler</a> from startup_gd32f450_470.o(.text) referenced from startup_gd32f450_470.o(RESET)
 <LI><a href="#[25]">EXTI2_IRQHandler</a> from startup_gd32f450_470.o(.text) referenced from startup_gd32f450_470.o(RESET)
 <LI><a href="#[26]">EXTI3_IRQHandler</a> from startup_gd32f450_470.o(.text) referenced from startup_gd32f450_470.o(RESET)
 <LI><a href="#[27]">EXTI4_IRQHandler</a> from startup_gd32f450_470.o(.text) referenced from startup_gd32f450_470.o(RESET)
 <LI><a href="#[34]">EXTI5_9_IRQHandler</a> from startup_gd32f450_470.o(.text) referenced from startup_gd32f450_470.o(RESET)
 <LI><a href="#[21]">FMC_IRQHandler</a> from startup_gd32f450_470.o(.text) referenced from startup_gd32f450_470.o(RESET)
 <LI><a href="#[6d]">FPU_IRQHandler</a> from startup_gd32f450_470.o(.text) referenced from startup_gd32f450_470.o(RESET)
 <LI><a href="#[7d]">GetSDA</a> from gt1151q.o(i.GetSDA) referenced from gt1151q.o(i.InitGT1151Q)
 <LI><a href="#[15]">HardFault_Handler</a> from gd32f4xx_it.o(i.HardFault_Handler) referenced from startup_gd32f450_470.o(RESET)
 <LI><a href="#[82]">HidDataProcess</a> from keyboard.o(i.HidDataProcess) referenced from keyboard.o(i.InitKeyboard)
 <LI><a href="#[81]">HidPreConfig</a> from keyboard.o(i.HidPreConfig) referenced from keyboard.o(i.InitKeyboard)
 <LI><a href="#[3d]">I2C0_ER_IRQHandler</a> from startup_gd32f450_470.o(.text) referenced from startup_gd32f450_470.o(RESET)
 <LI><a href="#[3c]">I2C0_EV_IRQHandler</a> from startup_gd32f450_470.o(.text) referenced from startup_gd32f450_470.o(RESET)
 <LI><a href="#[3f]">I2C1_ER_IRQHandler</a> from startup_gd32f450_470.o(.text) referenced from startup_gd32f450_470.o(RESET)
 <LI><a href="#[3e]">I2C1_EV_IRQHandler</a> from startup_gd32f450_470.o(.text) referenced from startup_gd32f450_470.o(RESET)
 <LI><a href="#[66]">I2C2_ER_IRQHandler</a> from startup_gd32f450_470.o(.text) referenced from startup_gd32f450_470.o(RESET)
 <LI><a href="#[65]">I2C2_EV_IRQHandler</a> from startup_gd32f450_470.o(.text) referenced from startup_gd32f450_470.o(RESET)
 <LI><a href="#[75]">IPA_IRQHandler</a> from startup_gd32f450_470.o(.text) referenced from startup_gd32f450_470.o(RESET)
 <LI><a href="#[79]">JpegInfunc</a> from jpeg.o(i.JpegInfunc) referenced from jpeg.o(i.DisplayJPEGInFlash)
 <LI><a href="#[7a]">JpegOutfunc</a> from jpeg.o(i.JpegOutfunc) referenced from jpeg.o(i.DisplayJPEGInFlash)
 <LI><a href="#[83]">KeyCallback</a> from keyboardtop.o(i.KeyCallback) referenced from keyboardtop.o(i.InitKeyboardTop)
 <LI><a href="#[1e]">LVD_IRQHandler</a> from startup_gd32f450_470.o(.text) referenced from startup_gd32f450_470.o(RESET)
 <LI><a href="#[16]">MemManage_Handler</a> from gd32f4xx_it.o(i.MemManage_Handler) referenced from startup_gd32f450_470.o(RESET)
 <LI><a href="#[14]">NMI_Handler</a> from gd32f4xx_it.o(i.NMI_Handler) referenced from startup_gd32f450_470.o(RESET)
 <LI><a href="#[1b]">PendSV_Handler</a> from gd32f4xx_it.o(i.PendSV_Handler) referenced from startup_gd32f450_470.o(RESET)
 <LI><a href="#[22]">RCU_CTC_IRQHandler</a> from startup_gd32f450_470.o(.text) referenced from startup_gd32f450_470.o(RESET)
 <LI><a href="#[46]">RTC_Alarm_IRQHandler</a> from startup_gd32f450_470.o(.text) referenced from startup_gd32f450_470.o(RESET)
 <LI><a href="#[20]">RTC_WKUP_IRQHandler</a> from startup_gd32f450_470.o(.text) referenced from startup_gd32f450_470.o(RESET)
 <LI><a href="#[13]">Reset_Handler</a> from startup_gd32f450_470.o(.text) referenced from startup_gd32f450_470.o(RESET)
 <LI><a href="#[4e]">SDIO_IRQHandler</a> from startup_gd32f450_470.o(.text) referenced from startup_gd32f450_470.o(RESET)
 <LI><a href="#[40]">SPI0_IRQHandler</a> from startup_gd32f450_470.o(.text) referenced from startup_gd32f450_470.o(RESET)
 <LI><a href="#[41]">SPI1_IRQHandler</a> from startup_gd32f450_470.o(.text) referenced from startup_gd32f450_470.o(RESET)
 <LI><a href="#[50]">SPI2_IRQHandler</a> from startup_gd32f450_470.o(.text) referenced from startup_gd32f450_470.o(RESET)
 <LI><a href="#[70]">SPI3_IRQHandler</a> from startup_gd32f450_470.o(.text) referenced from startup_gd32f450_470.o(RESET)
 <LI><a href="#[71]">SPI4_IRQHandler</a> from startup_gd32f450_470.o(.text) referenced from startup_gd32f450_470.o(RESET)
 <LI><a href="#[72]">SPI5_IRQHandler</a> from startup_gd32f450_470.o(.text) referenced from startup_gd32f450_470.o(RESET)
 <LI><a href="#[19]">SVC_Handler</a> from gd32f4xx_it.o(i.SVC_Handler) referenced from startup_gd32f450_470.o(RESET)
 <LI><a href="#[7b]">SetSCL</a> from gt1151q.o(i.SetSCL) referenced from gt1151q.o(i.InitGT1151Q)
 <LI><a href="#[7c]">SetSDA</a> from gt1151q.o(i.SetSDA) referenced from gt1151q.o(i.InitGT1151Q)
 <LI><a href="#[1c]">SysTick_Handler</a> from systick.o(i.SysTick_Handler) referenced from startup_gd32f450_470.o(RESET)
 <LI><a href="#[77]">SystemInit</a> from system_gd32f4xx.o(i.SystemInit) referenced from startup_gd32f450_470.o(.text)
 <LI><a href="#[1f]">TAMPER_STAMP_IRQHandler</a> from startup_gd32f450_470.o(.text) referenced from startup_gd32f450_470.o(RESET)
 <LI><a href="#[35]">TIMER0_BRK_TIMER8_IRQHandler</a> from startup_gd32f450_470.o(.text) referenced from startup_gd32f450_470.o(RESET)
 <LI><a href="#[38]">TIMER0_Channel_IRQHandler</a> from startup_gd32f450_470.o(.text) referenced from startup_gd32f450_470.o(RESET)
 <LI><a href="#[37]">TIMER0_TRG_CMT_TIMER10_IRQHandler</a> from startup_gd32f450_470.o(.text) referenced from startup_gd32f450_470.o(RESET)
 <LI><a href="#[36]">TIMER0_UP_TIMER9_IRQHandler</a> from startup_gd32f450_470.o(.text) referenced from startup_gd32f450_470.o(RESET)
 <LI><a href="#[39]">TIMER1_IRQHandler</a> from timer.o(i.TIMER1_IRQHandler) referenced from startup_gd32f450_470.o(RESET)
 <LI><a href="#[3a]">TIMER2_IRQHandler</a> from startup_gd32f450_470.o(.text) referenced from startup_gd32f450_470.o(RESET)
 <LI><a href="#[3b]">TIMER3_IRQHandler</a> from startup_gd32f450_470.o(.text) referenced from startup_gd32f450_470.o(RESET)
 <LI><a href="#[4f]">TIMER4_IRQHandler</a> from timer.o(i.TIMER4_IRQHandler) referenced from startup_gd32f450_470.o(RESET)
 <LI><a href="#[53]">TIMER5_DAC_IRQHandler</a> from startup_gd32f450_470.o(.text) referenced from startup_gd32f450_470.o(RESET)
 <LI><a href="#[54]">TIMER6_IRQHandler</a> from startup_gd32f450_470.o(.text) referenced from startup_gd32f450_470.o(RESET)
 <LI><a href="#[48]">TIMER7_BRK_TIMER11_IRQHandler</a> from startup_gd32f450_470.o(.text) referenced from startup_gd32f450_470.o(RESET)
 <LI><a href="#[4b]">TIMER7_Channel_IRQHandler</a> from startup_gd32f450_470.o(.text) referenced from startup_gd32f450_470.o(RESET)
 <LI><a href="#[4a]">TIMER7_TRG_CMT_TIMER13_IRQHandler</a> from startup_gd32f450_470.o(.text) referenced from startup_gd32f450_470.o(RESET)
 <LI><a href="#[49]">TIMER7_UP_TIMER12_IRQHandler</a> from startup_gd32f450_470.o(.text) referenced from startup_gd32f450_470.o(RESET)
 <LI><a href="#[74]">TLI_ER_IRQHandler</a> from startup_gd32f450_470.o(.text) referenced from startup_gd32f450_470.o(RESET)
 <LI><a href="#[73]">TLI_IRQHandler</a> from startup_gd32f450_470.o(.text) referenced from startup_gd32f450_470.o(RESET)
 <LI><a href="#[6c]">TRNG_IRQHandler</a> from startup_gd32f450_470.o(.text) referenced from startup_gd32f450_470.o(RESET)
 <LI><a href="#[51]">UART3_IRQHandler</a> from startup_gd32f450_470.o(.text) referenced from startup_gd32f450_470.o(RESET)
 <LI><a href="#[52]">UART4_IRQHandler</a> from startup_gd32f450_470.o(.text) referenced from startup_gd32f450_470.o(RESET)
 <LI><a href="#[6e]">UART6_IRQHandler</a> from startup_gd32f450_470.o(.text) referenced from startup_gd32f450_470.o(RESET)
 <LI><a href="#[6f]">UART7_IRQHandler</a> from startup_gd32f450_470.o(.text) referenced from startup_gd32f450_470.o(RESET)
 <LI><a href="#[42]">USART0_IRQHandler</a> from uart0.o(i.USART0_IRQHandler) referenced from startup_gd32f450_470.o(RESET)
 <LI><a href="#[43]">USART1_IRQHandler</a> from startup_gd32f450_470.o(.text) referenced from startup_gd32f450_470.o(RESET)
 <LI><a href="#[44]">USART2_IRQHandler</a> from startup_gd32f450_470.o(.text) referenced from startup_gd32f450_470.o(RESET)
 <LI><a href="#[64]">USART5_IRQHandler</a> from startup_gd32f450_470.o(.text) referenced from startup_gd32f450_470.o(RESET)
 <LI><a href="#[60]">USBFS_IRQHandler</a> from keyboard.o(i.USBFS_IRQHandler) referenced from startup_gd32f450_470.o(RESET)
 <LI><a href="#[47]">USBFS_WKUP_IRQHandler</a> from keyboard.o(i.USBFS_WKUP_IRQHandler) referenced from startup_gd32f450_470.o(RESET)
 <LI><a href="#[68]">USBHS_EP1_In_IRQHandler</a> from startup_gd32f450_470.o(.text) referenced from startup_gd32f450_470.o(RESET)
 <LI><a href="#[67]">USBHS_EP1_Out_IRQHandler</a> from startup_gd32f450_470.o(.text) referenced from startup_gd32f450_470.o(RESET)
 <LI><a href="#[6a]">USBHS_IRQHandler</a> from startup_gd32f450_470.o(.text) referenced from startup_gd32f450_470.o(RESET)
 <LI><a href="#[69]">USBHS_WKUP_IRQHandler</a> from startup_gd32f450_470.o(.text) referenced from startup_gd32f450_470.o(RESET)
 <LI><a href="#[18]">UsageFault_Handler</a> from gd32f4xx_it.o(i.UsageFault_Handler) referenced from startup_gd32f450_470.o(RESET)
 <LI><a href="#[1d]">WWDGT_IRQHandler</a> from startup_gd32f450_470.o(.text) referenced from startup_gd32f450_470.o(RESET)
 <LI><a href="#[78]">__main</a> from entry.o(.ARM.Collect$$$$00000000) referenced from startup_gd32f450_470.o(.text)
 <LI><a href="#[d]">_usb_config_desc_get</a> from usbd_enum.o(i._usb_config_desc_get) referenced 2 times from usbd_enum.o(.data)
 <LI><a href="#[c]">_usb_dev_desc_get</a> from usbd_enum.o(i._usb_dev_desc_get) referenced 2 times from usbd_enum.o(.data)
 <LI><a href="#[1]">_usb_std_clearfeature</a> from usbd_enum.o(i._usb_std_clearfeature) referenced 2 times from usbd_enum.o(.data)
 <LI><a href="#[7]">_usb_std_getconfiguration</a> from usbd_enum.o(i._usb_std_getconfiguration) referenced 2 times from usbd_enum.o(.data)
 <LI><a href="#[5]">_usb_std_getdescriptor</a> from usbd_enum.o(i._usb_std_getdescriptor) referenced 2 times from usbd_enum.o(.data)
 <LI><a href="#[9]">_usb_std_getinterface</a> from usbd_enum.o(i._usb_std_getinterface) referenced 2 times from usbd_enum.o(.data)
 <LI><a href="#[0]">_usb_std_getstatus</a> from usbd_enum.o(i._usb_std_getstatus) referenced 2 times from usbd_enum.o(.data)
 <LI><a href="#[2]">_usb_std_reserved</a> from usbd_enum.o(i._usb_std_reserved) referenced 4 times from usbd_enum.o(.data)
 <LI><a href="#[4]">_usb_std_setaddress</a> from usbd_enum.o(i._usb_std_setaddress) referenced 2 times from usbd_enum.o(.data)
 <LI><a href="#[8]">_usb_std_setconfiguration</a> from usbd_enum.o(i._usb_std_setconfiguration) referenced 2 times from usbd_enum.o(.data)
 <LI><a href="#[6]">_usb_std_setdescriptor</a> from usbd_enum.o(i._usb_std_setdescriptor) referenced 2 times from usbd_enum.o(.data)
 <LI><a href="#[3]">_usb_std_setfeature</a> from usbd_enum.o(i._usb_std_setfeature) referenced 2 times from usbd_enum.o(.data)
 <LI><a href="#[a]">_usb_std_setinterface</a> from usbd_enum.o(i._usb_std_setinterface) referenced 2 times from usbd_enum.o(.data)
 <LI><a href="#[b]">_usb_std_synchframe</a> from usbd_enum.o(i._usb_std_synchframe) referenced 2 times from usbd_enum.o(.data)
 <LI><a href="#[e]">_usb_str_desc_get</a> from usbd_enum.o(i._usb_str_desc_get) referenced 2 times from usbd_enum.o(.data)
 <LI><a href="#[84]">fputc</a> from uart0.o(i.fputc) referenced from printf2.o(i.__0printf$2)
 <LI><a href="#[12]">hid_data_in</a> from standard_hid_core.o(i.hid_data_in) referenced 2 times from standard_hid_core.o(.data)
 <LI><a href="#[10]">hid_deinit</a> from standard_hid_core.o(i.hid_deinit) referenced 2 times from standard_hid_core.o(.data)
 <LI><a href="#[f]">hid_init</a> from standard_hid_core.o(i.hid_init) referenced 2 times from standard_hid_core.o(.data)
 <LI><a href="#[11]">hid_req</a> from standard_hid_core.o(i.hid_req) referenced 2 times from standard_hid_core.o(.data)
 <LI><a href="#[76]">main</a> from main.o(i.main) referenced from entry9a.o(.ARM.Collect$$$$0000000B)
</UL>
<P>
<H3>
Global Symbols
</H3>
<P><STRONG><a name="[78]"></a>__main</STRONG> (Thumb, 0 bytes, Stack size unknown bytes, entry.o(.ARM.Collect$$$$00000000))
<BR>[Address Reference Count : 1]<UL><LI> startup_gd32f450_470.o(.text)
</UL>
<P><STRONG><a name="[18a]"></a>_main_stk</STRONG> (Thumb, 0 bytes, Stack size unknown bytes, entry2.o(.ARM.Collect$$$$00000001))

<P><STRONG><a name="[85]"></a>_main_scatterload</STRONG> (Thumb, 0 bytes, Stack size unknown bytes, entry5.o(.ARM.Collect$$$$00000004))
<BR><BR>[Calls]<UL><LI><a href="#[86]">&gt;&gt;</a>&nbsp;&nbsp;&nbsp;__scatterload
</UL>

<P><STRONG><a name="[8a]"></a>__main_after_scatterload</STRONG> (Thumb, 0 bytes, Stack size unknown bytes, entry5.o(.ARM.Collect$$$$00000004))
<BR><BR>[Called By]<UL><LI><a href="#[86]">&gt;&gt;</a>&nbsp;&nbsp;&nbsp;__scatterload
</UL>

<P><STRONG><a name="[18b]"></a>_main_clock</STRONG> (Thumb, 0 bytes, Stack size unknown bytes, entry7b.o(.ARM.Collect$$$$00000008))

<P><STRONG><a name="[18c]"></a>_main_cpp_init</STRONG> (Thumb, 0 bytes, Stack size unknown bytes, entry8b.o(.ARM.Collect$$$$0000000A))

<P><STRONG><a name="[18d]"></a>_main_init</STRONG> (Thumb, 0 bytes, Stack size unknown bytes, entry9a.o(.ARM.Collect$$$$0000000B))

<P><STRONG><a name="[18e]"></a>__rt_final_cpp</STRONG> (Thumb, 0 bytes, Stack size unknown bytes, entry10a.o(.ARM.Collect$$$$0000000D))

<P><STRONG><a name="[18f]"></a>__rt_final_exit</STRONG> (Thumb, 0 bytes, Stack size unknown bytes, entry11a.o(.ARM.Collect$$$$0000000F))

<P><STRONG><a name="[13]"></a>Reset_Handler</STRONG> (Thumb, 8 bytes, Stack size 0 bytes, startup_gd32f450_470.o(.text))
<BR>[Address Reference Count : 1]<UL><LI> startup_gd32f450_470.o(RESET)
</UL>
<P><STRONG><a name="[2f]"></a>ADC_IRQHandler</STRONG> (Thumb, 0 bytes, Stack size 0 bytes, startup_gd32f450_470.o(.text))
<BR><BR>[Calls]<UL><LI><a href="#[2f]">&gt;&gt;</a>&nbsp;&nbsp;&nbsp;ADC_IRQHandler
</UL>
<BR>[Called By]<UL><LI><a href="#[2f]">&gt;&gt;</a>&nbsp;&nbsp;&nbsp;ADC_IRQHandler
</UL>
<BR>[Address Reference Count : 1]<UL><LI> startup_gd32f450_470.o(RESET)
</UL>
<P><STRONG><a name="[33]"></a>CAN0_EWMC_IRQHandler</STRONG> (Thumb, 0 bytes, Stack size 0 bytes, startup_gd32f450_470.o(.text))
<BR>[Address Reference Count : 1]<UL><LI> startup_gd32f450_470.o(RESET)
</UL>
<P><STRONG><a name="[31]"></a>CAN0_RX0_IRQHandler</STRONG> (Thumb, 0 bytes, Stack size 0 bytes, startup_gd32f450_470.o(.text))
<BR>[Address Reference Count : 1]<UL><LI> startup_gd32f450_470.o(RESET)
</UL>
<P><STRONG><a name="[32]"></a>CAN0_RX1_IRQHandler</STRONG> (Thumb, 0 bytes, Stack size 0 bytes, startup_gd32f450_470.o(.text))
<BR>[Address Reference Count : 1]<UL><LI> startup_gd32f450_470.o(RESET)
</UL>
<P><STRONG><a name="[30]"></a>CAN0_TX_IRQHandler</STRONG> (Thumb, 0 bytes, Stack size 0 bytes, startup_gd32f450_470.o(.text))
<BR>[Address Reference Count : 1]<UL><LI> startup_gd32f450_470.o(RESET)
</UL>
<P><STRONG><a name="[5f]"></a>CAN1_EWMC_IRQHandler</STRONG> (Thumb, 0 bytes, Stack size 0 bytes, startup_gd32f450_470.o(.text))
<BR>[Address Reference Count : 1]<UL><LI> startup_gd32f450_470.o(RESET)
</UL>
<P><STRONG><a name="[5d]"></a>CAN1_RX0_IRQHandler</STRONG> (Thumb, 0 bytes, Stack size 0 bytes, startup_gd32f450_470.o(.text))
<BR>[Address Reference Count : 1]<UL><LI> startup_gd32f450_470.o(RESET)
</UL>
<P><STRONG><a name="[5e]"></a>CAN1_RX1_IRQHandler</STRONG> (Thumb, 0 bytes, Stack size 0 bytes, startup_gd32f450_470.o(.text))
<BR>[Address Reference Count : 1]<UL><LI> startup_gd32f450_470.o(RESET)
</UL>
<P><STRONG><a name="[5c]"></a>CAN1_TX_IRQHandler</STRONG> (Thumb, 0 bytes, Stack size 0 bytes, startup_gd32f450_470.o(.text))
<BR>[Address Reference Count : 1]<UL><LI> startup_gd32f450_470.o(RESET)
</UL>
<P><STRONG><a name="[6b]"></a>DCI_IRQHandler</STRONG> (Thumb, 0 bytes, Stack size 0 bytes, startup_gd32f450_470.o(.text))
<BR>[Address Reference Count : 1]<UL><LI> startup_gd32f450_470.o(RESET)
</UL>
<P><STRONG><a name="[28]"></a>DMA0_Channel0_IRQHandler</STRONG> (Thumb, 0 bytes, Stack size 0 bytes, startup_gd32f450_470.o(.text))
<BR>[Address Reference Count : 1]<UL><LI> startup_gd32f450_470.o(RESET)
</UL>
<P><STRONG><a name="[29]"></a>DMA0_Channel1_IRQHandler</STRONG> (Thumb, 0 bytes, Stack size 0 bytes, startup_gd32f450_470.o(.text))
<BR>[Address Reference Count : 1]<UL><LI> startup_gd32f450_470.o(RESET)
</UL>
<P><STRONG><a name="[2a]"></a>DMA0_Channel2_IRQHandler</STRONG> (Thumb, 0 bytes, Stack size 0 bytes, startup_gd32f450_470.o(.text))
<BR>[Address Reference Count : 1]<UL><LI> startup_gd32f450_470.o(RESET)
</UL>
<P><STRONG><a name="[2b]"></a>DMA0_Channel3_IRQHandler</STRONG> (Thumb, 0 bytes, Stack size 0 bytes, startup_gd32f450_470.o(.text))
<BR>[Address Reference Count : 1]<UL><LI> startup_gd32f450_470.o(RESET)
</UL>
<P><STRONG><a name="[2c]"></a>DMA0_Channel4_IRQHandler</STRONG> (Thumb, 0 bytes, Stack size 0 bytes, startup_gd32f450_470.o(.text))
<BR>[Address Reference Count : 1]<UL><LI> startup_gd32f450_470.o(RESET)
</UL>
<P><STRONG><a name="[2d]"></a>DMA0_Channel5_IRQHandler</STRONG> (Thumb, 0 bytes, Stack size 0 bytes, startup_gd32f450_470.o(.text))
<BR>[Address Reference Count : 1]<UL><LI> startup_gd32f450_470.o(RESET)
</UL>
<P><STRONG><a name="[2e]"></a>DMA0_Channel6_IRQHandler</STRONG> (Thumb, 0 bytes, Stack size 0 bytes, startup_gd32f450_470.o(.text))
<BR>[Address Reference Count : 1]<UL><LI> startup_gd32f450_470.o(RESET)
</UL>
<P><STRONG><a name="[4c]"></a>DMA0_Channel7_IRQHandler</STRONG> (Thumb, 0 bytes, Stack size 0 bytes, startup_gd32f450_470.o(.text))
<BR>[Address Reference Count : 1]<UL><LI> startup_gd32f450_470.o(RESET)
</UL>
<P><STRONG><a name="[55]"></a>DMA1_Channel0_IRQHandler</STRONG> (Thumb, 0 bytes, Stack size 0 bytes, startup_gd32f450_470.o(.text))
<BR>[Address Reference Count : 1]<UL><LI> startup_gd32f450_470.o(RESET)
</UL>
<P><STRONG><a name="[56]"></a>DMA1_Channel1_IRQHandler</STRONG> (Thumb, 0 bytes, Stack size 0 bytes, startup_gd32f450_470.o(.text))
<BR>[Address Reference Count : 1]<UL><LI> startup_gd32f450_470.o(RESET)
</UL>
<P><STRONG><a name="[57]"></a>DMA1_Channel2_IRQHandler</STRONG> (Thumb, 0 bytes, Stack size 0 bytes, startup_gd32f450_470.o(.text))
<BR>[Address Reference Count : 1]<UL><LI> startup_gd32f450_470.o(RESET)
</UL>
<P><STRONG><a name="[58]"></a>DMA1_Channel3_IRQHandler</STRONG> (Thumb, 0 bytes, Stack size 0 bytes, startup_gd32f450_470.o(.text))
<BR>[Address Reference Count : 1]<UL><LI> startup_gd32f450_470.o(RESET)
</UL>
<P><STRONG><a name="[59]"></a>DMA1_Channel4_IRQHandler</STRONG> (Thumb, 0 bytes, Stack size 0 bytes, startup_gd32f450_470.o(.text))
<BR>[Address Reference Count : 1]<UL><LI> startup_gd32f450_470.o(RESET)
</UL>
<P><STRONG><a name="[61]"></a>DMA1_Channel5_IRQHandler</STRONG> (Thumb, 0 bytes, Stack size 0 bytes, startup_gd32f450_470.o(.text))
<BR>[Address Reference Count : 1]<UL><LI> startup_gd32f450_470.o(RESET)
</UL>
<P><STRONG><a name="[62]"></a>DMA1_Channel6_IRQHandler</STRONG> (Thumb, 0 bytes, Stack size 0 bytes, startup_gd32f450_470.o(.text))
<BR>[Address Reference Count : 1]<UL><LI> startup_gd32f450_470.o(RESET)
</UL>
<P><STRONG><a name="[63]"></a>DMA1_Channel7_IRQHandler</STRONG> (Thumb, 0 bytes, Stack size 0 bytes, startup_gd32f450_470.o(.text))
<BR>[Address Reference Count : 1]<UL><LI> startup_gd32f450_470.o(RESET)
</UL>
<P><STRONG><a name="[5a]"></a>ENET_IRQHandler</STRONG> (Thumb, 0 bytes, Stack size 0 bytes, startup_gd32f450_470.o(.text))
<BR>[Address Reference Count : 1]<UL><LI> startup_gd32f450_470.o(RESET)
</UL>
<P><STRONG><a name="[5b]"></a>ENET_WKUP_IRQHandler</STRONG> (Thumb, 0 bytes, Stack size 0 bytes, startup_gd32f450_470.o(.text))
<BR>[Address Reference Count : 1]<UL><LI> startup_gd32f450_470.o(RESET)
</UL>
<P><STRONG><a name="[4d]"></a>EXMC_IRQHandler</STRONG> (Thumb, 0 bytes, Stack size 0 bytes, startup_gd32f450_470.o(.text))
<BR>[Address Reference Count : 1]<UL><LI> startup_gd32f450_470.o(RESET)
</UL>
<P><STRONG><a name="[23]"></a>EXTI0_IRQHandler</STRONG> (Thumb, 0 bytes, Stack size 0 bytes, startup_gd32f450_470.o(.text))
<BR>[Address Reference Count : 1]<UL><LI> startup_gd32f450_470.o(RESET)
</UL>
<P><STRONG><a name="[45]"></a>EXTI10_15_IRQHandler</STRONG> (Thumb, 0 bytes, Stack size 0 bytes, startup_gd32f450_470.o(.text))
<BR>[Address Reference Count : 1]<UL><LI> startup_gd32f450_470.o(RESET)
</UL>
<P><STRONG><a name="[24]"></a>EXTI1_IRQHandler</STRONG> (Thumb, 0 bytes, Stack size 0 bytes, startup_gd32f450_470.o(.text))
<BR>[Address Reference Count : 1]<UL><LI> startup_gd32f450_470.o(RESET)
</UL>
<P><STRONG><a name="[25]"></a>EXTI2_IRQHandler</STRONG> (Thumb, 0 bytes, Stack size 0 bytes, startup_gd32f450_470.o(.text))
<BR>[Address Reference Count : 1]<UL><LI> startup_gd32f450_470.o(RESET)
</UL>
<P><STRONG><a name="[26]"></a>EXTI3_IRQHandler</STRONG> (Thumb, 0 bytes, Stack size 0 bytes, startup_gd32f450_470.o(.text))
<BR>[Address Reference Count : 1]<UL><LI> startup_gd32f450_470.o(RESET)
</UL>
<P><STRONG><a name="[27]"></a>EXTI4_IRQHandler</STRONG> (Thumb, 0 bytes, Stack size 0 bytes, startup_gd32f450_470.o(.text))
<BR>[Address Reference Count : 1]<UL><LI> startup_gd32f450_470.o(RESET)
</UL>
<P><STRONG><a name="[34]"></a>EXTI5_9_IRQHandler</STRONG> (Thumb, 0 bytes, Stack size 0 bytes, startup_gd32f450_470.o(.text))
<BR>[Address Reference Count : 1]<UL><LI> startup_gd32f450_470.o(RESET)
</UL>
<P><STRONG><a name="[21]"></a>FMC_IRQHandler</STRONG> (Thumb, 0 bytes, Stack size 0 bytes, startup_gd32f450_470.o(.text))
<BR>[Address Reference Count : 1]<UL><LI> startup_gd32f450_470.o(RESET)
</UL>
<P><STRONG><a name="[6d]"></a>FPU_IRQHandler</STRONG> (Thumb, 0 bytes, Stack size 0 bytes, startup_gd32f450_470.o(.text))
<BR>[Address Reference Count : 1]<UL><LI> startup_gd32f450_470.o(RESET)
</UL>
<P><STRONG><a name="[3d]"></a>I2C0_ER_IRQHandler</STRONG> (Thumb, 0 bytes, Stack size 0 bytes, startup_gd32f450_470.o(.text))
<BR>[Address Reference Count : 1]<UL><LI> startup_gd32f450_470.o(RESET)
</UL>
<P><STRONG><a name="[3c]"></a>I2C0_EV_IRQHandler</STRONG> (Thumb, 0 bytes, Stack size 0 bytes, startup_gd32f450_470.o(.text))
<BR>[Address Reference Count : 1]<UL><LI> startup_gd32f450_470.o(RESET)
</UL>
<P><STRONG><a name="[3f]"></a>I2C1_ER_IRQHandler</STRONG> (Thumb, 0 bytes, Stack size 0 bytes, startup_gd32f450_470.o(.text))
<BR>[Address Reference Count : 1]<UL><LI> startup_gd32f450_470.o(RESET)
</UL>
<P><STRONG><a name="[3e]"></a>I2C1_EV_IRQHandler</STRONG> (Thumb, 0 bytes, Stack size 0 bytes, startup_gd32f450_470.o(.text))
<BR>[Address Reference Count : 1]<UL><LI> startup_gd32f450_470.o(RESET)
</UL>
<P><STRONG><a name="[66]"></a>I2C2_ER_IRQHandler</STRONG> (Thumb, 0 bytes, Stack size 0 bytes, startup_gd32f450_470.o(.text))
<BR>[Address Reference Count : 1]<UL><LI> startup_gd32f450_470.o(RESET)
</UL>
<P><STRONG><a name="[65]"></a>I2C2_EV_IRQHandler</STRONG> (Thumb, 0 bytes, Stack size 0 bytes, startup_gd32f450_470.o(.text))
<BR>[Address Reference Count : 1]<UL><LI> startup_gd32f450_470.o(RESET)
</UL>
<P><STRONG><a name="[75]"></a>IPA_IRQHandler</STRONG> (Thumb, 0 bytes, Stack size 0 bytes, startup_gd32f450_470.o(.text))
<BR>[Address Reference Count : 1]<UL><LI> startup_gd32f450_470.o(RESET)
</UL>
<P><STRONG><a name="[1e]"></a>LVD_IRQHandler</STRONG> (Thumb, 0 bytes, Stack size 0 bytes, startup_gd32f450_470.o(.text))
<BR>[Address Reference Count : 1]<UL><LI> startup_gd32f450_470.o(RESET)
</UL>
<P><STRONG><a name="[22]"></a>RCU_CTC_IRQHandler</STRONG> (Thumb, 0 bytes, Stack size 0 bytes, startup_gd32f450_470.o(.text))
<BR>[Address Reference Count : 1]<UL><LI> startup_gd32f450_470.o(RESET)
</UL>
<P><STRONG><a name="[46]"></a>RTC_Alarm_IRQHandler</STRONG> (Thumb, 0 bytes, Stack size 0 bytes, startup_gd32f450_470.o(.text))
<BR>[Address Reference Count : 1]<UL><LI> startup_gd32f450_470.o(RESET)
</UL>
<P><STRONG><a name="[20]"></a>RTC_WKUP_IRQHandler</STRONG> (Thumb, 0 bytes, Stack size 0 bytes, startup_gd32f450_470.o(.text))
<BR>[Address Reference Count : 1]<UL><LI> startup_gd32f450_470.o(RESET)
</UL>
<P><STRONG><a name="[4e]"></a>SDIO_IRQHandler</STRONG> (Thumb, 0 bytes, Stack size 0 bytes, startup_gd32f450_470.o(.text))
<BR>[Address Reference Count : 1]<UL><LI> startup_gd32f450_470.o(RESET)
</UL>
<P><STRONG><a name="[40]"></a>SPI0_IRQHandler</STRONG> (Thumb, 0 bytes, Stack size 0 bytes, startup_gd32f450_470.o(.text))
<BR>[Address Reference Count : 1]<UL><LI> startup_gd32f450_470.o(RESET)
</UL>
<P><STRONG><a name="[41]"></a>SPI1_IRQHandler</STRONG> (Thumb, 0 bytes, Stack size 0 bytes, startup_gd32f450_470.o(.text))
<BR>[Address Reference Count : 1]<UL><LI> startup_gd32f450_470.o(RESET)
</UL>
<P><STRONG><a name="[50]"></a>SPI2_IRQHandler</STRONG> (Thumb, 0 bytes, Stack size 0 bytes, startup_gd32f450_470.o(.text))
<BR>[Address Reference Count : 1]<UL><LI> startup_gd32f450_470.o(RESET)
</UL>
<P><STRONG><a name="[70]"></a>SPI3_IRQHandler</STRONG> (Thumb, 0 bytes, Stack size 0 bytes, startup_gd32f450_470.o(.text))
<BR>[Address Reference Count : 1]<UL><LI> startup_gd32f450_470.o(RESET)
</UL>
<P><STRONG><a name="[71]"></a>SPI4_IRQHandler</STRONG> (Thumb, 0 bytes, Stack size 0 bytes, startup_gd32f450_470.o(.text))
<BR>[Address Reference Count : 1]<UL><LI> startup_gd32f450_470.o(RESET)
</UL>
<P><STRONG><a name="[72]"></a>SPI5_IRQHandler</STRONG> (Thumb, 0 bytes, Stack size 0 bytes, startup_gd32f450_470.o(.text))
<BR>[Address Reference Count : 1]<UL><LI> startup_gd32f450_470.o(RESET)
</UL>
<P><STRONG><a name="[1f]"></a>TAMPER_STAMP_IRQHandler</STRONG> (Thumb, 0 bytes, Stack size 0 bytes, startup_gd32f450_470.o(.text))
<BR>[Address Reference Count : 1]<UL><LI> startup_gd32f450_470.o(RESET)
</UL>
<P><STRONG><a name="[35]"></a>TIMER0_BRK_TIMER8_IRQHandler</STRONG> (Thumb, 0 bytes, Stack size 0 bytes, startup_gd32f450_470.o(.text))
<BR>[Address Reference Count : 1]<UL><LI> startup_gd32f450_470.o(RESET)
</UL>
<P><STRONG><a name="[38]"></a>TIMER0_Channel_IRQHandler</STRONG> (Thumb, 0 bytes, Stack size 0 bytes, startup_gd32f450_470.o(.text))
<BR>[Address Reference Count : 1]<UL><LI> startup_gd32f450_470.o(RESET)
</UL>
<P><STRONG><a name="[37]"></a>TIMER0_TRG_CMT_TIMER10_IRQHandler</STRONG> (Thumb, 0 bytes, Stack size 0 bytes, startup_gd32f450_470.o(.text))
<BR>[Address Reference Count : 1]<UL><LI> startup_gd32f450_470.o(RESET)
</UL>
<P><STRONG><a name="[36]"></a>TIMER0_UP_TIMER9_IRQHandler</STRONG> (Thumb, 0 bytes, Stack size 0 bytes, startup_gd32f450_470.o(.text))
<BR>[Address Reference Count : 1]<UL><LI> startup_gd32f450_470.o(RESET)
</UL>
<P><STRONG><a name="[3a]"></a>TIMER2_IRQHandler</STRONG> (Thumb, 0 bytes, Stack size 0 bytes, startup_gd32f450_470.o(.text))
<BR>[Address Reference Count : 1]<UL><LI> startup_gd32f450_470.o(RESET)
</UL>
<P><STRONG><a name="[3b]"></a>TIMER3_IRQHandler</STRONG> (Thumb, 0 bytes, Stack size 0 bytes, startup_gd32f450_470.o(.text))
<BR>[Address Reference Count : 1]<UL><LI> startup_gd32f450_470.o(RESET)
</UL>
<P><STRONG><a name="[53]"></a>TIMER5_DAC_IRQHandler</STRONG> (Thumb, 0 bytes, Stack size 0 bytes, startup_gd32f450_470.o(.text))
<BR>[Address Reference Count : 1]<UL><LI> startup_gd32f450_470.o(RESET)
</UL>
<P><STRONG><a name="[54]"></a>TIMER6_IRQHandler</STRONG> (Thumb, 0 bytes, Stack size 0 bytes, startup_gd32f450_470.o(.text))
<BR>[Address Reference Count : 1]<UL><LI> startup_gd32f450_470.o(RESET)
</UL>
<P><STRONG><a name="[48]"></a>TIMER7_BRK_TIMER11_IRQHandler</STRONG> (Thumb, 0 bytes, Stack size 0 bytes, startup_gd32f450_470.o(.text))
<BR>[Address Reference Count : 1]<UL><LI> startup_gd32f450_470.o(RESET)
</UL>
<P><STRONG><a name="[4b]"></a>TIMER7_Channel_IRQHandler</STRONG> (Thumb, 0 bytes, Stack size 0 bytes, startup_gd32f450_470.o(.text))
<BR>[Address Reference Count : 1]<UL><LI> startup_gd32f450_470.o(RESET)
</UL>
<P><STRONG><a name="[4a]"></a>TIMER7_TRG_CMT_TIMER13_IRQHandler</STRONG> (Thumb, 0 bytes, Stack size 0 bytes, startup_gd32f450_470.o(.text))
<BR>[Address Reference Count : 1]<UL><LI> startup_gd32f450_470.o(RESET)
</UL>
<P><STRONG><a name="[49]"></a>TIMER7_UP_TIMER12_IRQHandler</STRONG> (Thumb, 0 bytes, Stack size 0 bytes, startup_gd32f450_470.o(.text))
<BR>[Address Reference Count : 1]<UL><LI> startup_gd32f450_470.o(RESET)
</UL>
<P><STRONG><a name="[74]"></a>TLI_ER_IRQHandler</STRONG> (Thumb, 0 bytes, Stack size 0 bytes, startup_gd32f450_470.o(.text))
<BR>[Address Reference Count : 1]<UL><LI> startup_gd32f450_470.o(RESET)
</UL>
<P><STRONG><a name="[73]"></a>TLI_IRQHandler</STRONG> (Thumb, 0 bytes, Stack size 0 bytes, startup_gd32f450_470.o(.text))
<BR>[Address Reference Count : 1]<UL><LI> startup_gd32f450_470.o(RESET)
</UL>
<P><STRONG><a name="[6c]"></a>TRNG_IRQHandler</STRONG> (Thumb, 0 bytes, Stack size 0 bytes, startup_gd32f450_470.o(.text))
<BR>[Address Reference Count : 1]<UL><LI> startup_gd32f450_470.o(RESET)
</UL>
<P><STRONG><a name="[51]"></a>UART3_IRQHandler</STRONG> (Thumb, 0 bytes, Stack size 0 bytes, startup_gd32f450_470.o(.text))
<BR>[Address Reference Count : 1]<UL><LI> startup_gd32f450_470.o(RESET)
</UL>
<P><STRONG><a name="[52]"></a>UART4_IRQHandler</STRONG> (Thumb, 0 bytes, Stack size 0 bytes, startup_gd32f450_470.o(.text))
<BR>[Address Reference Count : 1]<UL><LI> startup_gd32f450_470.o(RESET)
</UL>
<P><STRONG><a name="[6e]"></a>UART6_IRQHandler</STRONG> (Thumb, 0 bytes, Stack size 0 bytes, startup_gd32f450_470.o(.text))
<BR>[Address Reference Count : 1]<UL><LI> startup_gd32f450_470.o(RESET)
</UL>
<P><STRONG><a name="[6f]"></a>UART7_IRQHandler</STRONG> (Thumb, 0 bytes, Stack size 0 bytes, startup_gd32f450_470.o(.text))
<BR>[Address Reference Count : 1]<UL><LI> startup_gd32f450_470.o(RESET)
</UL>
<P><STRONG><a name="[43]"></a>USART1_IRQHandler</STRONG> (Thumb, 0 bytes, Stack size 0 bytes, startup_gd32f450_470.o(.text))
<BR>[Address Reference Count : 1]<UL><LI> startup_gd32f450_470.o(RESET)
</UL>
<P><STRONG><a name="[44]"></a>USART2_IRQHandler</STRONG> (Thumb, 0 bytes, Stack size 0 bytes, startup_gd32f450_470.o(.text))
<BR>[Address Reference Count : 1]<UL><LI> startup_gd32f450_470.o(RESET)
</UL>
<P><STRONG><a name="[64]"></a>USART5_IRQHandler</STRONG> (Thumb, 0 bytes, Stack size 0 bytes, startup_gd32f450_470.o(.text))
<BR>[Address Reference Count : 1]<UL><LI> startup_gd32f450_470.o(RESET)
</UL>
<P><STRONG><a name="[68]"></a>USBHS_EP1_In_IRQHandler</STRONG> (Thumb, 0 bytes, Stack size 0 bytes, startup_gd32f450_470.o(.text))
<BR>[Address Reference Count : 1]<UL><LI> startup_gd32f450_470.o(RESET)
</UL>
<P><STRONG><a name="[67]"></a>USBHS_EP1_Out_IRQHandler</STRONG> (Thumb, 0 bytes, Stack size 0 bytes, startup_gd32f450_470.o(.text))
<BR>[Address Reference Count : 1]<UL><LI> startup_gd32f450_470.o(RESET)
</UL>
<P><STRONG><a name="[6a]"></a>USBHS_IRQHandler</STRONG> (Thumb, 0 bytes, Stack size 0 bytes, startup_gd32f450_470.o(.text))
<BR>[Address Reference Count : 1]<UL><LI> startup_gd32f450_470.o(RESET)
</UL>
<P><STRONG><a name="[69]"></a>USBHS_WKUP_IRQHandler</STRONG> (Thumb, 0 bytes, Stack size 0 bytes, startup_gd32f450_470.o(.text))
<BR>[Address Reference Count : 1]<UL><LI> startup_gd32f450_470.o(RESET)
</UL>
<P><STRONG><a name="[1d]"></a>WWDGT_IRQHandler</STRONG> (Thumb, 0 bytes, Stack size 0 bytes, startup_gd32f450_470.o(.text))
<BR>[Address Reference Count : 1]<UL><LI> startup_gd32f450_470.o(RESET)
</UL>
<P><STRONG><a name="[190]"></a>__aeabi_memcpy</STRONG> (Thumb, 36 bytes, Stack size 0 bytes, memcpya.o(.text), UNUSED)

<P><STRONG><a name="[15f]"></a>__aeabi_memcpy4</STRONG> (Thumb, 0 bytes, Stack size 0 bytes, memcpya.o(.text))
<BR><BR>[Called By]<UL><LI><a href="#[181]">&gt;&gt;</a>&nbsp;&nbsp;&nbsp;usbd_int_reset
<LI><a href="#[15e]">&gt;&gt;</a>&nbsp;&nbsp;&nbsp;usb_basic_init
</UL>

<P><STRONG><a name="[191]"></a>__aeabi_memcpy8</STRONG> (Thumb, 0 bytes, Stack size 0 bytes, memcpya.o(.text), UNUSED)

<P><STRONG><a name="[88]"></a>__aeabi_memset</STRONG> (Thumb, 14 bytes, Stack size 0 bytes, memseta.o(.text), UNUSED)
<BR><BR>[Called By]<UL><LI><a href="#[89]">&gt;&gt;</a>&nbsp;&nbsp;&nbsp;_memset$wrapper
<LI><a href="#[87]">&gt;&gt;</a>&nbsp;&nbsp;&nbsp;__aeabi_memclr
</UL>

<P><STRONG><a name="[192]"></a>__aeabi_memset4</STRONG> (Thumb, 0 bytes, Stack size 0 bytes, memseta.o(.text), UNUSED)

<P><STRONG><a name="[193]"></a>__aeabi_memset8</STRONG> (Thumb, 0 bytes, Stack size 0 bytes, memseta.o(.text), UNUSED)

<P><STRONG><a name="[87]"></a>__aeabi_memclr</STRONG> (Thumb, 4 bytes, Stack size 0 bytes, memseta.o(.text), UNUSED)
<BR><BR>[Calls]<UL><LI><a href="#[88]">&gt;&gt;</a>&nbsp;&nbsp;&nbsp;__aeabi_memset
</UL>

<P><STRONG><a name="[14f]"></a>__aeabi_memclr4</STRONG> (Thumb, 0 bytes, Stack size 0 bytes, memseta.o(.text))
<BR><BR>[Called By]<UL><LI><a href="#[f]">&gt;&gt;</a>&nbsp;&nbsp;&nbsp;hid_init
<LI><a href="#[181]">&gt;&gt;</a>&nbsp;&nbsp;&nbsp;usbd_int_reset
<LI><a href="#[15e]">&gt;&gt;</a>&nbsp;&nbsp;&nbsp;usb_basic_init
</UL>

<P><STRONG><a name="[194]"></a>__aeabi_memclr8</STRONG> (Thumb, 0 bytes, Stack size 0 bytes, memseta.o(.text), UNUSED)

<P><STRONG><a name="[89]"></a>_memset$wrapper</STRONG> (Thumb, 18 bytes, Stack size 8 bytes, memseta.o(.text), UNUSED)
<BR><BR>[Calls]<UL><LI><a href="#[88]">&gt;&gt;</a>&nbsp;&nbsp;&nbsp;__aeabi_memset
</UL>

<P><STRONG><a name="[86]"></a>__scatterload</STRONG> (Thumb, 28 bytes, Stack size 0 bytes, init.o(.text))
<BR><BR>[Calls]<UL><LI><a href="#[8a]">&gt;&gt;</a>&nbsp;&nbsp;&nbsp;__main_after_scatterload
</UL>
<BR>[Called By]<UL><LI><a href="#[85]">&gt;&gt;</a>&nbsp;&nbsp;&nbsp;_main_scatterload
</UL>

<P><STRONG><a name="[195]"></a>__scatterload_rt2</STRONG> (Thumb, 0 bytes, Stack size 0 bytes, init.o(.text), UNUSED)

<P><STRONG><a name="[196]"></a>__decompress</STRONG> (Thumb, 0 bytes, Stack size unknown bytes, __dczerorl2.o(.text), UNUSED)

<P><STRONG><a name="[197]"></a>__decompress1</STRONG> (Thumb, 86 bytes, Stack size unknown bytes, __dczerorl2.o(.text), UNUSED)

<P><STRONG><a name="[17]"></a>BusFault_Handler</STRONG> (Thumb, 4 bytes, Stack size 0 bytes, gd32f4xx_it.o(i.BusFault_Handler))
<BR>[Address Reference Count : 1]<UL><LI> startup_gd32f450_470.o(RESET)
</UL>
<P><STRONG><a name="[11f]"></a>Clr1SecFlag</STRONG> (Thumb, 8 bytes, Stack size 0 bytes, timer.o(i.Clr1SecFlag))
<BR><BR>[Called By]<UL><LI><a href="#[11d]">&gt;&gt;</a>&nbsp;&nbsp;&nbsp;Proc1SecTask
</UL>

<P><STRONG><a name="[123]"></a>Clr1msFlag</STRONG> (Thumb, 8 bytes, Stack size 0 bytes, timer.o(i.Clr1msFlag))
<BR><BR>[Called By]<UL><LI><a href="#[120]">&gt;&gt;</a>&nbsp;&nbsp;&nbsp;Proc1msTask
</UL>

<P><STRONG><a name="[126]"></a>Clr2msFlag</STRONG> (Thumb, 8 bytes, Stack size 0 bytes, timer.o(i.Clr2msFlag))
<BR><BR>[Called By]<UL><LI><a href="#[124]">&gt;&gt;</a>&nbsp;&nbsp;&nbsp;Proc2msTask
</UL>

<P><STRONG><a name="[b7]"></a>CreateButtonWidget</STRONG> (Thumb, 40 bytes, Stack size 16 bytes, buttonwidget.o(i.CreateButtonWidget))
<BR><BR>[Stack]<UL><LI>Max Depth = 408<LI>Call Chain = CreateButtonWidget &rArr; DrawBackground &rArr; GUIDrawImage &rArr; DisplayJPEGInFlash &rArr; jd_decomp &rArr; mcu_load &rArr; block_idct
</UL>
<BR>[Calls]<UL><LI><a href="#[b8]">&gt;&gt;</a>&nbsp;&nbsp;&nbsp;GUISaveBackground
<LI><a href="#[ba]">&gt;&gt;</a>&nbsp;&nbsp;&nbsp;DrawText
<LI><a href="#[b9]">&gt;&gt;</a>&nbsp;&nbsp;&nbsp;DrawBackground
</UL>
<BR>[Called By]<UL><LI><a href="#[e0]">&gt;&gt;</a>&nbsp;&nbsp;&nbsp;InitGUIButton
</UL>

<P><STRONG><a name="[128]"></a>DeQueue</STRONG> (Thumb, 68 bytes, Stack size 12 bytes, queue.o(i.DeQueue))
<BR><BR>[Stack]<UL><LI>Max Depth = 12<LI>Call Chain = DeQueue
</UL>
<BR>[Called By]<UL><LI><a href="#[127]">&gt;&gt;</a>&nbsp;&nbsp;&nbsp;ReadSendBuf
</UL>

<P><STRONG><a name="[1a]"></a>DebugMon_Handler</STRONG> (Thumb, 2 bytes, Stack size 0 bytes, gd32f4xx_it.o(i.DebugMon_Handler))
<BR>[Address Reference Count : 1]<UL><LI> startup_gd32f450_470.o(RESET)
</UL>
<P><STRONG><a name="[97]"></a>DelayNms</STRONG> (Thumb, 32 bytes, Stack size 8 bytes, systick.o(i.DelayNms))
<BR><BR>[Stack]<UL><LI>Max Depth = 8<LI>Call Chain = DelayNms
</UL>
<BR>[Called By]<UL><LI><a href="#[9f]">&gt;&gt;</a>&nbsp;&nbsp;&nbsp;ConfigSDRAM
<LI><a href="#[dc]">&gt;&gt;</a>&nbsp;&nbsp;&nbsp;InitGT1151Q
<LI><a href="#[92]">&gt;&gt;</a>&nbsp;&nbsp;&nbsp;ConfigGT1151QAddr
<LI><a href="#[162]">&gt;&gt;</a>&nbsp;&nbsp;&nbsp;usb_mdelay
</UL>

<P><STRONG><a name="[bb]"></a>DelayNus</STRONG> (Thumb, 26 bytes, Stack size 8 bytes, systick.o(i.DelayNus))
<BR><BR>[Stack]<UL><LI>Max Depth = 8<LI>Call Chain = DelayNus
</UL>
<BR>[Called By]<UL><LI><a href="#[7f]">&gt;&gt;</a>&nbsp;&nbsp;&nbsp;Delay
<LI><a href="#[163]">&gt;&gt;</a>&nbsp;&nbsp;&nbsp;usb_udelay
</UL>

<P><STRONG><a name="[bc]"></a>DisplayBMP</STRONG> (Thumb, 24 bytes, Stack size 16 bytes, bmp.o(i.DisplayBMP))
<BR><BR>[Stack]<UL><LI>Max Depth = 140<LI>Call Chain = DisplayBMP &rArr; BMPDisplayInFlash &rArr; CalcAlphaRGB555
</UL>
<BR>[Calls]<UL><LI><a href="#[8b]">&gt;&gt;</a>&nbsp;&nbsp;&nbsp;BMPDisplayInFlash
</UL>
<BR>[Called By]<UL><LI><a href="#[c3]">&gt;&gt;</a>&nbsp;&nbsp;&nbsp;GUIDrawImage
</UL>

<P><STRONG><a name="[be]"></a>DisplayJPEGInFlash</STRONG> (Thumb, 68 bytes, Stack size 144 bytes, jpeg.o(i.DisplayJPEGInFlash))
<BR><BR>[Stack]<UL><LI>Max Depth = 336<LI>Call Chain = DisplayJPEGInFlash &rArr; jd_decomp &rArr; mcu_load &rArr; block_idct
</UL>
<BR>[Calls]<UL><LI><a href="#[bf]">&gt;&gt;</a>&nbsp;&nbsp;&nbsp;jd_prepare
<LI><a href="#[c0]">&gt;&gt;</a>&nbsp;&nbsp;&nbsp;jd_decomp
<LI><a href="#[8d]">&gt;&gt;</a>&nbsp;&nbsp;&nbsp;__2printf
</UL>
<BR>[Called By]<UL><LI><a href="#[bd]">&gt;&gt;</a>&nbsp;&nbsp;&nbsp;DisplayBackground
<LI><a href="#[c3]">&gt;&gt;</a>&nbsp;&nbsp;&nbsp;GUIDrawImage
</UL>

<P><STRONG><a name="[13c]"></a>EnQueue</STRONG> (Thumb, 72 bytes, Stack size 16 bytes, queue.o(i.EnQueue))
<BR><BR>[Stack]<UL><LI>Max Depth = 16<LI>Call Chain = EnQueue
</UL>
<BR>[Called By]<UL><LI><a href="#[134]">&gt;&gt;</a>&nbsp;&nbsp;&nbsp;WriteReceiveBuf
</UL>

<P><STRONG><a name="[c1]"></a>GUIDrawBackground</STRONG> (Thumb, 36 bytes, Stack size 32 bytes, guiplatform.o(i.GUIDrawBackground))
<BR><BR>[Stack]<UL><LI>Max Depth = 88<LI>Call Chain = GUIDrawBackground &rArr; LCDColorFill &rArr; LCDDrawPoint
</UL>
<BR>[Calls]<UL><LI><a href="#[c6]">&gt;&gt;</a>&nbsp;&nbsp;&nbsp;LCDColorFill
</UL>
<BR>[Called By]<UL><LI><a href="#[b9]">&gt;&gt;</a>&nbsp;&nbsp;&nbsp;DrawBackground
</UL>

<P><STRONG><a name="[c7]"></a>GUIDrawChar</STRONG> (Thumb, 76 bytes, Stack size 64 bytes, guiplatform.o(i.GUIDrawChar))
<BR><BR>[Stack]<UL><LI>Max Depth = 152<LI>Call Chain = GUIDrawChar &rArr; LCDShowChar &rArr; LCDDrawPoint
</UL>
<BR>[Calls]<UL><LI><a href="#[c8]">&gt;&gt;</a>&nbsp;&nbsp;&nbsp;LCDShowChar
</UL>
<BR>[Called By]<UL><LI><a href="#[c5]">&gt;&gt;</a>&nbsp;&nbsp;&nbsp;GUIDrawTextLine
</UL>

<P><STRONG><a name="[c3]"></a>GUIDrawImage</STRONG> (Thumb, 44 bytes, Stack size 24 bytes, guiplatform.o(i.GUIDrawImage))
<BR><BR>[Stack]<UL><LI>Max Depth = 360<LI>Call Chain = GUIDrawImage &rArr; DisplayJPEGInFlash &rArr; jd_decomp &rArr; mcu_load &rArr; block_idct
</UL>
<BR>[Calls]<UL><LI><a href="#[bc]">&gt;&gt;</a>&nbsp;&nbsp;&nbsp;DisplayBMP
<LI><a href="#[be]">&gt;&gt;</a>&nbsp;&nbsp;&nbsp;DisplayJPEGInFlash
</UL>
<BR>[Called By]<UL><LI><a href="#[b9]">&gt;&gt;</a>&nbsp;&nbsp;&nbsp;DrawBackground
</UL>

<P><STRONG><a name="[c5]"></a>GUIDrawTextLine</STRONG> (Thumb, 140 bytes, Stack size 64 bytes, guiplatform.o(i.GUIDrawTextLine))
<BR><BR>[Stack]<UL><LI>Max Depth = 216<LI>Call Chain = GUIDrawTextLine &rArr; GUIDrawChar &rArr; LCDShowChar &rArr; LCDDrawPoint
</UL>
<BR>[Calls]<UL><LI><a href="#[c7]">&gt;&gt;</a>&nbsp;&nbsp;&nbsp;GUIDrawChar
<LI><a href="#[c4]">&gt;&gt;</a>&nbsp;&nbsp;&nbsp;GetFontWidth
</UL>
<BR>[Called By]<UL><LI><a href="#[ba]">&gt;&gt;</a>&nbsp;&nbsp;&nbsp;DrawText
</UL>

<P><STRONG><a name="[c2]"></a>GUIFillColor</STRONG> (Thumb, 36 bytes, Stack size 32 bytes, guiplatform.o(i.GUIFillColor))
<BR><BR>[Stack]<UL><LI>Max Depth = 228<LI>Call Chain = GUIFillColor &rArr; LCDFillPixel &rArr; LCDFill &rArr; LCDDrawPoint
</UL>
<BR>[Calls]<UL><LI><a href="#[c9]">&gt;&gt;</a>&nbsp;&nbsp;&nbsp;LCDFillPixel
</UL>
<BR>[Called By]<UL><LI><a href="#[b9]">&gt;&gt;</a>&nbsp;&nbsp;&nbsp;DrawBackground
</UL>

<P><STRONG><a name="[ca]"></a>GUIGetSysTime</STRONG> (Thumb, 8 bytes, Stack size 8 bytes, guiplatform.o(i.GUIGetSysTime))
<BR><BR>[Stack]<UL><LI>Max Depth = 8<LI>Call Chain = GUIGetSysTime
</UL>
<BR>[Calls]<UL><LI><a href="#[cb]">&gt;&gt;</a>&nbsp;&nbsp;&nbsp;GetSysTime
</UL>
<BR>[Called By]<UL><LI><a href="#[cf]">&gt;&gt;</a>&nbsp;&nbsp;&nbsp;GUITask
</UL>

<P><STRONG><a name="[cc]"></a>GUIGetTouch</STRONG> (Thumb, 84 bytes, Stack size 24 bytes, guiplatform.o(i.GUIGetTouch))
<BR><BR>[Stack]<UL><LI>Max Depth = 24<LI>Call Chain = GUIGetTouch
</UL>
<BR>[Calls]<UL><LI><a href="#[cd]">&gt;&gt;</a>&nbsp;&nbsp;&nbsp;GetTouchDev
</UL>
<BR>[Called By]<UL><LI><a href="#[109]">&gt;&gt;</a>&nbsp;&nbsp;&nbsp;IsButtonPress
</UL>

<P><STRONG><a name="[ce]"></a>GUIReadPoint</STRONG> (Thumb, 16 bytes, Stack size 16 bytes, guiplatform.o(i.GUIReadPoint))
<BR><BR>[Stack]<UL><LI>Max Depth = 28<LI>Call Chain = GUIReadPoint &rArr; LCDReadPoint
</UL>
<BR>[Calls]<UL><LI><a href="#[8f]">&gt;&gt;</a>&nbsp;&nbsp;&nbsp;LCDReadPoint
</UL>
<BR>[Called By]<UL><LI><a href="#[b8]">&gt;&gt;</a>&nbsp;&nbsp;&nbsp;GUISaveBackground
</UL>

<P><STRONG><a name="[b8]"></a>GUISaveBackground</STRONG> (Thumb, 78 bytes, Stack size 56 bytes, guiplatform.o(i.GUISaveBackground))
<BR><BR>[Stack]<UL><LI>Max Depth = 84<LI>Call Chain = GUISaveBackground &rArr; GUIReadPoint &rArr; LCDReadPoint
</UL>
<BR>[Calls]<UL><LI><a href="#[ce]">&gt;&gt;</a>&nbsp;&nbsp;&nbsp;GUIReadPoint
</UL>
<BR>[Called By]<UL><LI><a href="#[b7]">&gt;&gt;</a>&nbsp;&nbsp;&nbsp;CreateButtonWidget
</UL>

<P><STRONG><a name="[cf]"></a>GUITask</STRONG> (Thumb, 96 bytes, Stack size 16 bytes, guitop.o(i.GUITask))
<BR><BR>[Stack]<UL><LI>Max Depth = 432<LI>Call Chain = GUITask &rArr; ScanGUIButton &rArr; ScanButtonWidget &rArr; DrawBackground &rArr; GUIDrawImage &rArr; DisplayJPEGInFlash &rArr; jd_decomp &rArr; mcu_load &rArr; block_idct
</UL>
<BR>[Calls]<UL><LI><a href="#[d0]">&gt;&gt;</a>&nbsp;&nbsp;&nbsp;ScanGUIButton
<LI><a href="#[ca]">&gt;&gt;</a>&nbsp;&nbsp;&nbsp;GUIGetSysTime
</UL>
<BR>[Called By]<UL><LI><a href="#[10c]">&gt;&gt;</a>&nbsp;&nbsp;&nbsp;KeyboardTopTask
</UL>

<P><STRONG><a name="[11e]"></a>Get1SecFlag</STRONG> (Thumb, 6 bytes, Stack size 0 bytes, timer.o(i.Get1SecFlag))
<BR><BR>[Called By]<UL><LI><a href="#[11d]">&gt;&gt;</a>&nbsp;&nbsp;&nbsp;Proc1SecTask
</UL>

<P><STRONG><a name="[121]"></a>Get1msFlag</STRONG> (Thumb, 6 bytes, Stack size 0 bytes, timer.o(i.Get1msFlag))
<BR><BR>[Called By]<UL><LI><a href="#[120]">&gt;&gt;</a>&nbsp;&nbsp;&nbsp;Proc1msTask
</UL>

<P><STRONG><a name="[125]"></a>Get2msFlag</STRONG> (Thumb, 6 bytes, Stack size 0 bytes, timer.o(i.Get2msFlag))
<BR><BR>[Called By]<UL><LI><a href="#[124]">&gt;&gt;</a>&nbsp;&nbsp;&nbsp;Proc2msTask
</UL>

<P><STRONG><a name="[c4]"></a>GetFontWidth</STRONG> (Thumb, 28 bytes, Stack size 0 bytes, guiplatform.o(i.GetFontWidth))
<BR><BR>[Called By]<UL><LI><a href="#[c5]">&gt;&gt;</a>&nbsp;&nbsp;&nbsp;GUIDrawTextLine
<LI><a href="#[ba]">&gt;&gt;</a>&nbsp;&nbsp;&nbsp;DrawText
</UL>

<P><STRONG><a name="[cb]"></a>GetSysTime</STRONG> (Thumb, 6 bytes, Stack size 0 bytes, timer.o(i.GetSysTime))
<BR><BR>[Called By]<UL><LI><a href="#[ca]">&gt;&gt;</a>&nbsp;&nbsp;&nbsp;GUIGetSysTime
</UL>

<P><STRONG><a name="[cd]"></a>GetTouchDev</STRONG> (Thumb, 4 bytes, Stack size 0 bytes, touch.o(i.GetTouchDev))
<BR><BR>[Called By]<UL><LI><a href="#[cc]">&gt;&gt;</a>&nbsp;&nbsp;&nbsp;GUIGetTouch
</UL>

<P><STRONG><a name="[15]"></a>HardFault_Handler</STRONG> (Thumb, 4 bytes, Stack size 0 bytes, gd32f4xx_it.o(i.HardFault_Handler))
<BR>[Address Reference Count : 1]<UL><LI> startup_gd32f450_470.o(RESET)
</UL>
<P><STRONG><a name="[d6]"></a>IICCommonEnd</STRONG> (Thumb, 54 bytes, Stack size 8 bytes, iiccommon.o(i.IICCommonEnd))
<BR><BR>[Stack]<UL><LI>Max Depth = 8<LI>Call Chain = IICCommonEnd
</UL>
<BR>[Called By]<UL><LI><a href="#[d3]">&gt;&gt;</a>&nbsp;&nbsp;&nbsp;IICCommonReadBytesEx
<LI><a href="#[db]">&gt;&gt;</a>&nbsp;&nbsp;&nbsp;IICCommonWriteBytesEx
</UL>

<P><STRONG><a name="[da]"></a>IICCommonReadACK</STRONG> (Thumb, 52 bytes, Stack size 16 bytes, iiccommon.o(i.IICCommonReadACK))
<BR><BR>[Stack]<UL><LI>Max Depth = 16<LI>Call Chain = IICCommonReadACK
</UL>
<BR>[Called By]<UL><LI><a href="#[d5]">&gt;&gt;</a>&nbsp;&nbsp;&nbsp;IICCommonSendOneByte
</UL>

<P><STRONG><a name="[d3]"></a>IICCommonReadBytesEx</STRONG> (Thumb, 178 bytes, Stack size 24 bytes, iiccommon.o(i.IICCommonReadBytesEx))
<BR><BR>[Stack]<UL><LI>Max Depth = 64<LI>Call Chain = IICCommonReadBytesEx &rArr; IICCommonSendOneByte &rArr; IICCommonReadACK
</UL>
<BR>[Calls]<UL><LI><a href="#[d6]">&gt;&gt;</a>&nbsp;&nbsp;&nbsp;IICCommonEnd
<LI><a href="#[d4]">&gt;&gt;</a>&nbsp;&nbsp;&nbsp;IICCommonStart
<LI><a href="#[d5]">&gt;&gt;</a>&nbsp;&nbsp;&nbsp;IICCommonSendOneByte
<LI><a href="#[d7]">&gt;&gt;</a>&nbsp;&nbsp;&nbsp;IICCommonReadOneByte
</UL>
<BR>[Called By]<UL><LI><a href="#[12b]">&gt;&gt;</a>&nbsp;&nbsp;&nbsp;ScanGT1151Q
<LI><a href="#[dc]">&gt;&gt;</a>&nbsp;&nbsp;&nbsp;InitGT1151Q
</UL>

<P><STRONG><a name="[d7]"></a>IICCommonReadOneByte</STRONG> (Thumb, 86 bytes, Stack size 24 bytes, iiccommon.o(i.IICCommonReadOneByte))
<BR><BR>[Stack]<UL><LI>Max Depth = 32<LI>Call Chain = IICCommonReadOneByte &rArr; IICCommonSendNAck
</UL>
<BR>[Calls]<UL><LI><a href="#[d9]">&gt;&gt;</a>&nbsp;&nbsp;&nbsp;IICCommonSendNAck
<LI><a href="#[d8]">&gt;&gt;</a>&nbsp;&nbsp;&nbsp;IICCommonSendAck
</UL>
<BR>[Called By]<UL><LI><a href="#[d3]">&gt;&gt;</a>&nbsp;&nbsp;&nbsp;IICCommonReadBytesEx
</UL>

<P><STRONG><a name="[d8]"></a>IICCommonSendAck</STRONG> (Thumb, 54 bytes, Stack size 8 bytes, iiccommon.o(i.IICCommonSendAck))
<BR><BR>[Stack]<UL><LI>Max Depth = 8<LI>Call Chain = IICCommonSendAck
</UL>
<BR>[Called By]<UL><LI><a href="#[d7]">&gt;&gt;</a>&nbsp;&nbsp;&nbsp;IICCommonReadOneByte
</UL>

<P><STRONG><a name="[d9]"></a>IICCommonSendNAck</STRONG> (Thumb, 54 bytes, Stack size 8 bytes, iiccommon.o(i.IICCommonSendNAck))
<BR><BR>[Stack]<UL><LI>Max Depth = 8<LI>Call Chain = IICCommonSendNAck
</UL>
<BR>[Called By]<UL><LI><a href="#[d7]">&gt;&gt;</a>&nbsp;&nbsp;&nbsp;IICCommonReadOneByte
</UL>

<P><STRONG><a name="[d5]"></a>IICCommonSendOneByte</STRONG> (Thumb, 98 bytes, Stack size 24 bytes, iiccommon.o(i.IICCommonSendOneByte))
<BR><BR>[Stack]<UL><LI>Max Depth = 40<LI>Call Chain = IICCommonSendOneByte &rArr; IICCommonReadACK
</UL>
<BR>[Calls]<UL><LI><a href="#[da]">&gt;&gt;</a>&nbsp;&nbsp;&nbsp;IICCommonReadACK
</UL>
<BR>[Called By]<UL><LI><a href="#[d3]">&gt;&gt;</a>&nbsp;&nbsp;&nbsp;IICCommonReadBytesEx
<LI><a href="#[db]">&gt;&gt;</a>&nbsp;&nbsp;&nbsp;IICCommonWriteBytesEx
</UL>

<P><STRONG><a name="[d4]"></a>IICCommonStart</STRONG> (Thumb, 78 bytes, Stack size 8 bytes, iiccommon.o(i.IICCommonStart))
<BR><BR>[Stack]<UL><LI>Max Depth = 8<LI>Call Chain = IICCommonStart
</UL>
<BR>[Called By]<UL><LI><a href="#[d3]">&gt;&gt;</a>&nbsp;&nbsp;&nbsp;IICCommonReadBytesEx
<LI><a href="#[db]">&gt;&gt;</a>&nbsp;&nbsp;&nbsp;IICCommonWriteBytesEx
</UL>

<P><STRONG><a name="[db]"></a>IICCommonWriteBytesEx</STRONG> (Thumb, 134 bytes, Stack size 24 bytes, iiccommon.o(i.IICCommonWriteBytesEx))
<BR><BR>[Stack]<UL><LI>Max Depth = 64<LI>Call Chain = IICCommonWriteBytesEx &rArr; IICCommonSendOneByte &rArr; IICCommonReadACK
</UL>
<BR>[Calls]<UL><LI><a href="#[d6]">&gt;&gt;</a>&nbsp;&nbsp;&nbsp;IICCommonEnd
<LI><a href="#[d4]">&gt;&gt;</a>&nbsp;&nbsp;&nbsp;IICCommonStart
<LI><a href="#[d5]">&gt;&gt;</a>&nbsp;&nbsp;&nbsp;IICCommonSendOneByte
</UL>
<BR>[Called By]<UL><LI><a href="#[12b]">&gt;&gt;</a>&nbsp;&nbsp;&nbsp;ScanGT1151Q
</UL>

<P><STRONG><a name="[104]"></a>InitBMP</STRONG> (Thumb, 2 bytes, Stack size 0 bytes, bmp.o(i.InitBMP))
<BR><BR>[Called By]<UL><LI><a href="#[102]">&gt;&gt;</a>&nbsp;&nbsp;&nbsp;InitSoftware
</UL>

<P><STRONG><a name="[e1]"></a>InitButtonWidgetStruct</STRONG> (Thumb, 78 bytes, Stack size 0 bytes, buttonwidget.o(i.InitButtonWidgetStruct))
<BR><BR>[Called By]<UL><LI><a href="#[e0]">&gt;&gt;</a>&nbsp;&nbsp;&nbsp;InitGUIButton
</UL>

<P><STRONG><a name="[dc]"></a>InitGT1151Q</STRONG> (Thumb, 88 bytes, Stack size 16 bytes, gt1151q.o(i.InitGT1151Q))
<BR><BR>[Stack]<UL><LI>Max Depth = 80<LI>Call Chain = InitGT1151Q &rArr; IICCommonReadBytesEx &rArr; IICCommonSendOneByte &rArr; IICCommonReadACK
</UL>
<BR>[Calls]<UL><LI><a href="#[d3]">&gt;&gt;</a>&nbsp;&nbsp;&nbsp;IICCommonReadBytesEx
<LI><a href="#[97]">&gt;&gt;</a>&nbsp;&nbsp;&nbsp;DelayNms
<LI><a href="#[99]">&gt;&gt;</a>&nbsp;&nbsp;&nbsp;ConfigGT1151QGPIO
<LI><a href="#[92]">&gt;&gt;</a>&nbsp;&nbsp;&nbsp;ConfigGT1151QAddr
<LI><a href="#[8d]">&gt;&gt;</a>&nbsp;&nbsp;&nbsp;__2printf
</UL>
<BR>[Called By]<UL><LI><a href="#[105]">&gt;&gt;</a>&nbsp;&nbsp;&nbsp;InitTouch
</UL>

<P><STRONG><a name="[dd]"></a>InitGUI</STRONG> (Thumb, 30 bytes, Stack size 8 bytes, guitop.o(i.InitGUI))
<BR><BR>[Stack]<UL><LI>Max Depth = 432<LI>Call Chain = InitGUI &rArr; InitGUIButton &rArr; CreateButtonWidget &rArr; DrawBackground &rArr; GUIDrawImage &rArr; DisplayJPEGInFlash &rArr; jd_decomp &rArr; mcu_load &rArr; block_idct
</UL>
<BR>[Calls]<UL><LI><a href="#[de]">&gt;&gt;</a>&nbsp;&nbsp;&nbsp;LCDDisplayDir
<LI><a href="#[df]">&gt;&gt;</a>&nbsp;&nbsp;&nbsp;LCDClear
<LI><a href="#[bd]">&gt;&gt;</a>&nbsp;&nbsp;&nbsp;DisplayBackground
<LI><a href="#[e0]">&gt;&gt;</a>&nbsp;&nbsp;&nbsp;InitGUIButton
</UL>
<BR>[Called By]<UL><LI><a href="#[f0]">&gt;&gt;</a>&nbsp;&nbsp;&nbsp;InitKeyboardTop
</UL>

<P><STRONG><a name="[e0]"></a>InitGUIButton</STRONG> (Thumb, 608 bytes, Stack size 16 bytes, guibutton.o(i.InitGUIButton))
<BR><BR>[Stack]<UL><LI>Max Depth = 424<LI>Call Chain = InitGUIButton &rArr; CreateButtonWidget &rArr; DrawBackground &rArr; GUIDrawImage &rArr; DisplayJPEGInFlash &rArr; jd_decomp &rArr; mcu_load &rArr; block_idct
</UL>
<BR>[Calls]<UL><LI><a href="#[e1]">&gt;&gt;</a>&nbsp;&nbsp;&nbsp;InitButtonWidgetStruct
<LI><a href="#[b7]">&gt;&gt;</a>&nbsp;&nbsp;&nbsp;CreateButtonWidget
</UL>
<BR>[Called By]<UL><LI><a href="#[dd]">&gt;&gt;</a>&nbsp;&nbsp;&nbsp;InitGUI
</UL>

<P><STRONG><a name="[103]"></a>InitJPEG</STRONG> (Thumb, 2 bytes, Stack size 0 bytes, jpeg.o(i.InitJPEG))
<BR><BR>[Called By]<UL><LI><a href="#[102]">&gt;&gt;</a>&nbsp;&nbsp;&nbsp;InitSoftware
</UL>

<P><STRONG><a name="[e9]"></a>InitKeyboard</STRONG> (Thumb, 64 bytes, Stack size 8 bytes, keyboard.o(i.InitKeyboard))
<BR><BR>[Stack]<UL><LI>Max Depth = 240<LI>Call Chain = InitKeyboard &rArr; usbd_init &rArr; usb_basic_init
</UL>
<BR>[Calls]<UL><LI><a href="#[94]">&gt;&gt;</a>&nbsp;&nbsp;&nbsp;rcu_periph_clock_enable
<LI><a href="#[ed]">&gt;&gt;</a>&nbsp;&nbsp;&nbsp;usbd_init
<LI><a href="#[eb]">&gt;&gt;</a>&nbsp;&nbsp;&nbsp;usb_rcu_config
<LI><a href="#[ee]">&gt;&gt;</a>&nbsp;&nbsp;&nbsp;usb_intr_config
<LI><a href="#[ea]">&gt;&gt;</a>&nbsp;&nbsp;&nbsp;usb_gpio_config
<LI><a href="#[ec]">&gt;&gt;</a>&nbsp;&nbsp;&nbsp;hid_itfop_register
<LI><a href="#[ef]">&gt;&gt;</a>&nbsp;&nbsp;&nbsp;ctc_config
</UL>
<BR>[Called By]<UL><LI><a href="#[f0]">&gt;&gt;</a>&nbsp;&nbsp;&nbsp;InitKeyboardTop
</UL>

<P><STRONG><a name="[f0]"></a>InitKeyboardTop</STRONG> (Thumb, 24 bytes, Stack size 8 bytes, keyboardtop.o(i.InitKeyboardTop))
<BR><BR>[Stack]<UL><LI>Max Depth = 440<LI>Call Chain = InitKeyboardTop &rArr; InitGUI &rArr; InitGUIButton &rArr; CreateButtonWidget &rArr; DrawBackground &rArr; GUIDrawImage &rArr; DisplayJPEGInFlash &rArr; jd_decomp &rArr; mcu_load &rArr; block_idct
</UL>
<BR>[Calls]<UL><LI><a href="#[e9]">&gt;&gt;</a>&nbsp;&nbsp;&nbsp;InitKeyboard
<LI><a href="#[dd]">&gt;&gt;</a>&nbsp;&nbsp;&nbsp;InitGUI
</UL>
<BR>[Called By]<UL><LI><a href="#[102]">&gt;&gt;</a>&nbsp;&nbsp;&nbsp;InitSoftware
</UL>

<P><STRONG><a name="[f1]"></a>InitLCD</STRONG> (Thumb, 1492 bytes, Stack size 64 bytes, tlilcd.o(i.InitLCD))
<BR><BR>[Stack]<UL><LI>Max Depth = 144<LI>Call Chain = InitLCD &rArr; LCDLayerWindowSet
</UL>
<BR>[Calls]<UL><LI><a href="#[f3]">&gt;&gt;</a>&nbsp;&nbsp;&nbsp;tli_struct_para_init
<LI><a href="#[fe]">&gt;&gt;</a>&nbsp;&nbsp;&nbsp;tli_reload_config
<LI><a href="#[f8]">&gt;&gt;</a>&nbsp;&nbsp;&nbsp;tli_init
<LI><a href="#[ff]">&gt;&gt;</a>&nbsp;&nbsp;&nbsp;tli_enable
<LI><a href="#[fd]">&gt;&gt;</a>&nbsp;&nbsp;&nbsp;tli_dither_config
<LI><a href="#[f2]">&gt;&gt;</a>&nbsp;&nbsp;&nbsp;tli_deinit
<LI><a href="#[f5]">&gt;&gt;</a>&nbsp;&nbsp;&nbsp;rcu_tli_clock_div_config
<LI><a href="#[f4]">&gt;&gt;</a>&nbsp;&nbsp;&nbsp;rcu_pllsai_config
<LI><a href="#[f7]">&gt;&gt;</a>&nbsp;&nbsp;&nbsp;rcu_osci_stab_wait
<LI><a href="#[f6]">&gt;&gt;</a>&nbsp;&nbsp;&nbsp;rcu_osci_on
<LI><a href="#[a0]">&gt;&gt;</a>&nbsp;&nbsp;&nbsp;gpio_af_set
<LI><a href="#[fc]">&gt;&gt;</a>&nbsp;&nbsp;&nbsp;LCDTransparencySet
<LI><a href="#[f9]">&gt;&gt;</a>&nbsp;&nbsp;&nbsp;LCDLayerWindowSet
<LI><a href="#[100]">&gt;&gt;</a>&nbsp;&nbsp;&nbsp;LCDLayerSwitch
<LI><a href="#[fa]">&gt;&gt;</a>&nbsp;&nbsp;&nbsp;LCDLayerEnable
<LI><a href="#[fb]">&gt;&gt;</a>&nbsp;&nbsp;&nbsp;LCDLayerDisable
<LI><a href="#[de]">&gt;&gt;</a>&nbsp;&nbsp;&nbsp;LCDDisplayDir
<LI><a href="#[df]">&gt;&gt;</a>&nbsp;&nbsp;&nbsp;LCDClear
<LI><a href="#[94]">&gt;&gt;</a>&nbsp;&nbsp;&nbsp;rcu_periph_clock_enable
<LI><a href="#[96]">&gt;&gt;</a>&nbsp;&nbsp;&nbsp;gpio_output_options_set
<LI><a href="#[95]">&gt;&gt;</a>&nbsp;&nbsp;&nbsp;gpio_mode_set
<LI><a href="#[98]">&gt;&gt;</a>&nbsp;&nbsp;&nbsp;gpio_bit_set
</UL>
<BR>[Called By]<UL><LI><a href="#[102]">&gt;&gt;</a>&nbsp;&nbsp;&nbsp;InitSoftware
</UL>

<P><STRONG><a name="[101]"></a>InitLED</STRONG> (Thumb, 8 bytes, Stack size 8 bytes, led.o(i.InitLED))
<BR><BR>[Stack]<UL><LI>Max Depth = 36<LI>Call Chain = InitLED &rArr; ConfigLEDGPIO &rArr; gpio_output_options_set
</UL>
<BR>[Calls]<UL><LI><a href="#[9a]">&gt;&gt;</a>&nbsp;&nbsp;&nbsp;ConfigLEDGPIO
</UL>
<BR>[Called By]<UL><LI><a href="#[102]">&gt;&gt;</a>&nbsp;&nbsp;&nbsp;InitSoftware
</UL>

<P><STRONG><a name="[e4]"></a>InitNVIC</STRONG> (Thumb, 8 bytes, Stack size 8 bytes, nvic.o(i.InitNVIC))
<BR><BR>[Stack]<UL><LI>Max Depth = 16<LI>Call Chain = InitNVIC &rArr; ConfigNVIC
</UL>
<BR>[Calls]<UL><LI><a href="#[9b]">&gt;&gt;</a>&nbsp;&nbsp;&nbsp;ConfigNVIC
</UL>
<BR>[Called By]<UL><LI><a href="#[e2]">&gt;&gt;</a>&nbsp;&nbsp;&nbsp;InitHardware
</UL>

<P><STRONG><a name="[108]"></a>InitQueue</STRONG> (Thumb, 36 bytes, Stack size 12 bytes, queue.o(i.InitQueue))
<BR><BR>[Stack]<UL><LI>Max Depth = 12<LI>Call Chain = InitQueue
</UL>
<BR>[Called By]<UL><LI><a href="#[107]">&gt;&gt;</a>&nbsp;&nbsp;&nbsp;InitUARTBuf
</UL>

<P><STRONG><a name="[e3]"></a>InitRCU</STRONG> (Thumb, 8 bytes, Stack size 8 bytes, rcu.o(i.InitRCU))
<BR><BR>[Stack]<UL><LI>Max Depth = 16<LI>Call Chain = InitRCU &rArr; ConfigRCU
</UL>
<BR>[Calls]<UL><LI><a href="#[9d]">&gt;&gt;</a>&nbsp;&nbsp;&nbsp;ConfigRCU
</UL>
<BR>[Called By]<UL><LI><a href="#[e2]">&gt;&gt;</a>&nbsp;&nbsp;&nbsp;InitHardware
</UL>

<P><STRONG><a name="[e8]"></a>InitSDRAM</STRONG> (Thumb, 10 bytes, Stack size 8 bytes, sdram.o(i.InitSDRAM))
<BR><BR>[Stack]<UL><LI>Max Depth = 140<LI>Call Chain = InitSDRAM &rArr; ConfigSDRAM &rArr; gpio_af_set
</UL>
<BR>[Calls]<UL><LI><a href="#[9f]">&gt;&gt;</a>&nbsp;&nbsp;&nbsp;ConfigSDRAM
</UL>
<BR>[Called By]<UL><LI><a href="#[e2]">&gt;&gt;</a>&nbsp;&nbsp;&nbsp;InitHardware
</UL>

<P><STRONG><a name="[e7]"></a>InitSysTick</STRONG> (Thumb, 74 bytes, Stack size 8 bytes, systick.o(i.InitSysTick))
<BR><BR>[Stack]<UL><LI>Max Depth = 16<LI>Call Chain = InitSysTick &rArr; __NVIC_SetPriority
</UL>
<BR>[Calls]<UL><LI><a href="#[106]">&gt;&gt;</a>&nbsp;&nbsp;&nbsp;__NVIC_SetPriority
</UL>
<BR>[Called By]<UL><LI><a href="#[e2]">&gt;&gt;</a>&nbsp;&nbsp;&nbsp;InitHardware
</UL>

<P><STRONG><a name="[e6]"></a>InitTimer</STRONG> (Thumb, 24 bytes, Stack size 8 bytes, timer.o(i.InitTimer))
<BR><BR>[Stack]<UL><LI>Max Depth = 64<LI>Call Chain = InitTimer &rArr; ConfigTimer4 &rArr; nvic_irq_enable
</UL>
<BR>[Calls]<UL><LI><a href="#[ac]">&gt;&gt;</a>&nbsp;&nbsp;&nbsp;ConfigTimer4
<LI><a href="#[a5]">&gt;&gt;</a>&nbsp;&nbsp;&nbsp;ConfigTimer1
</UL>
<BR>[Called By]<UL><LI><a href="#[e2]">&gt;&gt;</a>&nbsp;&nbsp;&nbsp;InitHardware
</UL>

<P><STRONG><a name="[105]"></a>InitTouch</STRONG> (Thumb, 74 bytes, Stack size 8 bytes, touch.o(i.InitTouch))
<BR><BR>[Stack]<UL><LI>Max Depth = 88<LI>Call Chain = InitTouch &rArr; InitGT1151Q &rArr; IICCommonReadBytesEx &rArr; IICCommonSendOneByte &rArr; IICCommonReadACK
</UL>
<BR>[Calls]<UL><LI><a href="#[dc]">&gt;&gt;</a>&nbsp;&nbsp;&nbsp;InitGT1151Q
</UL>
<BR>[Called By]<UL><LI><a href="#[102]">&gt;&gt;</a>&nbsp;&nbsp;&nbsp;InitSoftware
</UL>

<P><STRONG><a name="[e5]"></a>InitUART0</STRONG> (Thumb, 16 bytes, Stack size 8 bytes, uart0.o(i.InitUART0))
<BR><BR>[Stack]<UL><LI>Max Depth = 132<LI>Call Chain = InitUART0 &rArr; ConfigUART &rArr; usart_baudrate_set &rArr; rcu_clock_freq_get
</UL>
<BR>[Calls]<UL><LI><a href="#[107]">&gt;&gt;</a>&nbsp;&nbsp;&nbsp;InitUARTBuf
<LI><a href="#[ad]">&gt;&gt;</a>&nbsp;&nbsp;&nbsp;ConfigUART
</UL>
<BR>[Called By]<UL><LI><a href="#[e2]">&gt;&gt;</a>&nbsp;&nbsp;&nbsp;InitHardware
</UL>

<P><STRONG><a name="[10c]"></a>KeyboardTopTask</STRONG> (Thumb, 8 bytes, Stack size 8 bytes, keyboardtop.o(i.KeyboardTopTask))
<BR><BR>[Stack]<UL><LI>Max Depth = 440<LI>Call Chain = KeyboardTopTask &rArr; GUITask &rArr; ScanGUIButton &rArr; ScanButtonWidget &rArr; DrawBackground &rArr; GUIDrawImage &rArr; DisplayJPEGInFlash &rArr; jd_decomp &rArr; mcu_load &rArr; block_idct
</UL>
<BR>[Calls]<UL><LI><a href="#[cf]">&gt;&gt;</a>&nbsp;&nbsp;&nbsp;GUITask
</UL>
<BR>[Called By]<UL><LI><a href="#[124]">&gt;&gt;</a>&nbsp;&nbsp;&nbsp;Proc2msTask
</UL>

<P><STRONG><a name="[df]"></a>LCDClear</STRONG> (Thumb, 128 bytes, Stack size 56 bytes, tlilcd.o(i.LCDClear))
<BR><BR>[Stack]<UL><LI>Max Depth = 64<LI>Call Chain = LCDClear &rArr; ipa_destination_init
</UL>
<BR>[Calls]<UL><LI><a href="#[112]">&gt;&gt;</a>&nbsp;&nbsp;&nbsp;ipa_transfer_enable
<LI><a href="#[10f]">&gt;&gt;</a>&nbsp;&nbsp;&nbsp;ipa_pixel_format_convert_mode_set
<LI><a href="#[113]">&gt;&gt;</a>&nbsp;&nbsp;&nbsp;ipa_interrupt_flag_get
<LI><a href="#[114]">&gt;&gt;</a>&nbsp;&nbsp;&nbsp;ipa_interrupt_flag_clear
<LI><a href="#[110]">&gt;&gt;</a>&nbsp;&nbsp;&nbsp;ipa_destination_struct_para_init
<LI><a href="#[111]">&gt;&gt;</a>&nbsp;&nbsp;&nbsp;ipa_destination_init
<LI><a href="#[10e]">&gt;&gt;</a>&nbsp;&nbsp;&nbsp;ipa_deinit
<LI><a href="#[10d]">&gt;&gt;</a>&nbsp;&nbsp;&nbsp;RGB565ToRGB888A
<LI><a href="#[94]">&gt;&gt;</a>&nbsp;&nbsp;&nbsp;rcu_periph_clock_enable
</UL>
<BR>[Called By]<UL><LI><a href="#[f1]">&gt;&gt;</a>&nbsp;&nbsp;&nbsp;InitLCD
<LI><a href="#[dd]">&gt;&gt;</a>&nbsp;&nbsp;&nbsp;InitGUI
</UL>

<P><STRONG><a name="[c6]"></a>LCDColorFill</STRONG> (Thumb, 72 bytes, Stack size 36 bytes, tlilcd.o(i.LCDColorFill))
<BR><BR>[Stack]<UL><LI>Max Depth = 56<LI>Call Chain = LCDColorFill &rArr; LCDDrawPoint
</UL>
<BR>[Calls]<UL><LI><a href="#[91]">&gt;&gt;</a>&nbsp;&nbsp;&nbsp;LCDDrawPoint
</UL>
<BR>[Called By]<UL><LI><a href="#[c1]">&gt;&gt;</a>&nbsp;&nbsp;&nbsp;GUIDrawBackground
</UL>

<P><STRONG><a name="[10a]"></a>LCDColorFillPixel</STRONG> (Thumb, 82 bytes, Stack size 36 bytes, tlilcd.o(i.LCDColorFillPixel))
<BR><BR>[Stack]<UL><LI>Max Depth = 56<LI>Call Chain = LCDColorFillPixel &rArr; LCDDrawPoint
</UL>
<BR>[Calls]<UL><LI><a href="#[91]">&gt;&gt;</a>&nbsp;&nbsp;&nbsp;LCDDrawPoint
</UL>
<BR>[Called By]<UL><LI><a href="#[7a]">&gt;&gt;</a>&nbsp;&nbsp;&nbsp;JpegOutfunc
</UL>

<P><STRONG><a name="[de]"></a>LCDDisplayDir</STRONG> (Thumb, 34 bytes, Stack size 0 bytes, tlilcd.o(i.LCDDisplayDir))
<BR><BR>[Called By]<UL><LI><a href="#[f1]">&gt;&gt;</a>&nbsp;&nbsp;&nbsp;InitLCD
<LI><a href="#[dd]">&gt;&gt;</a>&nbsp;&nbsp;&nbsp;InitGUI
</UL>

<P><STRONG><a name="[91]"></a>LCDDrawPoint</STRONG> (Thumb, 72 bytes, Stack size 20 bytes, tlilcd.o(i.LCDDrawPoint))
<BR><BR>[Stack]<UL><LI>Max Depth = 20<LI>Call Chain = LCDDrawPoint
</UL>
<BR>[Called By]<UL><LI><a href="#[8b]">&gt;&gt;</a>&nbsp;&nbsp;&nbsp;BMPDisplayInFlash
<LI><a href="#[c8]">&gt;&gt;</a>&nbsp;&nbsp;&nbsp;LCDShowChar
<LI><a href="#[115]">&gt;&gt;</a>&nbsp;&nbsp;&nbsp;LCDFill
<LI><a href="#[10a]">&gt;&gt;</a>&nbsp;&nbsp;&nbsp;LCDColorFillPixel
<LI><a href="#[c6]">&gt;&gt;</a>&nbsp;&nbsp;&nbsp;LCDColorFill
</UL>

<P><STRONG><a name="[115]"></a>LCDFill</STRONG> (Thumb, 362 bytes, Stack size 136 bytes, tlilcd.o(i.LCDFill))
<BR><BR>[Stack]<UL><LI>Max Depth = 156<LI>Call Chain = LCDFill &rArr; LCDDrawPoint
</UL>
<BR>[Calls]<UL><LI><a href="#[112]">&gt;&gt;</a>&nbsp;&nbsp;&nbsp;ipa_transfer_enable
<LI><a href="#[10f]">&gt;&gt;</a>&nbsp;&nbsp;&nbsp;ipa_pixel_format_convert_mode_set
<LI><a href="#[113]">&gt;&gt;</a>&nbsp;&nbsp;&nbsp;ipa_interrupt_flag_get
<LI><a href="#[114]">&gt;&gt;</a>&nbsp;&nbsp;&nbsp;ipa_interrupt_flag_clear
<LI><a href="#[110]">&gt;&gt;</a>&nbsp;&nbsp;&nbsp;ipa_destination_struct_para_init
<LI><a href="#[111]">&gt;&gt;</a>&nbsp;&nbsp;&nbsp;ipa_destination_init
<LI><a href="#[10e]">&gt;&gt;</a>&nbsp;&nbsp;&nbsp;ipa_deinit
<LI><a href="#[10d]">&gt;&gt;</a>&nbsp;&nbsp;&nbsp;RGB565ToRGB888A
<LI><a href="#[8f]">&gt;&gt;</a>&nbsp;&nbsp;&nbsp;LCDReadPoint
<LI><a href="#[91]">&gt;&gt;</a>&nbsp;&nbsp;&nbsp;LCDDrawPoint
<LI><a href="#[94]">&gt;&gt;</a>&nbsp;&nbsp;&nbsp;rcu_periph_clock_enable
</UL>
<BR>[Called By]<UL><LI><a href="#[c9]">&gt;&gt;</a>&nbsp;&nbsp;&nbsp;LCDFillPixel
</UL>

<P><STRONG><a name="[c9]"></a>LCDFillPixel</STRONG> (Thumb, 68 bytes, Stack size 40 bytes, tlilcd.o(i.LCDFillPixel))
<BR><BR>[Stack]<UL><LI>Max Depth = 196<LI>Call Chain = LCDFillPixel &rArr; LCDFill &rArr; LCDDrawPoint
</UL>
<BR>[Calls]<UL><LI><a href="#[115]">&gt;&gt;</a>&nbsp;&nbsp;&nbsp;LCDFill
</UL>
<BR>[Called By]<UL><LI><a href="#[c2]">&gt;&gt;</a>&nbsp;&nbsp;&nbsp;GUIFillColor
</UL>

<P><STRONG><a name="[fb]"></a>LCDLayerDisable</STRONG> (Thumb, 34 bytes, Stack size 8 bytes, tlilcd.o(i.LCDLayerDisable))
<BR><BR>[Stack]<UL><LI>Max Depth = 8<LI>Call Chain = LCDLayerDisable
</UL>
<BR>[Calls]<UL><LI><a href="#[fe]">&gt;&gt;</a>&nbsp;&nbsp;&nbsp;tli_reload_config
<LI><a href="#[116]">&gt;&gt;</a>&nbsp;&nbsp;&nbsp;tli_layer_disable
</UL>
<BR>[Called By]<UL><LI><a href="#[f1]">&gt;&gt;</a>&nbsp;&nbsp;&nbsp;InitLCD
</UL>

<P><STRONG><a name="[fa]"></a>LCDLayerEnable</STRONG> (Thumb, 34 bytes, Stack size 8 bytes, tlilcd.o(i.LCDLayerEnable))
<BR><BR>[Stack]<UL><LI>Max Depth = 8<LI>Call Chain = LCDLayerEnable
</UL>
<BR>[Calls]<UL><LI><a href="#[fe]">&gt;&gt;</a>&nbsp;&nbsp;&nbsp;tli_reload_config
<LI><a href="#[117]">&gt;&gt;</a>&nbsp;&nbsp;&nbsp;tli_layer_enable
</UL>
<BR>[Called By]<UL><LI><a href="#[f1]">&gt;&gt;</a>&nbsp;&nbsp;&nbsp;InitLCD
</UL>

<P><STRONG><a name="[100]"></a>LCDLayerSwitch</STRONG> (Thumb, 26 bytes, Stack size 0 bytes, tlilcd.o(i.LCDLayerSwitch))
<BR><BR>[Called By]<UL><LI><a href="#[f1]">&gt;&gt;</a>&nbsp;&nbsp;&nbsp;InitLCD
</UL>

<P><STRONG><a name="[f9]"></a>LCDLayerWindowSet</STRONG> (Thumb, 448 bytes, Stack size 80 bytes, tlilcd.o(i.LCDLayerWindowSet))
<BR><BR>[Stack]<UL><LI>Max Depth = 80<LI>Call Chain = LCDLayerWindowSet
</UL>
<BR>[Calls]<UL><LI><a href="#[fe]">&gt;&gt;</a>&nbsp;&nbsp;&nbsp;tli_reload_config
<LI><a href="#[11b]">&gt;&gt;</a>&nbsp;&nbsp;&nbsp;tli_lut_disable
<LI><a href="#[118]">&gt;&gt;</a>&nbsp;&nbsp;&nbsp;tli_layer_struct_para_init
<LI><a href="#[119]">&gt;&gt;</a>&nbsp;&nbsp;&nbsp;tli_layer_init
<LI><a href="#[11a]">&gt;&gt;</a>&nbsp;&nbsp;&nbsp;tli_color_key_disable
</UL>
<BR>[Called By]<UL><LI><a href="#[f1]">&gt;&gt;</a>&nbsp;&nbsp;&nbsp;InitLCD
</UL>

<P><STRONG><a name="[8f]"></a>LCDReadPoint</STRONG> (Thumb, 74 bytes, Stack size 12 bytes, tlilcd.o(i.LCDReadPoint))
<BR><BR>[Stack]<UL><LI>Max Depth = 12<LI>Call Chain = LCDReadPoint
</UL>
<BR>[Called By]<UL><LI><a href="#[8b]">&gt;&gt;</a>&nbsp;&nbsp;&nbsp;BMPDisplayInFlash
<LI><a href="#[115]">&gt;&gt;</a>&nbsp;&nbsp;&nbsp;LCDFill
<LI><a href="#[ce]">&gt;&gt;</a>&nbsp;&nbsp;&nbsp;GUIReadPoint
</UL>

<P><STRONG><a name="[c8]"></a>LCDShowChar</STRONG> (Thumb, 280 bytes, Stack size 68 bytes, tlilcd.o(i.LCDShowChar))
<BR><BR>[Stack]<UL><LI>Max Depth = 88<LI>Call Chain = LCDShowChar &rArr; LCDDrawPoint
</UL>
<BR>[Calls]<UL><LI><a href="#[91]">&gt;&gt;</a>&nbsp;&nbsp;&nbsp;LCDDrawPoint
</UL>
<BR>[Called By]<UL><LI><a href="#[c7]">&gt;&gt;</a>&nbsp;&nbsp;&nbsp;GUIDrawChar
</UL>

<P><STRONG><a name="[fc]"></a>LCDTransparencySet</STRONG> (Thumb, 54 bytes, Stack size 16 bytes, tlilcd.o(i.LCDTransparencySet))
<BR><BR>[Stack]<UL><LI>Max Depth = 16<LI>Call Chain = LCDTransparencySet
</UL>
<BR>[Calls]<UL><LI><a href="#[fe]">&gt;&gt;</a>&nbsp;&nbsp;&nbsp;tli_reload_config
</UL>
<BR>[Called By]<UL><LI><a href="#[f1]">&gt;&gt;</a>&nbsp;&nbsp;&nbsp;InitLCD
</UL>

<P><STRONG><a name="[11c]"></a>LEDFlicker</STRONG> (Thumb, 84 bytes, Stack size 8 bytes, led.o(i.LEDFlicker))
<BR><BR>[Stack]<UL><LI>Max Depth = 8<LI>Call Chain = LEDFlicker
</UL>
<BR>[Calls]<UL><LI><a href="#[98]">&gt;&gt;</a>&nbsp;&nbsp;&nbsp;gpio_bit_set
<LI><a href="#[93]">&gt;&gt;</a>&nbsp;&nbsp;&nbsp;gpio_bit_reset
</UL>
<BR>[Called By]<UL><LI><a href="#[124]">&gt;&gt;</a>&nbsp;&nbsp;&nbsp;Proc2msTask
</UL>

<P><STRONG><a name="[16]"></a>MemManage_Handler</STRONG> (Thumb, 4 bytes, Stack size 0 bytes, gd32f4xx_it.o(i.MemManage_Handler))
<BR>[Address Reference Count : 1]<UL><LI> startup_gd32f450_470.o(RESET)
</UL>
<P><STRONG><a name="[14]"></a>NMI_Handler</STRONG> (Thumb, 2 bytes, Stack size 0 bytes, gd32f4xx_it.o(i.NMI_Handler))
<BR>[Address Reference Count : 1]<UL><LI> startup_gd32f450_470.o(RESET)
</UL>
<P><STRONG><a name="[1b]"></a>PendSV_Handler</STRONG> (Thumb, 2 bytes, Stack size 0 bytes, gd32f4xx_it.o(i.PendSV_Handler))
<BR>[Address Reference Count : 1]<UL><LI> startup_gd32f450_470.o(RESET)
</UL>
<P><STRONG><a name="[136]"></a>QueueEmpty</STRONG> (Thumb, 14 bytes, Stack size 0 bytes, queue.o(i.QueueEmpty))
<BR><BR>[Called By]<UL><LI><a href="#[42]">&gt;&gt;</a>&nbsp;&nbsp;&nbsp;USART0_IRQHandler
</UL>

<P><STRONG><a name="[10d]"></a>RGB565ToRGB888A</STRONG> (Thumb, 26 bytes, Stack size 8 bytes, tlilcd.o(i.RGB565ToRGB888A))
<BR><BR>[Stack]<UL><LI>Max Depth = 8<LI>Call Chain = RGB565ToRGB888A
</UL>
<BR>[Called By]<UL><LI><a href="#[115]">&gt;&gt;</a>&nbsp;&nbsp;&nbsp;LCDFill
<LI><a href="#[df]">&gt;&gt;</a>&nbsp;&nbsp;&nbsp;LCDClear
</UL>

<P><STRONG><a name="[19]"></a>SVC_Handler</STRONG> (Thumb, 2 bytes, Stack size 0 bytes, gd32f4xx_it.o(i.SVC_Handler))
<BR>[Address Reference Count : 1]<UL><LI> startup_gd32f450_470.o(RESET)
</UL>
<P><STRONG><a name="[129]"></a>ScanButtonWidget</STRONG> (Thumb, 98 bytes, Stack size 16 bytes, buttonwidget.o(i.ScanButtonWidget))
<BR><BR>[Stack]<UL><LI>Max Depth = 408<LI>Call Chain = ScanButtonWidget &rArr; DrawBackground &rArr; GUIDrawImage &rArr; DisplayJPEGInFlash &rArr; jd_decomp &rArr; mcu_load &rArr; block_idct
</UL>
<BR>[Calls]<UL><LI><a href="#[109]">&gt;&gt;</a>&nbsp;&nbsp;&nbsp;IsButtonPress
<LI><a href="#[ba]">&gt;&gt;</a>&nbsp;&nbsp;&nbsp;DrawText
<LI><a href="#[b9]">&gt;&gt;</a>&nbsp;&nbsp;&nbsp;DrawBackground
<LI><a href="#[12a]">&gt;&gt;</a>&nbsp;&nbsp;&nbsp;CallBackProc
</UL>
<BR>[Called By]<UL><LI><a href="#[d0]">&gt;&gt;</a>&nbsp;&nbsp;&nbsp;ScanGUIButton
</UL>

<P><STRONG><a name="[12b]"></a>ScanGT1151Q</STRONG> (Thumb, 266 bytes, Stack size 40 bytes, gt1151q.o(i.ScanGT1151Q))
<BR><BR>[Stack]<UL><LI>Max Depth = 104<LI>Call Chain = ScanGT1151Q &rArr; IICCommonReadBytesEx &rArr; IICCommonSendOneByte &rArr; IICCommonReadACK
</UL>
<BR>[Calls]<UL><LI><a href="#[d3]">&gt;&gt;</a>&nbsp;&nbsp;&nbsp;IICCommonReadBytesEx
<LI><a href="#[db]">&gt;&gt;</a>&nbsp;&nbsp;&nbsp;IICCommonWriteBytesEx
</UL>
<BR>[Called By]<UL><LI><a href="#[122]">&gt;&gt;</a>&nbsp;&nbsp;&nbsp;ScanTouch
</UL>

<P><STRONG><a name="[d0]"></a>ScanGUIButton</STRONG> (Thumb, 58 bytes, Stack size 8 bytes, guibutton.o(i.ScanGUIButton))
<BR><BR>[Stack]<UL><LI>Max Depth = 416<LI>Call Chain = ScanGUIButton &rArr; ScanButtonWidget &rArr; DrawBackground &rArr; GUIDrawImage &rArr; DisplayJPEGInFlash &rArr; jd_decomp &rArr; mcu_load &rArr; block_idct
</UL>
<BR>[Calls]<UL><LI><a href="#[129]">&gt;&gt;</a>&nbsp;&nbsp;&nbsp;ScanButtonWidget
</UL>
<BR>[Called By]<UL><LI><a href="#[cf]">&gt;&gt;</a>&nbsp;&nbsp;&nbsp;GUITask
</UL>

<P><STRONG><a name="[122]"></a>ScanTouch</STRONG> (Thumb, 532 bytes, Stack size 40 bytes, touch.o(i.ScanTouch))
<BR><BR>[Stack]<UL><LI>Max Depth = 144<LI>Call Chain = ScanTouch &rArr; ScanGT1151Q &rArr; IICCommonReadBytesEx &rArr; IICCommonSendOneByte &rArr; IICCommonReadACK
</UL>
<BR>[Calls]<UL><LI><a href="#[12c]">&gt;&gt;</a>&nbsp;&nbsp;&nbsp;Abs
<LI><a href="#[12b]">&gt;&gt;</a>&nbsp;&nbsp;&nbsp;ScanGT1151Q
</UL>
<BR>[Called By]<UL><LI><a href="#[120]">&gt;&gt;</a>&nbsp;&nbsp;&nbsp;Proc1msTask
</UL>

<P><STRONG><a name="[10b]"></a>SendKeyVal</STRONG> (Thumb, 86 bytes, Stack size 40 bytes, keyboard.o(i.SendKeyVal))
<BR><BR>[Stack]<UL><LI>Max Depth = 40<LI>Call Chain = SendKeyVal
</UL>
<BR>[Called By]<UL><LI><a href="#[83]">&gt;&gt;</a>&nbsp;&nbsp;&nbsp;KeyCallback
</UL>

<P><STRONG><a name="[1c]"></a>SysTick_Handler</STRONG> (Thumb, 8 bytes, Stack size 8 bytes, systick.o(i.SysTick_Handler))
<BR><BR>[Stack]<UL><LI>Max Depth = 8<LI>Call Chain = SysTick_Handler
</UL>
<BR>[Calls]<UL><LI><a href="#[12d]">&gt;&gt;</a>&nbsp;&nbsp;&nbsp;TimDelayDec
</UL>
<BR>[Address Reference Count : 1]<UL><LI> startup_gd32f450_470.o(RESET)
</UL>
<P><STRONG><a name="[77]"></a>SystemInit</STRONG> (Thumb, 184 bytes, Stack size 8 bytes, system_gd32f4xx.o(i.SystemInit))
<BR><BR>[Stack]<UL><LI>Max Depth = 16<LI>Call Chain = SystemInit &rArr; system_clock_config
</UL>
<BR>[Calls]<UL><LI><a href="#[12e]">&gt;&gt;</a>&nbsp;&nbsp;&nbsp;system_clock_config
</UL>
<BR>[Called By]<UL><LI><a href="#[e2]">&gt;&gt;</a>&nbsp;&nbsp;&nbsp;InitHardware
</UL>
<BR>[Address Reference Count : 1]<UL><LI> startup_gd32f450_470.o(.text)
</UL>
<P><STRONG><a name="[39]"></a>TIMER1_IRQHandler</STRONG> (Thumb, 76 bytes, Stack size 8 bytes, timer.o(i.TIMER1_IRQHandler))
<BR><BR>[Stack]<UL><LI>Max Depth = 8<LI>Call Chain = TIMER1_IRQHandler
</UL>
<BR>[Calls]<UL><LI><a href="#[12f]">&gt;&gt;</a>&nbsp;&nbsp;&nbsp;timer_interrupt_flag_get
<LI><a href="#[130]">&gt;&gt;</a>&nbsp;&nbsp;&nbsp;timer_interrupt_flag_clear
</UL>
<BR>[Address Reference Count : 1]<UL><LI> startup_gd32f450_470.o(RESET)
</UL>
<P><STRONG><a name="[4f]"></a>TIMER4_IRQHandler</STRONG> (Thumb, 58 bytes, Stack size 8 bytes, timer.o(i.TIMER4_IRQHandler))
<BR><BR>[Stack]<UL><LI>Max Depth = 8<LI>Call Chain = TIMER4_IRQHandler
</UL>
<BR>[Calls]<UL><LI><a href="#[12f]">&gt;&gt;</a>&nbsp;&nbsp;&nbsp;timer_interrupt_flag_get
<LI><a href="#[130]">&gt;&gt;</a>&nbsp;&nbsp;&nbsp;timer_interrupt_flag_clear
</UL>
<BR>[Address Reference Count : 1]<UL><LI> startup_gd32f450_470.o(RESET)
</UL>
<P><STRONG><a name="[42]"></a>USART0_IRQHandler</STRONG> (Thumb, 152 bytes, Stack size 8 bytes, uart0.o(i.USART0_IRQHandler))
<BR><BR>[Stack]<UL><LI>Max Depth = 40<LI>Call Chain = USART0_IRQHandler &rArr; WriteReceiveBuf &rArr; EnQueue
</UL>
<BR>[Calls]<UL><LI><a href="#[131]">&gt;&gt;</a>&nbsp;&nbsp;&nbsp;usart_interrupt_flag_get
<LI><a href="#[132]">&gt;&gt;</a>&nbsp;&nbsp;&nbsp;usart_interrupt_flag_clear
<LI><a href="#[137]">&gt;&gt;</a>&nbsp;&nbsp;&nbsp;usart_interrupt_disable
<LI><a href="#[135]">&gt;&gt;</a>&nbsp;&nbsp;&nbsp;usart_data_transmit
<LI><a href="#[133]">&gt;&gt;</a>&nbsp;&nbsp;&nbsp;usart_data_receive
<LI><a href="#[134]">&gt;&gt;</a>&nbsp;&nbsp;&nbsp;WriteReceiveBuf
<LI><a href="#[127]">&gt;&gt;</a>&nbsp;&nbsp;&nbsp;ReadSendBuf
<LI><a href="#[136]">&gt;&gt;</a>&nbsp;&nbsp;&nbsp;QueueEmpty
</UL>
<BR>[Address Reference Count : 1]<UL><LI> startup_gd32f450_470.o(RESET)
</UL>
<P><STRONG><a name="[60]"></a>USBFS_IRQHandler</STRONG> (Thumb, 10 bytes, Stack size 8 bytes, keyboard.o(i.USBFS_IRQHandler))
<BR><BR>[Stack]<UL><LI>Max Depth = 164<LI>Call Chain = USBFS_IRQHandler &rArr; usbd_isr &rArr; usbd_int_epout &rArr; usbd_setup_transc &rArr; usbd_ctl_send &rArr; usbd_ep_send &rArr; usb_transc_inxfer &rArr; usb_txfifo_write
</UL>
<BR>[Calls]<UL><LI><a href="#[138]">&gt;&gt;</a>&nbsp;&nbsp;&nbsp;usbd_isr
</UL>
<BR>[Address Reference Count : 1]<UL><LI> startup_gd32f450_470.o(RESET)
</UL>
<P><STRONG><a name="[47]"></a>USBFS_WKUP_IRQHandler</STRONG> (Thumb, 58 bytes, Stack size 8 bytes, keyboard.o(i.USBFS_WKUP_IRQHandler))
<BR><BR>[Stack]<UL><LI>Max Depth = 28<LI>Call Chain = USBFS_WKUP_IRQHandler &rArr; rcu_osci_stab_wait
</UL>
<BR>[Calls]<UL><LI><a href="#[f7]">&gt;&gt;</a>&nbsp;&nbsp;&nbsp;rcu_osci_stab_wait
<LI><a href="#[f6]">&gt;&gt;</a>&nbsp;&nbsp;&nbsp;rcu_osci_on
<LI><a href="#[94]">&gt;&gt;</a>&nbsp;&nbsp;&nbsp;rcu_periph_clock_enable
<LI><a href="#[13a]">&gt;&gt;</a>&nbsp;&nbsp;&nbsp;usb_clock_active
<LI><a href="#[139]">&gt;&gt;</a>&nbsp;&nbsp;&nbsp;rcu_ck48m_clock_config
<LI><a href="#[13b]">&gt;&gt;</a>&nbsp;&nbsp;&nbsp;exti_interrupt_flag_clear
</UL>
<BR>[Address Reference Count : 1]<UL><LI> startup_gd32f450_470.o(RESET)
</UL>
<P><STRONG><a name="[18]"></a>UsageFault_Handler</STRONG> (Thumb, 4 bytes, Stack size 0 bytes, gd32f4xx_it.o(i.UsageFault_Handler))
<BR>[Address Reference Count : 1]<UL><LI> startup_gd32f450_470.o(RESET)
</UL>
<P><STRONG><a name="[13d]"></a>__0printf$2</STRONG> (Thumb, 22 bytes, Stack size 24 bytes, printf2.o(i.__0printf$2), UNUSED)
<BR><BR>[Calls]<UL><LI><a href="#[13e]">&gt;&gt;</a>&nbsp;&nbsp;&nbsp;_printf_core
</UL>

<P><STRONG><a name="[198]"></a>__1printf$2</STRONG> (Thumb, 0 bytes, Stack size 24 bytes, printf2.o(i.__0printf$2), UNUSED)

[...]
<BR><BR>[Stack]<UL><LI>Max Depth = 256<LI>Call Chain = DrawText &rArr; GUIDrawTextLine &rArr; GUIDrawChar &rArr; LCDShowChar &rArr; LCDDrawPoint
</UL>
<BR>[Calls]<UL><LI><a href="#[c4]">&gt;&gt;</a>&nbsp;&nbsp;&nbsp;GetFontWidth
<LI><a href="#[c5]">&gt;&gt;</a>&nbsp;&nbsp;&nbsp;GUIDrawTextLine
</UL>
<BR>[Called By]<UL><LI><a href="#[129]">&gt;&gt;</a>&nbsp;&nbsp;&nbsp;ScanButtonWidget
<LI><a href="#[b7]">&gt;&gt;</a>&nbsp;&nbsp;&nbsp;CreateButtonWidget
</UL>

<P><STRONG><a name="[109]"></a>IsButtonPress</STRONG> (Thumb, 88 bytes, Stack size 40 bytes, buttonwidget.o(i.IsButtonPress))
<BR><BR>[Stack]<UL><LI>Max Depth = 64<LI>Call Chain = IsButtonPress &rArr; GUIGetTouch
</UL>
<BR>[Calls]<UL><LI><a href="#[cc]">&gt;&gt;</a>&nbsp;&nbsp;&nbsp;GUIGetTouch
</UL>
<BR>[Called By]<UL><LI><a href="#[129]">&gt;&gt;</a>&nbsp;&nbsp;&nbsp;ScanButtonWidget
</UL>

<P><STRONG><a name="[80]"></a>ButtonPressCallback</STRONG> (Thumb, 48 bytes, Stack size 8 bytes, guibutton.o(i.ButtonPressCallback))
<BR><BR>[Stack]<UL><LI>Max Depth = 8<LI>Call Chain = ButtonPressCallback
</UL>
<BR>[Address Reference Count : 1]<UL><LI> guibutton.o(i.InitGUIButton)
</UL>
<P><STRONG><a name="[bd]"></a>DisplayBackground</STRONG> (Thumb, 28 bytes, Stack size 24 bytes, guitop.o(i.DisplayBackground))
<BR><BR>[Stack]<UL><LI>Max Depth = 360<LI>Call Chain = DisplayBackground &rArr; DisplayJPEGInFlash &rArr; jd_decomp &rArr; mcu_load &rArr; block_idct
</UL>
<BR>[Calls]<UL><LI><a href="#[be]">&gt;&gt;</a>&nbsp;&nbsp;&nbsp;DisplayJPEGInFlash
</UL>
<BR>[Called By]<UL><LI><a href="#[dd]">&gt;&gt;</a>&nbsp;&nbsp;&nbsp;InitGUI
</UL>

<P><STRONG><a name="[82]"></a>HidDataProcess</STRONG> (Thumb, 66 bytes, Stack size 16 bytes, keyboard.o(i.HidDataProcess))
<BR><BR>[Stack]<UL><LI>Max Depth = 116<LI>Call Chain = HidDataProcess &rArr; hid_report_send &rArr; usbd_ep_send &rArr; usb_transc_inxfer &rArr; usb_txfifo_write
</UL>
<BR>[Calls]<UL><LI><a href="#[d2]">&gt;&gt;</a>&nbsp;&nbsp;&nbsp;hid_report_send
</UL>
<BR>[Address Reference Count : 1]<UL><LI> keyboard.o(i.InitKeyboard)
</UL>
<P><STRONG><a name="[81]"></a>HidPreConfig</STRONG> (Thumb, 2 bytes, Stack size 0 bytes, keyboard.o(i.HidPreConfig))
<BR>[Address Reference Count : 1]<UL><LI> keyboard.o(i.InitKeyboard)
</UL>
<P><STRONG><a name="[83]"></a>KeyCallback</STRONG> (Thumb, 210 bytes, Stack size 40 bytes, keyboardtop.o(i.KeyCallback))
<BR><BR>[Stack]<UL><LI>Max Depth = 80<LI>Call Chain = KeyCallback &rArr; SendKeyVal
</UL>
<BR>[Calls]<UL><LI><a href="#[10b]">&gt;&gt;</a>&nbsp;&nbsp;&nbsp;SendKeyVal
</UL>
<BR>[Address Reference Count : 1]<UL><LI> keyboardtop.o(i.InitKeyboardTop)
</UL>
<P><STRONG><a name="[9d]"></a>ConfigRCU</STRONG> (Thumb, 12 bytes, Stack size 8 bytes, rcu.o(i.ConfigRCU))
<BR><BR>[Stack]<UL><LI>Max Depth = 8<LI>Call Chain = ConfigRCU
</UL>
<BR>[Calls]<UL><LI><a href="#[9e]">&gt;&gt;</a>&nbsp;&nbsp;&nbsp;rcu_timer_clock_prescaler_config
</UL>
<BR>[Called By]<UL><LI><a href="#[e3]">&gt;&gt;</a>&nbsp;&nbsp;&nbsp;InitRCU
</UL>

<P><STRONG><a name="[a5]"></a>ConfigTimer1</STRONG> (Thumb, 82 bytes, Stack size 32 bytes, timer.o(i.ConfigTimer1))
<BR><BR>[Stack]<UL><LI>Max Depth = 56<LI>Call Chain = ConfigTimer1 &rArr; nvic_irq_enable
</UL>
<BR>[Calls]<UL><LI><a href="#[94]">&gt;&gt;</a>&nbsp;&nbsp;&nbsp;rcu_periph_clock_enable
<LI><a href="#[a7]">&gt;&gt;</a>&nbsp;&nbsp;&nbsp;timer_struct_para_init
<LI><a href="#[a9]">&gt;&gt;</a>&nbsp;&nbsp;&nbsp;timer_interrupt_enable
<LI><a href="#[a8]">&gt;&gt;</a>&nbsp;&nbsp;&nbsp;timer_init
<LI><a href="#[ab]">&gt;&gt;</a>&nbsp;&nbsp;&nbsp;timer_enable
<LI><a href="#[a6]">&gt;&gt;</a>&nbsp;&nbsp;&nbsp;timer_deinit
<LI><a href="#[aa]">&gt;&gt;</a>&nbsp;&nbsp;&nbsp;nvic_irq_enable
</UL>
<BR>[Called By]<UL><LI><a href="#[e6]">&gt;&gt;</a>&nbsp;&nbsp;&nbsp;InitTimer
</UL>

<P><STRONG><a name="[ac]"></a>ConfigTimer4</STRONG> (Thumb, 76 bytes, Stack size 32 bytes, timer.o(i.ConfigTimer4))
<BR><BR>[Stack]<UL><LI>Max Depth = 56<LI>Call Chain = ConfigTimer4 &rArr; nvic_irq_enable
</UL>
<BR>[Calls]<UL><LI><a href="#[94]">&gt;&gt;</a>&nbsp;&nbsp;&nbsp;rcu_periph_clock_enable
<LI><a href="#[a7]">&gt;&gt;</a>&nbsp;&nbsp;&nbsp;timer_struct_para_init
<LI><a href="#[a9]">&gt;&gt;</a>&nbsp;&nbsp;&nbsp;timer_interrupt_enable
<LI><a href="#[a8]">&gt;&gt;</a>&nbsp;&nbsp;&nbsp;timer_init
<LI><a href="#[ab]">&gt;&gt;</a>&nbsp;&nbsp;&nbsp;timer_enable
<LI><a href="#[a6]">&gt;&gt;</a>&nbsp;&nbsp;&nbsp;timer_deinit
<LI><a href="#[aa]">&gt;&gt;</a>&nbsp;&nbsp;&nbsp;nvic_irq_enable
</UL>
<BR>[Called By]<UL><LI><a href="#[e6]">&gt;&gt;</a>&nbsp;&nbsp;&nbsp;InitTimer
</UL>

<P><STRONG><a name="[ad]"></a>ConfigUART</STRONG> (Thumb, 184 bytes, Stack size 8 bytes, uart0.o(i.ConfigUART))
<BR><BR>[Stack]<UL><LI>Max Depth = 124<LI>Call Chain = ConfigUART &rArr; usart_baudrate_set &rArr; rcu_clock_freq_get
</UL>
<BR>[Calls]<UL><LI><a href="#[a0]">&gt;&gt;</a>&nbsp;&nbsp;&nbsp;gpio_af_set
<LI><a href="#[94]">&gt;&gt;</a>&nbsp;&nbsp;&nbsp;rcu_periph_clock_enable
<LI><a href="#[96]">&gt;&gt;</a>&nbsp;&nbsp;&nbsp;gpio_output_options_set
<LI><a href="#[95]">&gt;&gt;</a>&nbsp;&nbsp;&nbsp;gpio_mode_set
<LI><a href="#[b1]">&gt;&gt;</a>&nbsp;&nbsp;&nbsp;usart_word_length_set
<LI><a href="#[b4]">&gt;&gt;</a>&nbsp;&nbsp;&nbsp;usart_transmit_config
<LI><a href="#[b0]">&gt;&gt;</a>&nbsp;&nbsp;&nbsp;usart_stop_bit_set
<LI><a href="#[b3]">&gt;&gt;</a>&nbsp;&nbsp;&nbsp;usart_receive_config
<LI><a href="#[b2]">&gt;&gt;</a>&nbsp;&nbsp;&nbsp;usart_parity_config
<LI><a href="#[b6]">&gt;&gt;</a>&nbsp;&nbsp;&nbsp;usart_interrupt_enable
<LI><a href="#[b5]">&gt;&gt;</a>&nbsp;&nbsp;&nbsp;usart_enable
<LI><a href="#[ae]">&gt;&gt;</a>&nbsp;&nbsp;&nbsp;usart_deinit
<LI><a href="#[af]">&gt;&gt;</a>&nbsp;&nbsp;&nbsp;usart_baudrate_set
<LI><a href="#[aa]">&gt;&gt;</a>&nbsp;&nbsp;&nbsp;nvic_irq_enable
</UL>
<BR>[Called By]<UL><LI><a href="#[e5]">&gt;&gt;</a>&nbsp;&nbsp;&nbsp;InitUART0
</UL>

<P><STRONG><a name="[107]"></a>InitUARTBuf</STRONG> (Thumb, 52 bytes, Stack size 8 bytes, uart0.o(i.InitUARTBuf))
<BR><BR>[Stack]<UL><LI>Max Depth = 20<LI>Call Chain = InitUARTBuf &rArr; InitQueue
</UL>
<BR>[Calls]<UL><LI><a href="#[108]">&gt;&gt;</a>&nbsp;&nbsp;&nbsp;InitQueue
</UL>
<BR>[Called By]<UL><LI><a href="#[e5]">&gt;&gt;</a>&nbsp;&nbsp;&nbsp;InitUART0
</UL>

<P><STRONG><a name="[127]"></a>ReadSendBuf</STRONG> (Thumb, 22 bytes, Stack size 16 bytes, uart0.o(i.ReadSendBuf))
<BR><BR>[Stack]<UL><LI>Max Depth = 28<LI>Call Chain = ReadSendBuf &rArr; DeQueue
</UL>
<BR>[Calls]<UL><LI><a href="#[128]">&gt;&gt;</a>&nbsp;&nbsp;&nbsp;DeQueue
</UL>
<BR>[Called By]<UL><LI><a href="#[42]">&gt;&gt;</a>&nbsp;&nbsp;&nbsp;USART0_IRQHandler
</UL>

<P><STRONG><a name="[134]"></a>WriteReceiveBuf</STRONG> (Thumb, 20 bytes, Stack size 16 bytes, uart0.o(i.WriteReceiveBuf))
<BR><BR>[Stack]<UL><LI>Max Depth = 32<LI>Call Chain = WriteReceiveBuf &rArr; EnQueue
</UL>
<BR>[Calls]<UL><LI><a href="#[13c]">&gt;&gt;</a>&nbsp;&nbsp;&nbsp;EnQueue
</UL>
<BR>[Called By]<UL><LI><a href="#[42]">&gt;&gt;</a>&nbsp;&nbsp;&nbsp;USART0_IRQHandler
</UL>

<P><STRONG><a name="[9f]"></a>ConfigSDRAM</STRONG> (Thumb, 1852 bytes, Stack size 112 bytes, sdram.o(i.ConfigSDRAM))
<BR><BR>[Stack]<UL><LI>Max Depth = 132<LI>Call Chain = ConfigSDRAM &rArr; gpio_af_set
</UL>
<BR>[Calls]<UL><LI><a href="#[a0]">&gt;&gt;</a>&nbsp;&nbsp;&nbsp;gpio_af_set
<LI><a href="#[94]">&gt;&gt;</a>&nbsp;&nbsp;&nbsp;rcu_periph_clock_enable
<LI><a href="#[96]">&gt;&gt;</a>&nbsp;&nbsp;&nbsp;gpio_output_options_set
<LI><a href="#[95]">&gt;&gt;</a>&nbsp;&nbsp;&nbsp;gpio_mode_set
<LI><a href="#[a4]">&gt;&gt;</a>&nbsp;&nbsp;&nbsp;exmc_sdram_refresh_count_set
<LI><a href="#[a1]">&gt;&gt;</a>&nbsp;&nbsp;&nbsp;exmc_sdram_init
<LI><a href="#[a3]">&gt;&gt;</a>&nbsp;&nbsp;&nbsp;exmc_sdram_command_config
<LI><a href="#[a2]">&gt;&gt;</a>&nbsp;&nbsp;&nbsp;exmc_flag_get
<LI><a href="#[97]">&gt;&gt;</a>&nbsp;&nbsp;&nbsp;DelayNms
</UL>
<BR>[Called By]<UL><LI><a href="#[e8]">&gt;&gt;</a>&nbsp;&nbsp;&nbsp;InitSDRAM
</UL>

<P><STRONG><a name="[9b]"></a>ConfigNVIC</STRONG> (Thumb, 12 bytes, Stack size 8 bytes, nvic.o(i.ConfigNVIC))
<BR><BR>[Stack]<UL><LI>Max Depth = 8<LI>Call Chain = ConfigNVIC
</UL>
<BR>[Calls]<UL><LI><a href="#[9c]">&gt;&gt;</a>&nbsp;&nbsp;&nbsp;nvic_priority_group_set
</UL>
<BR>[Called By]<UL><LI><a href="#[e4]">&gt;&gt;</a>&nbsp;&nbsp;&nbsp;InitNVIC
</UL>

<P><STRONG><a name="[12d]"></a>TimDelayDec</STRONG> (Thumb, 18 bytes, Stack size 0 bytes, systick.o(i.TimDelayDec))
<BR><BR>[Called By]<UL><LI><a href="#[1c]">&gt;&gt;</a>&nbsp;&nbsp;&nbsp;SysTick_Handler
</UL>

<P><STRONG><a name="[106]"></a>__NVIC_SetPriority</STRONG> (Thumb, 32 bytes, Stack size 8 bytes, systick.o(i.__NVIC_SetPriority))
<BR><BR>[Stack]<UL><LI>Max Depth = 8<LI>Call Chain = __NVIC_SetPriority
</UL>
<BR>[Called By]<UL><LI><a href="#[e7]">&gt;&gt;</a>&nbsp;&nbsp;&nbsp;InitSysTick
</UL>

<P><STRONG><a name="[15c]"></a>system_clock_240m_25m_hxtal</STRONG> (Thumb, 240 bytes, Stack size 0 bytes, system_gd32f4xx.o(i.system_clock_240m_25m_hxtal))
<BR><BR>[Called By]<UL><LI><a href="#[12e]">&gt;&gt;</a>&nbsp;&nbsp;&nbsp;system_clock_config
</UL>

<P><STRONG><a name="[12e]"></a>system_clock_config</STRONG> (Thumb, 8 bytes, Stack size 8 bytes, system_gd32f4xx.o(i.system_clock_config))
<BR><BR>[Stack]<UL><LI>Max Depth = 8<LI>Call Chain = system_clock_config
</UL>
<BR>[Calls]<UL><LI><a href="#[15c]">&gt;&gt;</a>&nbsp;&nbsp;&nbsp;system_clock_240m_25m_hxtal
</UL>
<BR>[Called By]<UL><LI><a href="#[77]">&gt;&gt;</a>&nbsp;&nbsp;&nbsp;SystemInit
</UL>

<P><STRONG><a name="[161]"></a>usb_core_reset</STRONG> (Thumb, 38 bytes, Stack size 8 bytes, drv_usb_core.o(i.usb_core_reset))
<BR><BR>[Stack]<UL><LI>Max Depth = 24<LI>Call Chain = usb_core_reset &rArr; usb_udelay &rArr; DelayNus
</UL>
<BR>[Calls]<UL><LI><a href="#[163]">&gt;&gt;</a>&nbsp;&nbsp;&nbsp;usb_udelay
</UL>
<BR>[Called By]<UL><LI><a href="#[160]">&gt;&gt;</a>&nbsp;&nbsp;&nbsp;usb_core_init
</UL>

<P><STRONG><a name="[173]"></a>usbd_emptytxfifo_write</STRONG> (Thumb, 140 bytes, Stack size 24 bytes, drv_usbd_int.o(i.usbd_emptytxfifo_write))
<BR><BR>[Stack]<UL><LI>Max Depth = 44<LI>Call Chain = usbd_emptytxfifo_write &rArr; usb_txfifo_write
</UL>
<BR>[Calls]<UL><LI><a href="#[16a]">&gt;&gt;</a>&nbsp;&nbsp;&nbsp;usb_txfifo_write
</UL>
<BR>[Called By]<UL><LI><a href="#[17c]">&gt;&gt;</a>&nbsp;&nbsp;&nbsp;usbd_int_epin
</UL>

<P><STRONG><a name="[186]"></a>usbd_int_enumfinish</STRONG> (Thumb, 98 bytes, Stack size 0 bytes, drv_usbd_int.o(i.usbd_int_enumfinish))
<BR><BR>[Called By]<UL><LI><a href="#[138]">&gt;&gt;</a>&nbsp;&nbsp;&nbsp;usbd_isr
</UL>

<P><STRONG><a name="[17c]"></a>usbd_int_epin</STRONG> (Thumb, 138 bytes, Stack size 24 bytes, drv_usbd_int.o(i.usbd_int_epin))
<BR><BR>[Stack]<UL><LI>Max Depth = 132<LI>Call Chain = usbd_int_epin &rArr; usbd_in_transc &rArr; usbd_ctl_send &rArr; usbd_ep_send &rArr; usb_transc_inxfer &rArr; usb_txfifo_write
</UL>
<BR>[Calls]<UL><LI><a href="#[17a]">&gt;&gt;</a>&nbsp;&nbsp;&nbsp;usbd_in_transc
<LI><a href="#[173]">&gt;&gt;</a>&nbsp;&nbsp;&nbsp;usbd_emptytxfifo_write
<LI><a href="#[17d]">&gt;&gt;</a>&nbsp;&nbsp;&nbsp;usb_iepintr_read
<LI><a href="#[170]">&gt;&gt;</a>&nbsp;&nbsp;&nbsp;usb_ctlep_startout
</UL>
<BR>[Called By]<UL><LI><a href="#[138]">&gt;&gt;</a>&nbsp;&nbsp;&nbsp;usbd_isr
</UL>

<P><STRONG><a name="[17e]"></a>usbd_int_epout</STRONG> (Thumb, 206 bytes, Stack size 24 bytes, drv_usbd_int.o(i.usbd_int_epout))
<BR><BR>[Stack]<UL><LI>Max Depth = 140<LI>Call Chain = usbd_int_epout &rArr; usbd_setup_transc &rArr; usbd_ctl_send &rArr; usbd_ep_send &rArr; usb_transc_inxfer &rArr; usb_txfifo_write
</UL>
<BR>[Calls]<UL><LI><a href="#[180]">&gt;&gt;</a>&nbsp;&nbsp;&nbsp;usbd_setup_transc
<LI><a href="#[17f]">&gt;&gt;</a>&nbsp;&nbsp;&nbsp;usbd_out_transc
<LI><a href="#[170]">&gt;&gt;</a>&nbsp;&nbsp;&nbsp;usb_ctlep_startout
</UL>
<BR>[Called By]<UL><LI><a href="#[138]">&gt;&gt;</a>&nbsp;&nbsp;&nbsp;usbd_isr
</UL>

<P><STRONG><a name="[181]"></a>usbd_int_reset</STRONG> (Thumb, 208 bytes, Stack size 72 bytes, drv_usbd_int.o(i.usbd_int_reset))
<BR><BR>[Stack]<UL><LI>Max Depth = 104<LI>Call Chain = usbd_int_reset &rArr; usb_txfifo_flush &rArr; usb_udelay &rArr; DelayNus
</UL>
<BR>[Calls]<UL><LI><a href="#[14f]">&gt;&gt;</a>&nbsp;&nbsp;&nbsp;__aeabi_memclr4
<LI><a href="#[15f]">&gt;&gt;</a>&nbsp;&nbsp;&nbsp;__aeabi_memcpy4
<LI><a href="#[177]">&gt;&gt;</a>&nbsp;&nbsp;&nbsp;usb_transc_active
<LI><a href="#[170]">&gt;&gt;</a>&nbsp;&nbsp;&nbsp;usb_ctlep_startout
<LI><a href="#[166]">&gt;&gt;</a>&nbsp;&nbsp;&nbsp;usb_txfifo_flush
</UL>
<BR>[Called By]<UL><LI><a href="#[138]">&gt;&gt;</a>&nbsp;&nbsp;&nbsp;usbd_isr
</UL>

<P><STRONG><a name="[182]"></a>usbd_int_rxfifo</STRONG> (Thumb, 178 bytes, Stack size 32 bytes, drv_usbd_int.o(i.usbd_int_rxfifo))
<BR><BR>[Stack]<UL><LI>Max Depth = 48<LI>Call Chain = usbd_int_rxfifo &rArr; usb_rxfifo_read
</UL>
<BR>[Calls]<UL><LI><a href="#[183]">&gt;&gt;</a>&nbsp;&nbsp;&nbsp;usb_rxfifo_read
</UL>
<BR>[Called By]<UL><LI><a href="#[138]">&gt;&gt;</a>&nbsp;&nbsp;&nbsp;usbd_isr
</UL>

<P><STRONG><a name="[184]"></a>usbd_int_suspend</STRONG> (Thumb, 106 bytes, Stack size 24 bytes, drv_usbd_int.o(i.usbd_int_suspend))
<BR><BR>[Stack]<UL><LI>Max Depth = 32<LI>Call Chain = usbd_int_suspend &rArr; pmu_to_deepsleepmode
</UL>
<BR>[Calls]<UL><LI><a href="#[185]">&gt;&gt;</a>&nbsp;&nbsp;&nbsp;pmu_to_deepsleepmode
</UL>
<BR>[Called By]<UL><LI><a href="#[138]">&gt;&gt;</a>&nbsp;&nbsp;&nbsp;usbd_isr
</UL>

<P><STRONG><a name="[140]"></a>_usb_bos_desc_get</STRONG> (Thumb, 20 bytes, Stack size 0 bytes, usbd_enum.o(i._usb_bos_desc_get))
<BR><BR>[Called By]<UL><LI><a href="#[5]">&gt;&gt;</a>&nbsp;&nbsp;&nbsp;_usb_std_getdescriptor
</UL>

<P><STRONG><a name="[d]"></a>_usb_config_desc_get</STRONG> (Thumb, 20 bytes, Stack size 0 bytes, usbd_enum.o(i._usb_config_desc_get))
<BR>[Address Reference Count : 1]<UL><LI> usbd_enum.o(.data)
</UL>
<P><STRONG><a name="[c]"></a>_usb_dev_desc_get</STRONG> (Thumb, 20 bytes, Stack size 0 bytes, usbd_enum.o(i._usb_dev_desc_get))
<BR>[Address Reference Count : 1]<UL><LI> usbd_enum.o(.data)
</UL>
<P><STRONG><a name="[1]"></a>_usb_std_clearfeature</STRONG> (Thumb, 116 bytes, Stack size 16 bytes, usbd_enum.o(i._usb_std_clearfeature))
<BR><BR>[Stack]<UL><LI>Max Depth = 40<LI>Call Chain = _usb_std_clearfeature &rArr; usbd_ep_stall_clear &rArr; usb_transc_clrstall
</UL>
<BR>[Calls]<UL><LI><a href="#[13f]">&gt;&gt;</a>&nbsp;&nbsp;&nbsp;usbd_ep_stall_clear
</UL>
<BR>[Address Reference Count : 1]<UL><LI> usbd_enum.o(.data)
</UL>
<P><STRONG><a name="[7]"></a>_usb_std_getconfiguration</STRONG> (Thumb, 64 bytes, Stack size 8 bytes, usbd_enum.o(i._usb_std_getconfiguration))
<BR><BR>[Stack]<UL><LI>Max Depth = 8<LI>Call Chain = _usb_std_getconfiguration
</UL>
<BR>[Address Reference Count : 1]<UL><LI> usbd_enum.o(.data)
</UL>
<P><STRONG><a name="[5]"></a>_usb_std_getdescriptor</STRONG> (Thumb, 266 bytes, Stack size 32 bytes, usbd_enum.o(i._usb_std_getdescriptor))
<BR><BR>[Stack]<UL><LI>Max Depth = 32<LI>Call Chain = _usb_std_getdescriptor
</UL>
<BR>[Calls]<UL><LI><a href="#[140]">&gt;&gt;</a>&nbsp;&nbsp;&nbsp;_usb_bos_desc_get
</UL>
<BR>[Address Reference Count : 1]<UL><LI> usbd_enum.o(.data)
</UL>
<P><STRONG><a name="[9]"></a>_usb_std_getinterface</STRONG> (Thumb, 60 bytes, Stack size 0 bytes, usbd_enum.o(i._usb_std_getinterface))
<BR>[Address Reference Count : 1]<UL><LI> usbd_enum.o(.data)
</UL>
<P><STRONG><a name="[0]"></a>_usb_std_getstatus</STRONG> (Thumb, 192 bytes, Stack size 16 bytes, usbd_enum.o(i._usb_std_getstatus))
<BR><BR>[Stack]<UL><LI>Max Depth = 16<LI>Call Chain = _usb_std_getstatus
</UL>
<BR>[Address Reference Count : 1]<UL><LI> usbd_enum.o(.data)
</UL>
<P><STRONG><a name="[2]"></a>_usb_std_reserved</STRONG> (Thumb, 6 bytes, Stack size 0 bytes, usbd_enum.o(i._usb_std_reserved))
<BR>[Address Reference Count : 1]<UL><LI> usbd_enum.o(.data)
</UL>
<P><STRONG><a name="[4]"></a>_usb_std_setaddress</STRONG> (Thumb, 92 bytes, Stack size 8 bytes, usbd_enum.o(i._usb_std_setaddress))
<BR><BR>[Stack]<UL><LI>Max Depth = 8<LI>Call Chain = _usb_std_setaddress
</UL>
<BR>[Address Reference Count : 1]<UL><LI> usbd_enum.o(.data)
</UL>
<P><STRONG><a name="[8]"></a>_usb_std_setconfiguration</STRONG> (Thumb, 176 bytes, Stack size 16 bytes, usbd_enum.o(i._usb_std_setconfiguration))
<BR><BR>[Stack]<UL><LI>Max Depth = 16<LI>Call Chain = _usb_std_setconfiguration
</UL>
<BR>[Address Reference Count : 1]<UL><LI> usbd_enum.o(.data)
</UL>
<P><STRONG><a name="[6]"></a>_usb_std_setdescriptor</STRONG> (Thumb, 6 bytes, Stack size 0 bytes, usbd_enum.o(i._usb_std_setdescriptor))
<BR>[Address Reference Count : 1]<UL><LI> usbd_enum.o(.data)
</UL>
<P><STRONG><a name="[3]"></a>_usb_std_setfeature</STRONG> (Thumb, 104 bytes, Stack size 16 bytes, usbd_enum.o(i._usb_std_setfeature))
<BR><BR>[Stack]<UL><LI>Max Depth = 40<LI>Call Chain = _usb_std_setfeature &rArr; usbd_ep_stall &rArr; usb_transc_stall
</UL>
<BR>[Calls]<UL><LI><a href="#[141]">&gt;&gt;</a>&nbsp;&nbsp;&nbsp;usbd_ep_stall
</UL>
<BR>[Address Reference Count : 1]<UL><LI> usbd_enum.o(.data)
</UL>
<P><STRONG><a name="[a]"></a>_usb_std_setinterface</STRONG> (Thumb, 68 bytes, Stack size 16 bytes, usbd_enum.o(i._usb_std_setinterface))
<BR><BR>[Stack]<UL><LI>Max Depth = 16<LI>Call Chain = _usb_std_setinterface
</UL>
<BR>[Address Reference Count : 1]<UL><LI> usbd_enum.o(.data)
</UL>
<P><STRONG><a name="[b]"></a>_usb_std_synchframe</STRONG> (Thumb, 6 bytes, Stack size 0 bytes, usbd_enum.o(i._usb_std_synchframe))
<BR>[Address Reference Count : 1]<UL><LI> usbd_enum.o(.data)
</UL>
<P><STRONG><a name="[e]"></a>_usb_str_desc_get</STRONG> (Thumb, 20 bytes, Stack size 8 bytes, usbd_enum.o(i._usb_str_desc_get))
<BR><BR>[Stack]<UL><LI>Max Depth = 8<LI>Call Chain = _usb_str_desc_get
</UL>
<BR>[Address Reference Count : 1]<UL><LI> usbd_enum.o(.data)
</UL>
<P><STRONG><a name="[12]"></a>hid_data_in</STRONG> (Thumb, 42 bytes, Stack size 16 bytes, standard_hid_core.o(i.hid_data_in))
<BR><BR>[Stack]<UL><LI>Max Depth = 92<LI>Call Chain = hid_data_in &rArr; usbd_ep_send &rArr; usb_transc_inxfer &rArr; usb_txfifo_write
</UL>
<BR>[Calls]<UL><LI><a href="#[14d]">&gt;&gt;</a>&nbsp;&nbsp;&nbsp;usbd_ep_send
</UL>
<BR>[Address Reference Count : 1]<UL><LI> standard_hid_core.o(.data)
</UL>
<P><STRONG><a name="[10]"></a>hid_deinit</STRONG> (Thumb, 18 bytes, Stack size 16 bytes, standard_hid_core.o(i.hid_deinit))
<BR><BR>[Stack]<UL><LI>Max Depth = 44<LI>Call Chain = hid_deinit &rArr; usbd_ep_clear &rArr; usb_transc_deactivate
</UL>
<BR>[Calls]<UL><LI><a href="#[14e]">&gt;&gt;</a>&nbsp;&nbsp;&nbsp;usbd_ep_clear
</UL>
<BR>[Address Reference Count : 1]<UL><LI> standard_hid_core.o(.data)
</UL>
<P><STRONG><a name="[f]"></a>hid_init</STRONG> (Thumb, 50 bytes, Stack size 16 bytes, standard_hid_core.o(i.hid_init))
<BR><BR>[Stack]<UL><LI>Max Depth = 60<LI>Call Chain = hid_init &rArr; usbd_ep_setup &rArr; usb_transc_active
</UL>
<BR>[Calls]<UL><LI><a href="#[14f]">&gt;&gt;</a>&nbsp;&nbsp;&nbsp;__aeabi_memclr4
<LI><a href="#[150]">&gt;&gt;</a>&nbsp;&nbsp;&nbsp;usbd_ep_setup
</UL>
<BR>[Address Reference Count : 1]<UL><LI> standard_hid_core.o(.data)
</UL>
<P><STRONG><a name="[11]"></a>hid_req</STRONG> (Thumb, 112 bytes, Stack size 12 bytes, standard_hid_core.o(i.hid_req))
<BR><BR>[Stack]<UL><LI>Max Depth = 12<LI>Call Chain = hid_req
</UL>
<BR>[Address Reference Count : 1]<UL><LI> standard_hid_core.o(.data)
</UL>
<P><STRONG><a name="[13e]"></a>_printf_core</STRONG> (Thumb, 214 bytes, Stack size 40 bytes, printf2.o(i._printf_core), UNUSED)
<BR><BR>[Called By]<UL><LI><a href="#[13d]">&gt;&gt;</a>&nbsp;&nbsp;&nbsp;__0printf$2
</UL>
<P>
<H3>
Undefined Global Symbols
</H3><HR></body></html>
