Component: ARM Compiler 5.06 update 6 (build 750) Tool: armlink [4d35ed]

==============================================================================

Section Cross References

    main.o(i.InitHardware) refers to system_gd32f4xx.o(i.SystemInit) for SystemInit
    main.o(i.InitHardware) refers to rcu.o(i.InitRCU) for InitRCU
    main.o(i.InitHardware) refers to nvic.o(i.InitNVIC) for InitNVIC
    main.o(i.InitHardware) refers to uart0.o(i.InitUART0) for InitUART0
    main.o(i.InitHardware) refers to timer.o(i.InitTimer) for InitTimer
    main.o(i.InitHardware) refers to systick.o(i.InitSysTick) for InitSysTick
    main.o(i.InitHardware) refers to led.o(i.InitLED) for InitLED
    main.o(i.InitHardware) refers to keyone.o(i.InitKeyOne) for InitKeyOne
    main.o(i.InitHardware) refers to prockeyone.o(i.InitProcKeyOne) for InitProcKeyOne
    main.o(i.InitSoftware) refers to at24cxx.o(i.InitAT24Cxx) for InitAT24Cxx
    main.o(i.Proc1SecTask) refers to timer.o(i.Get1SecFlag) for Get1SecFlag
    main.o(i.Proc1SecTask) refers to timer.o(i.Clr1SecFlag) for Clr1SecFlag
    main.o(i.Proc2msTask) refers to timer.o(i.Get2msFlag) for Get2msFlag
    main.o(i.Proc2msTask) refers to led.o(i.LEDFlicker) for LEDFlicker
    main.o(i.Proc2msTask) refers to keyone.o(i.ScanKeyOne) for ScanKeyOne
    main.o(i.Proc2msTask) refers to timer.o(i.Clr2msFlag) for Clr2msFlag
    main.o(i.Proc2msTask) refers to main.o(.data) for s_iCnt5
    main.o(i.Proc2msTask) refers to prockeyone.o(i.ProcKeyDownKey1) for ProcKeyDownKey1
    main.o(i.Proc2msTask) refers to prockeyone.o(i.ProcKeyUpKey1) for ProcKeyUpKey1
    main.o(i.Proc2msTask) refers to prockeyone.o(i.ProcKeyDownKey2) for ProcKeyDownKey2
    main.o(i.Proc2msTask) refers to prockeyone.o(i.ProcKeyUpKey2) for ProcKeyUpKey2
    main.o(i.Proc2msTask) refers to prockeyone.o(i.ProcKeyDownKey3) for ProcKeyDownKey3
    main.o(i.Proc2msTask) refers to prockeyone.o(i.ProcKeyUpKey3) for ProcKeyUpKey3
    main.o(i.main) refers to main.o(i.InitHardware) for InitHardware
    main.o(i.main) refers to main.o(i.InitSoftware) for InitSoftware
    main.o(i.main) refers to printf2.o(i.__0printf$2) for __2printf
    main.o(i.main) refers to at24cxx.o(i.CheckAT24Cxx) for CheckAT24Cxx
    main.o(i.main) refers to main.o(i.Proc2msTask) for Proc2msTask
    main.o(i.main) refers to main.o(i.Proc1SecTask) for Proc1SecTask
    led.o(i.ConfigLEDGPIO) refers to gd32f4xx_rcu.o(i.rcu_periph_clock_enable) for rcu_periph_clock_enable
    led.o(i.ConfigLEDGPIO) refers to gd32f4xx_gpio.o(i.gpio_mode_set) for gpio_mode_set
    led.o(i.ConfigLEDGPIO) refers to gd32f4xx_gpio.o(i.gpio_output_options_set) for gpio_output_options_set
    led.o(i.ConfigLEDGPIO) refers to gd32f4xx_gpio.o(i.gpio_bit_set) for gpio_bit_set
    led.o(i.ConfigLEDGPIO) refers to gd32f4xx_gpio.o(i.gpio_bit_reset) for gpio_bit_reset
    led.o(i.InitLED) refers to led.o(i.ConfigLEDGPIO) for ConfigLEDGPIO
    led.o(i.LEDFlicker) refers to gd32f4xx_gpio.o(i.gpio_output_bit_get) for gpio_output_bit_get
    led.o(i.LEDFlicker) refers to gd32f4xx_gpio.o(i.gpio_bit_write) for gpio_bit_write
    led.o(i.LEDFlicker) refers to led.o(.data) for s_iCnt
    keyone.o(i.ConfigKeyOneGPIO) refers to gd32f4xx_rcu.o(i.rcu_periph_clock_enable) for rcu_periph_clock_enable
    keyone.o(i.ConfigKeyOneGPIO) refers to gd32f4xx_gpio.o(i.gpio_mode_set) for gpio_mode_set
    keyone.o(i.InitKeyOne) refers to keyone.o(i.ConfigKeyOneGPIO) for ConfigKeyOneGPIO
    keyone.o(i.InitKeyOne) refers to keyone.o(.data) for s_arrKeyDownLevel
    keyone.o(i.ScanKeyOne) refers to gd32f4xx_gpio.o(i.gpio_input_bit_get) for gpio_input_bit_get
    keyone.o(i.ScanKeyOne) refers to keyone.o(.data) for s_arrKeyVal
    prockeyone.o(i.ProcKeyDownKey1) refers to at24cxx.o(i.AT24CxxWrite) for AT24CxxWrite
    prockeyone.o(i.ProcKeyDownKey1) refers to printf2.o(i.__0printf$2) for __2printf
    prockeyone.o(i.ProcKeyDownKey1) refers to prockeyone.o(.data) for pBuffer1
    prockeyone.o(i.ProcKeyDownKey2) refers to at24cxx.o(i.AT24CxxWrite) for AT24CxxWrite
    prockeyone.o(i.ProcKeyDownKey2) refers to printf2.o(i.__0printf$2) for __2printf
    prockeyone.o(i.ProcKeyDownKey2) refers to prockeyone.o(.data) for pBuffer2
    prockeyone.o(i.ProcKeyDownKey3) refers to at24cxx.o(i.AT24CxxRead) for AT24CxxRead
    prockeyone.o(i.ProcKeyDownKey3) refers to printf2.o(i.__0printf$2) for __2printf
    prockeyone.o(i.ProcKeyDownKey3) refers to prockeyone.o(.bss) for pBuffer3
    at24cxx.o(i.AT24CxxRead) refers to at24cxx.o(i.AT24CxxReadOneByte) for AT24CxxReadOneByte
    at24cxx.o(i.AT24CxxReadOneByte) refers to i2c.o(i.GenI2CStartSig) for GenI2CStartSig
    at24cxx.o(i.AT24CxxReadOneByte) refers to i2c.o(i.I2CSendByte) for I2CSendByte
    at24cxx.o(i.AT24CxxReadOneByte) refers to i2c.o(i.I2CWaitAck) for I2CWaitAck
    at24cxx.o(i.AT24CxxReadOneByte) refers to i2c.o(i.I2CReadByte) for I2CReadByte
[...]
    Removing gd32f4xx_fmc.o(i.ob_drp1_get), (32 bytes).
    Removing gd32f4xx_fmc.o(i.ob_drp_disable), (96 bytes).
    Removing gd32f4xx_fmc.o(i.ob_drp_enable), (104 bytes).
    Removing gd32f4xx_fmc.o(i.ob_erase), (76 bytes).
    Removing gd32f4xx_fmc.o(i.ob_lock), (20 bytes).
    Removing gd32f4xx_fmc.o(i.ob_security_protection_config), (40 bytes).
    Removing gd32f4xx_fmc.o(i.ob_spc_get), (28 bytes).
    Removing gd32f4xx_fmc.o(i.ob_start), (20 bytes).
    Removing gd32f4xx_fmc.o(i.ob_unlock), (36 bytes).
    Removing gd32f4xx_fmc.o(i.ob_user_bor_threshold), (24 bytes).
    Removing gd32f4xx_fmc.o(i.ob_user_bor_threshold_get), (16 bytes).
    Removing gd32f4xx_fmc.o(i.ob_user_get), (16 bytes).
    Removing gd32f4xx_fmc.o(i.ob_user_write), (52 bytes).
    Removing gd32f4xx_fmc.o(i.ob_write_protection0_get), (16 bytes).
    Removing gd32f4xx_fmc.o(i.ob_write_protection1_get), (16 bytes).
    Removing gd32f4xx_fmc.o(i.ob_write_protection_disable), (72 bytes).
    Removing gd32f4xx_fmc.o(i.ob_write_protection_enable), (72 bytes).
    Removing gd32f4xx_gpio.o(.rev16_text), (4 bytes).
    Removing gd32f4xx_gpio.o(.revsh_text), (4 bytes).
    Removing gd32f4xx_gpio.o(.rrx_text), (6 bytes).
    Removing gd32f4xx_gpio.o(i.gpio_bit_toggle), (4 bytes).
    Removing gd32f4xx_gpio.o(i.gpio_deinit), (206 bytes).
    Removing gd32f4xx_gpio.o(i.gpio_input_port_get), (8 bytes).
    Removing gd32f4xx_gpio.o(i.gpio_output_port_get), (8 bytes).
    Removing gd32f4xx_gpio.o(i.gpio_pin_lock), (18 bytes).
    Removing gd32f4xx_gpio.o(i.gpio_port_toggle), (8 bytes).
    Removing gd32f4xx_gpio.o(i.gpio_port_write), (4 bytes).
    Removing gd32f4xx_misc.o(.rev16_text), (4 bytes).
    Removing gd32f4xx_misc.o(.revsh_text), (4 bytes).
    Removing gd32f4xx_misc.o(.rrx_text), (6 bytes).
    Removing gd32f4xx_misc.o(i.nvic_irq_disable), (24 bytes).
    Removing gd32f4xx_misc.o(i.nvic_vector_table_set), (24 bytes).
    Removing gd32f4xx_misc.o(i.system_lowpower_reset), (16 bytes).
    Removing gd32f4xx_misc.o(i.system_lowpower_set), (16 bytes).
    Removing gd32f4xx_misc.o(i.systick_clksource_set), (40 bytes).
    Removing gd32f4xx_rcu.o(.rev16_text), (4 bytes).
    Removing gd32f4xx_rcu.o(.revsh_text), (4 bytes).
    Removing gd32f4xx_rcu.o(.rrx_text), (6 bytes).
    Removing gd32f4xx_rcu.o(i.rcu_all_reset_flag_clear), (20 bytes).
    Removing gd32f4xx_rcu.o(i.rcu_bkp_reset_disable), (20 bytes).
    Removing gd32f4xx_rcu.o(i.rcu_bkp_reset_enable), (20 bytes).
    Removing gd32f4xx_rcu.o(i.rcu_ck48m_clock_config), (24 bytes).
    Removing gd32f4xx_rcu.o(i.rcu_ckout0_config), (28 bytes).
    Removing gd32f4xx_rcu.o(i.rcu_ckout1_config), (28 bytes).
    Removing gd32f4xx_rcu.o(i.rcu_deepsleep_voltage_set), (16 bytes).
    Removing gd32f4xx_rcu.o(i.rcu_hxtal_clock_monitor_disable), (20 bytes).
    Removing gd32f4xx_rcu.o(i.rcu_hxtal_clock_monitor_enable), (20 bytes).
    Removing gd32f4xx_rcu.o(i.rcu_i2s_clock_config), (24 bytes).
    Removing gd32f4xx_rcu.o(i.rcu_interrupt_disable), (36 bytes).
    Removing gd32f4xx_rcu.o(i.rcu_interrupt_enable), (36 bytes).
    Removing gd32f4xx_rcu.o(i.rcu_interrupt_flag_clear), (36 bytes).
    Removing gd32f4xx_rcu.o(i.rcu_interrupt_flag_get), (36 bytes).
    Removing gd32f4xx_rcu.o(i.rcu_irc16m_adjust_value_set), (28 bytes).
    Removing gd32f4xx_rcu.o(i.rcu_lxtal_drive_capability_config), (24 bytes).
    Removing gd32f4xx_rcu.o(i.rcu_osci_bypass_mode_disable), (116 bytes).
    Removing gd32f4xx_rcu.o(i.rcu_osci_bypass_mode_enable), (116 bytes).
    Removing gd32f4xx_rcu.o(i.rcu_osci_off), (36 bytes).
    Removing gd32f4xx_rcu.o(i.rcu_periph_clock_disable), (36 bytes).
    Removing gd32f4xx_rcu.o(i.rcu_periph_clock_sleep_disable), (36 bytes).
    Removing gd32f4xx_rcu.o(i.rcu_periph_clock_sleep_enable), (36 bytes).
    Removing gd32f4xx_rcu.o(i.rcu_pll48m_clock_config), (24 bytes).
    Removing gd32f4xx_rcu.o(i.rcu_plli2s_config), (44 bytes).
    Removing gd32f4xx_rcu.o(i.rcu_pllsai_config), (72 bytes).
    Removing gd32f4xx_rcu.o(i.rcu_rtc_clock_config), (24 bytes).
    Removing gd32f4xx_rcu.o(i.rcu_rtc_div_config), (24 bytes).
    Removing gd32f4xx_rcu.o(i.rcu_spread_spectrum_config), (32 bytes).
    Removing gd32f4xx_rcu.o(i.rcu_spread_spectrum_disable), (20 bytes).
    Removing gd32f4xx_rcu.o(i.rcu_spread_spectrum_enable), (20 bytes).
    Removing gd32f4xx_rcu.o(i.rcu_tli_clock_div_config), (24 bytes).
    Removing gd32f4xx_rcu.o(i.rcu_voltage_key_unlock), (16 bytes).
    Removing gd32f4xx_timer.o(.rev16_text), (4 bytes).
    Removing gd32f4xx_timer.o(.revsh_text), (4 bytes).
    Removing gd32f4xx_timer.o(.rrx_text), (6 bytes).
    Removing gd32f4xx_timer.o(i.timer_auto_reload_shadow_disable), (10 bytes).
    Removing gd32f4xx_timer.o(i.timer_auto_reload_shadow_enable), (10 bytes).
    Removing gd32f4xx_timer.o(i.timer_automatic_output_disable), (10 bytes).
    Removing gd32f4xx_timer.o(i.timer_automatic_output_enable), (10 bytes).
    Removing gd32f4xx_timer.o(i.timer_autoreload_value_config), (4 bytes).
    Removing gd32f4xx_timer.o(i.timer_break_config), (30 bytes).
    Removing gd32f4xx_timer.o(i.timer_break_disable), (10 bytes).
    Removing gd32f4xx_timer.o(i.timer_break_enable), (10 bytes).
    Removing gd32f4xx_timer.o(i.timer_break_struct_para_init), (18 bytes).
    Removing gd32f4xx_timer.o(i.timer_channel_capture_value_register_read), (42 bytes).
    Removing gd32f4xx_timer.o(i.timer_channel_complementary_output_polarity_config), (70 bytes).
    Removing gd32f4xx_timer.o(i.timer_channel_complementary_output_state_config), (70 bytes).
    Removing gd32f4xx_timer.o(i.timer_channel_control_shadow_config), (24 bytes).
    Removing gd32f4xx_timer.o(i.timer_channel_control_shadow_update_config), (26 bytes).
    Removing gd32f4xx_timer.o(i.timer_channel_dma_request_source_select), (26 bytes).
    Removing gd32f4xx_timer.o(i.timer_channel_input_capture_prescaler_config), (90 bytes).
    Removing gd32f4xx_timer.o(i.timer_channel_input_struct_para_init), (16 bytes).
    Removing gd32f4xx_timer.o(i.timer_channel_output_clear_config), (90 bytes).
    Removing gd32f4xx_timer.o(i.timer_channel_output_config), (492 bytes).
    Removing gd32f4xx_timer.o(i.timer_channel_output_fast_config), (90 bytes).
    Removing gd32f4xx_timer.o(i.timer_channel_output_mode_config), (90 bytes).
    Removing gd32f4xx_timer.o(i.timer_channel_output_polarity_config), (92 bytes).
    Removing gd32f4xx_timer.o(i.timer_channel_output_pulse_value_config), (38 bytes).
    Removing gd32f4xx_timer.o(i.timer_channel_output_shadow_config), (90 bytes).
    Removing gd32f4xx_timer.o(i.timer_channel_output_state_config), (92 bytes).
    Removing gd32f4xx_timer.o(i.timer_channel_output_struct_para_init), (16 bytes).
    Removing gd32f4xx_timer.o(i.timer_channel_remap_config), (4 bytes).
    Removing gd32f4xx_timer.o(i.timer_counter_alignment), (16 bytes).
    Removing gd32f4xx_timer.o(i.timer_counter_down_direction), (10 bytes).
    Removing gd32f4xx_timer.o(i.timer_counter_read), (8 bytes).
    Removing gd32f4xx_timer.o(i.timer_counter_up_direction), (10 bytes).
    Removing gd32f4xx_timer.o(i.timer_counter_value_config), (4 bytes).
    Removing gd32f4xx_timer.o(i.timer_disable), (10 bytes).
    Removing gd32f4xx_timer.o(i.timer_dma_disable), (8 bytes).
    Removing gd32f4xx_timer.o(i.timer_dma_enable), (8 bytes).
    Removing gd32f4xx_timer.o(i.timer_dma_transfer_config), (24 bytes).
    Removing gd32f4xx_timer.o(i.timer_event_software_generate), (8 bytes).
    Removing gd32f4xx_timer.o(i.timer_external_clock_mode0_config), (40 bytes).
    Removing gd32f4xx_timer.o(i.timer_external_clock_mode1_config), (32 bytes).
    Removing gd32f4xx_timer.o(i.timer_external_clock_mode1_disable), (10 bytes).
    Removing gd32f4xx_timer.o(i.timer_external_trigger_as_external_clock_config), (166 bytes).
    Removing gd32f4xx_timer.o(i.timer_external_trigger_config), (30 bytes).
    Removing gd32f4xx_timer.o(i.timer_flag_clear), (6 bytes).
    Removing gd32f4xx_timer.o(i.timer_flag_get), (16 bytes).
    Removing gd32f4xx_timer.o(i.timer_hall_mode_config), (26 bytes).
    Removing gd32f4xx_timer.o(i.timer_input_capture_config), (326 bytes).
    Removing gd32f4xx_timer.o(i.timer_input_pwm_capture_config), (356 bytes).
    Removing gd32f4xx_timer.o(i.timer_input_trigger_source_select), (16 bytes).
    Removing gd32f4xx_timer.o(i.timer_internal_clock_config), (10 bytes).
    Removing gd32f4xx_timer.o(i.timer_internal_trigger_as_external_clock_config), (32 bytes).
    Removing gd32f4xx_timer.o(i.timer_interrupt_disable), (8 bytes).
    Removing gd32f4xx_timer.o(i.timer_master_output_trigger_source_select), (16 bytes).
    Removing gd32f4xx_timer.o(i.timer_master_slave_mode_config), (26 bytes).
    Removing gd32f4xx_timer.o(i.timer_output_value_selection_config), (34 bytes).
    Removing gd32f4xx_timer.o(i.timer_prescaler_config), (14 bytes).
    Removing gd32f4xx_timer.o(i.timer_prescaler_read), (10 bytes).
    Removing gd32f4xx_timer.o(i.timer_primary_output_config), (24 bytes).
    Removing gd32f4xx_timer.o(i.timer_quadrature_decoder_mode_config), (64 bytes).
    Removing gd32f4xx_timer.o(i.timer_repetition_value_config), (4 bytes).
    Removing gd32f4xx_timer.o(i.timer_single_pulse_mode_config), (26 bytes).
    Removing gd32f4xx_timer.o(i.timer_slave_mode_select), (16 bytes).
    Removing gd32f4xx_timer.o(i.timer_update_event_disable), (10 bytes).
    Removing gd32f4xx_timer.o(i.timer_update_event_enable), (10 bytes).
    Removing gd32f4xx_timer.o(i.timer_update_source_config), (26 bytes).
    Removing gd32f4xx_timer.o(i.timer_write_chxval_register_config), (34 bytes).
    Removing gd32f4xx_usart.o(.rev16_text), (4 bytes).
    Removing gd32f4xx_usart.o(.revsh_text), (4 bytes).
    Removing gd32f4xx_usart.o(.rrx_text), (6 bytes).
    Removing gd32f4xx_usart.o(i.usart_address_config), (20 bytes).
    Removing gd32f4xx_usart.o(i.usart_block_length_config), (28 bytes).
    Removing gd32f4xx_usart.o(i.usart_break_frame_coherence_config), (24 bytes).
    Removing gd32f4xx_usart.o(i.usart_data_first_config), (20 bytes).
    Removing gd32f4xx_usart.o(i.usart_disable), (10 bytes).
    Removing gd32f4xx_usart.o(i.usart_dma_receive_config), (16 bytes).
    Removing gd32f4xx_usart.o(i.usart_dma_transmit_config), (16 bytes).
    Removing gd32f4xx_usart.o(i.usart_flag_clear), (26 bytes).
    Removing gd32f4xx_usart.o(i.usart_guard_time_config), (24 bytes).
    Removing gd32f4xx_usart.o(i.usart_halfduplex_disable), (10 bytes).
    Removing gd32f4xx_usart.o(i.usart_halfduplex_enable), (10 bytes).
    Removing gd32f4xx_usart.o(i.usart_hardware_flow_coherence_config), (24 bytes).
    Removing gd32f4xx_usart.o(i.usart_hardware_flow_cts_config), (16 bytes).
    Removing gd32f4xx_usart.o(i.usart_hardware_flow_rts_config), (16 bytes).
    Removing gd32f4xx_usart.o(i.usart_invert_config), (104 bytes).
    Removing gd32f4xx_usart.o(i.usart_irda_lowpower_config), (20 bytes).
    Removing gd32f4xx_usart.o(i.usart_irda_mode_disable), (10 bytes).
    Removing gd32f4xx_usart.o(i.usart_irda_mode_enable), (10 bytes).
    Removing gd32f4xx_usart.o(i.usart_lin_break_detection_length_config), (20 bytes).
    Removing gd32f4xx_usart.o(i.usart_lin_mode_disable), (10 bytes).
    Removing gd32f4xx_usart.o(i.usart_lin_mode_enable), (10 bytes).
    Removing gd32f4xx_usart.o(i.usart_mute_mode_disable), (10 bytes).
    Removing gd32f4xx_usart.o(i.usart_mute_mode_enable), (10 bytes).
    Removing gd32f4xx_usart.o(i.usart_mute_mode_wakeup_config), (16 bytes).
    Removing gd32f4xx_usart.o(i.usart_oversample_config), (16 bytes).
    Removing gd32f4xx_usart.o(i.usart_parity_check_coherence_config), (24 bytes).
    Removing gd32f4xx_usart.o(i.usart_prescaler_config), (16 bytes).
    Removing gd32f4xx_usart.o(i.usart_receiver_timeout_disable), (14 bytes).
    Removing gd32f4xx_usart.o(i.usart_receiver_timeout_enable), (14 bytes).
    Removing gd32f4xx_usart.o(i.usart_receiver_timeout_threshold_config), (20 bytes).
    Removing gd32f4xx_usart.o(i.usart_sample_bit_config), (16 bytes).
    Removing gd32f4xx_usart.o(i.usart_send_break), (10 bytes).
    Removing gd32f4xx_usart.o(i.usart_smartcard_autoretry_config), (26 bytes).
    Removing gd32f4xx_usart.o(i.usart_smartcard_mode_disable), (10 bytes).
    Removing gd32f4xx_usart.o(i.usart_smartcard_mode_enable), (10 bytes).
    Removing gd32f4xx_usart.o(i.usart_smartcard_mode_nack_disable), (10 bytes).
    Removing gd32f4xx_usart.o(i.usart_smartcard_mode_nack_enable), (10 bytes).
    Removing gd32f4xx_usart.o(i.usart_synchronous_clock_config), (34 bytes).
    Removing gd32f4xx_usart.o(i.usart_synchronous_clock_disable), (10 bytes).
    Removing gd32f4xx_usart.o(i.usart_synchronous_clock_enable), (10 bytes).
    Removing gd32f4xx_i2c.o(.rev16_text), (4 bytes).
    Removing gd32f4xx_i2c.o(.revsh_text), (4 bytes).
    Removing gd32f4xx_i2c.o(.rrx_text), (6 bytes).
    Removing gd32f4xx_i2c.o(i.i2c_ack_config), (16 bytes).
    Removing gd32f4xx_i2c.o(i.i2c_ackpos_config), (16 bytes).
    Removing gd32f4xx_i2c.o(i.i2c_analog_noise_filter_disable), (10 bytes).
    Removing gd32f4xx_i2c.o(i.i2c_analog_noise_filter_enable), (10 bytes).
    Removing gd32f4xx_i2c.o(i.i2c_clock_config), (228 bytes).
    Removing gd32f4xx_i2c.o(i.i2c_data_receive), (8 bytes).
    Removing gd32f4xx_i2c.o(i.i2c_data_transmit), (6 bytes).
    Removing gd32f4xx_i2c.o(i.i2c_deinit), (88 bytes).
    Removing gd32f4xx_i2c.o(i.i2c_digital_noise_filter_config), (8 bytes).
    Removing gd32f4xx_i2c.o(i.i2c_disable), (10 bytes).
    Removing gd32f4xx_i2c.o(i.i2c_dma_config), (16 bytes).
    Removing gd32f4xx_i2c.o(i.i2c_dma_last_transfer_config), (16 bytes).
    Removing gd32f4xx_i2c.o(i.i2c_dualaddr_disable), (10 bytes).
    Removing gd32f4xx_i2c.o(i.i2c_dualaddr_enable), (12 bytes).
    Removing gd32f4xx_i2c.o(i.i2c_enable), (10 bytes).
    Removing gd32f4xx_i2c.o(i.i2c_flag_clear), (40 bytes).
    Removing gd32f4xx_i2c.o(i.i2c_flag_get), (30 bytes).
    Removing gd32f4xx_i2c.o(i.i2c_interrupt_disable), (26 bytes).
    Removing gd32f4xx_i2c.o(i.i2c_interrupt_enable), (26 bytes).
    Removing gd32f4xx_i2c.o(i.i2c_interrupt_flag_clear), (44 bytes).
    Removing gd32f4xx_i2c.o(i.i2c_interrupt_flag_get), (92 bytes).
    Removing gd32f4xx_i2c.o(i.i2c_master_addressing), (20 bytes).
    Removing gd32f4xx_i2c.o(i.i2c_mode_addr_config), (28 bytes).
    Removing gd32f4xx_i2c.o(i.i2c_pec_config), (16 bytes).
    Removing gd32f4xx_i2c.o(i.i2c_pec_transfer_config), (16 bytes).
    Removing gd32f4xx_i2c.o(i.i2c_pec_value_get), (10 bytes).
    Removing gd32f4xx_i2c.o(i.i2c_sam_disable), (14 bytes).
    Removing gd32f4xx_i2c.o(i.i2c_sam_enable), (14 bytes).
    Removing gd32f4xx_i2c.o(i.i2c_sam_timeout_disable), (14 bytes).
    Removing gd32f4xx_i2c.o(i.i2c_sam_timeout_enable), (14 bytes).
    Removing gd32f4xx_i2c.o(i.i2c_slave_response_to_gcall_config), (16 bytes).
    Removing gd32f4xx_i2c.o(i.i2c_smbus_alert_config), (16 bytes).
    Removing gd32f4xx_i2c.o(i.i2c_smbus_arp_config), (16 bytes).
    Removing gd32f4xx_i2c.o(i.i2c_smbus_type_config), (24 bytes).
    Removing gd32f4xx_i2c.o(i.i2c_software_reset_config), (16 bytes).
    Removing gd32f4xx_i2c.o(i.i2c_start_on_bus), (10 bytes).
    Removing gd32f4xx_i2c.o(i.i2c_stop_on_bus), (10 bytes).
    Removing gd32f4xx_i2c.o(i.i2c_stretch_scl_low_config), (16 bytes).
    Removing nvic.o(.rev16_text), (4 bytes).
    Removing nvic.o(.revsh_text), (4 bytes).
    Removing nvic.o(.rrx_text), (6 bytes).
    Removing systick.o(.rev16_text), (4 bytes).
    Removing systick.o(.revsh_text), (4 bytes).
    Removing systick.o(.rrx_text), (6 bytes).
    Removing gd32f4xx_it.o(.rev16_text), (4 bytes).
    Removing gd32f4xx_it.o(.revsh_text), (4 bytes).
    Removing gd32f4xx_it.o(.rrx_text), (6 bytes).
    Removing startup_gd32f450_470.o(HEAP), (1024 bytes).
    Removing system_gd32f4xx.o(.rev16_text), (4 bytes).
    Removing system_gd32f4xx.o(.revsh_text), (4 bytes).
    Removing system_gd32f4xx.o(.rrx_text), (6 bytes).
    Removing system_gd32f4xx.o(i.SystemCoreClockUpdate), (272 bytes).
    Removing dadd.o(.text), (334 bytes).
    Removing dmul.o(.text), (228 bytes).
    Removing ddiv.o(.text), (222 bytes).
    Removing dfixul.o(.text), (48 bytes).
    Removing cdrcmple.o(.text), (48 bytes).
    Removing depilogue.o(.text), (186 bytes).

294 unused section(s) (total 10780 bytes) removed from the image.

==============================================================================

Image Symbol Table

    Local Symbols

    Symbol Name                              Value     Ov Type        Size  Object(Section)

    ../clib/microlib/division.c              0x00000000   Number         0  uldiv.o ABSOLUTE
    ../clib/microlib/division.c              0x00000000   Number         0  uidiv.o ABSOLUTE
    ../clib/microlib/init/entry.s            0x00000000   Number         0  entry8a.o ABSOLUTE
    ../clib/microlib/init/entry.s            0x00000000   Number         0  entry11b.o ABSOLUTE
    ../clib/microlib/init/entry.s            0x00000000   Number         0  entry8b.o ABSOLUTE
    ../clib/microlib/init/entry.s            0x00000000   Number         0  entry5.o ABSOLUTE
    ../clib/microlib/init/entry.s            0x00000000   Number         0  entry7a.o ABSOLUTE
    ../clib/microlib/init/entry.s            0x00000000   Number         0  entry2.o ABSOLUTE
    ../clib/microlib/init/entry.s            0x00000000   Number         0  entry11a.o ABSOLUTE
    ../clib/microlib/init/entry.s            0x00000000   Number         0  entry10b.o ABSOLUTE
    ../clib/microlib/init/entry.s            0x00000000   Number         0  entry9a.o ABSOLUTE
    ../clib/microlib/init/entry.s            0x00000000   Number         0  entry10a.o ABSOLUTE
    ../clib/microlib/init/entry.s            0x00000000   Number         0  entry9b.o ABSOLUTE
    ../clib/microlib/init/entry.s            0x00000000   Number         0  entry7b.o ABSOLUTE
    ../clib/microlib/init/entry.s            0x00000000   Number         0  entry.o ABSOLUTE
    ../clib/microlib/longlong.c              0x00000000   Number         0  llsshr.o ABSOLUTE
    ../clib/microlib/longlong.c              0x00000000   Number         0  llushr.o ABSOLUTE
    ../clib/microlib/longlong.c              0x00000000   Number         0  llshl.o ABSOLUTE
    ../clib/microlib/printf/printf.c         0x00000000   Number         0  printfa.o ABSOLUTE
    ../clib/microlib/printf/printf.c         0x00000000   Number         0  printf0.o ABSOLUTE
    ../clib/microlib/printf/printf.c         0x00000000   Number         0  printf7.o ABSOLUTE
    ../clib/microlib/printf/printf.c         0x00000000   Number         0  printf6.o ABSOLUTE
    ../clib/microlib/printf/printf.c         0x00000000   Number         0  printf5.o ABSOLUTE
    ../clib/microlib/printf/printf.c         0x00000000   Number         0  printf4.o ABSOLUTE
    ../clib/microlib/printf/printf.c         0x00000000   Number         0  printf8.o ABSOLUTE
    ../clib/microlib/printf/printf.c         0x00000000   Number         0  printf3.o ABSOLUTE
    ../clib/microlib/printf/printf.c         0x00000000   Number         0  printf2.o ABSOLUTE
    ../clib/microlib/printf/printf.c         0x00000000   Number         0  printf1.o ABSOLUTE
    ../clib/microlib/printf/printf.c         0x00000000   Number         0  printfb.o ABSOLUTE
    ../clib/microlib/printf/stubs.s          0x00000000   Number         0  stubs.o ABSOLUTE
    ../clib/microlib/stdio/streams.c         0x00000000   Number         0  stdout.o ABSOLUTE
    ../clib/microlib/stubs.s                 0x00000000   Number         0  iusefp.o ABSOLUTE
    ../fplib/microlib/fpadd.c                0x00000000   Number         0  dadd.o ABSOLUTE
    ../fplib/microlib/fpdiv.c                0x00000000   Number         0  ddiv.o ABSOLUTE
    ../fplib/microlib/fpepilogue.c           0x00000000   Number         0  depilogue.o ABSOLUTE
    ../fplib/microlib/fpfix.c                0x00000000   Number         0  dfixul.o ABSOLUTE
    ../fplib/microlib/fpmul.c                0x00000000   Number         0  dmul.o ABSOLUTE
    ..\ARM\NVIC\NVIC.c                       0x00000000   Number         0  nvic.o ABSOLUTE
    ..\ARM\SysTick\SysTick.c                 0x00000000   Number         0  systick.o ABSOLUTE
    ..\ARM\System\gd32f4xx_it.c              0x00000000   Number         0  gd32f4xx_it.o ABSOLUTE
    ..\ARM\System\startup_gd32f450_470.s     0x00000000   Number         0  startup_gd32f450_470.o ABSOLUTE
    ..\ARM\System\system_gd32f4xx.c          0x00000000   Number         0  system_gd32f4xx.o ABSOLUTE
    ..\App\AT24Cxx\AT24Cxx.c                 0x00000000   Number         0  at24cxx.o ABSOLUTE
    ..\App\KeyOne\KeyOne.c                   0x00000000   Number         0  keyone.o ABSOLUTE
    ..\App\KeyOne\ProcKeyOne.c               0x00000000   Number         0  prockeyone.o ABSOLUTE
    ..\App\LED\LED.c                         0x00000000   Number         0  led.o ABSOLUTE
    ..\App\Main\Main.c                       0x00000000   Number         0  main.o ABSOLUTE
    ..\FW\Source\gd32f4xx_fmc.c              0x00000000   Number         0  gd32f4xx_fmc.o ABSOLUTE
    ..\FW\Source\gd32f4xx_gpio.c             0x00000000   Number         0  gd32f4xx_gpio.o ABSOLUTE
    ..\FW\Source\gd32f4xx_i2c.c              0x00000000   Number         0  gd32f4xx_i2c.o ABSOLUTE
    ..\FW\Source\gd32f4xx_misc.c             0x00000000   Number         0  gd32f4xx_misc.o ABSOLUTE
    ..\FW\Source\gd32f4xx_rcu.c              0x00000000   Number         0  gd32f4xx_rcu.o ABSOLUTE
    ..\FW\Source\gd32f4xx_timer.c            0x00000000   Number         0  gd32f4xx_timer.o ABSOLUTE
    ..\FW\Source\gd32f4xx_usart.c            0x00000000   Number         0  gd32f4xx_usart.o ABSOLUTE
    ..\HW\I2C\I2C.c                          0x00000000   Number         0  i2c.o ABSOLUTE
    ..\HW\RCU\RCU.c                          0x00000000   Number         0  rcu.o ABSOLUTE
    ..\HW\Timer\Timer.c                      0x00000000   Number         0  timer.o ABSOLUTE
    ..\HW\UART0\Queue.c                      0x00000000   Number         0  queue.o ABSOLUTE
    ..\HW\UART0\UART0.c                      0x00000000   Number         0  uart0.o ABSOLUTE
    ..\\ARM\\NVIC\\NVIC.c                    0x00000000   Number         0  nvic.o ABSOLUTE
    ..\\ARM\\SysTick\\SysTick.c              0x00000000   Number         0  systick.o ABSOLUTE
    ..\\ARM\\System\\gd32f4xx_it.c           0x00000000   Number         0  gd32f4xx_it.o ABSOLUTE
    ..\\ARM\\System\\system_gd32f4xx.c       0x00000000   Number         0  system_gd32f4xx.o ABSOLUTE
    ..\\App\\AT24Cxx\\AT24Cxx.c              0x00000000   Number         0  at24cxx.o ABSOLUTE
    ..\\App\\KeyOne\\KeyOne.c                0x00000000   Number         0  keyone.o ABSOLUTE
    ..\\App\\LED\\LED.c                      0x00000000   Number         0  led.o ABSOLUTE
    ..\\App\\Main\\Main.c                    0x00000000   Number         0  main.o ABSOLUTE
    ..\\FW\\Source\\gd32f4xx_fmc.c           0x00000000   Number         0  gd32f4xx_fmc.o ABSOLUTE
    ..\\FW\\Source\\gd32f4xx_gpio.c          0x00000000   Number         0  gd32f4xx_gpio.o ABSOLUTE
    ..\\FW\\Source\\gd32f4xx_i2c.c           0x00000000   Number         0  gd32f4xx_i2c.o ABSOLUTE
    ..\\FW\\Source\\gd32f4xx_misc.c          0x00000000   Number         0  gd32f4xx_misc.o ABSOLUTE
    ..\\FW\\Source\\gd32f4xx_rcu.c           0x00000000   Number         0  gd32f4xx_rcu.o ABSOLUTE
    ..\\FW\\Source\\gd32f4xx_timer.c         0x00000000   Number         0  gd32f4xx_timer.o ABSOLUTE
    ..\\FW\\Source\\gd32f4xx_usart.c         0x00000000   Number         0  gd32f4xx_usart.o ABSOLUTE
    ..\\HW\\I2C\\I2C.c                       0x00000000   Number         0  i2c.o ABSOLUTE
    ..\\HW\\RCU\\RCU.c                       0x00000000   Number         0  rcu.o ABSOLUTE
    ..\\HW\\Timer\\Timer.c                   0x00000000   Number         0  timer.o ABSOLUTE
    ..\\HW\\UART0\\UART0.c                   0x00000000   Number         0  uart0.o ABSOLUTE
    cdrcmple.s                               0x00000000   Number         0  cdrcmple.o ABSOLUTE
    dc.s                                     0x00000000   Number         0  dc.o ABSOLUTE
    handlers.s                               0x00000000   Number         0  handlers.o ABSOLUTE
    init.s                                   0x00000000   Number         0  init.o ABSOLUTE
    RESET                                    0x08000000   Section      428  startup_gd32f450_470.o(RESET)
    .ARM.Collect$$$$00000000                 0x080001ac   Section        0  entry.o(.ARM.Collect$$$$00000000)
    .ARM.Collect$$$$00000001                 0x080001ac   Section        4  entry2.o(.ARM.Collect$$$$00000001)
    .ARM.Collect$$$$00000004                 0x080001b0   Section        4  entry5.o(.ARM.Collect$$$$00000004)
    .ARM.Collect$$$$00000008                 0x080001b4   Section        0  entry7b.o(.ARM.Collect$$$$00000008)
    .ARM.Collect$$$$0000000A                 0x080001b4   Section        0  entry8b.o(.ARM.Collect$$$$0000000A)
    .ARM.Collect$$$$0000000B                 0x080001b4   Section        8  entry9a.o(.ARM.Collect$$$$0000000B)
    .ARM.Collect$$$$0000000D                 0x080001bc   Section        0  entry10a.o(.ARM.Collect$$$$0000000D)
    .ARM.Collect$$$$0000000F                 0x080001bc   Section        0  entry11a.o(.ARM.Collect$$$$0000000F)
    .ARM.Collect$$$$00002712                 0x080001bc   Section        4  entry2.o(.ARM.Collect$$$$00002712)
    __lit__00000000                          0x080001bc   Data           4  entry2.o(.ARM.Collect$$$$00002712)
    .text                                    0x080001c0   Section       36  startup_gd32f450_470.o(.text)
    $v0                                      0x080001c0   Number         0  startup_gd32f450_470.o(.text)
    .text                                    0x080001e4   Section       36  init.o(.text)
    i.AT24CxxRead                            0x08000208   Section        0  at24cxx.o(i.AT24CxxRead)
    i.AT24CxxReadOneByte                     0x0800022a   Section        0  at24cxx.o(i.AT24CxxReadOneByte)
    AT24CxxReadOneByte                       0x0800022b   Thumb Code    88  at24cxx.o(i.AT24CxxReadOneByte)
    i.AT24CxxWrite                           0x08000282   Section        0  at24cxx.o(i.AT24CxxWrite)
    i.AT24CxxWriteOneByte                    0x080002a4   Section        0  at24cxx.o(i.AT24CxxWriteOneByte)
    AT24CxxWriteOneByte                      0x080002a5   Thumb Code    80  at24cxx.o(i.AT24CxxWriteOneByte)
    i.BusFault_Handler                       0x080002f4   Section        0  gd32f4xx_it.o(i.BusFault_Handler)
    i.CheckAT24Cxx                           0x080002f8   Section        0  at24cxx.o(i.CheckAT24Cxx)
    i.Clr1SecFlag                            0x08000328   Section        0  timer.o(i.Clr1SecFlag)
    i.Clr2msFlag                             0x08000334   Section        0  timer.o(i.Clr2msFlag)
    i.ConfigI2CGPIO                          0x08000340   Section        0  i2c.o(i.ConfigI2CGPIO)
    ConfigI2CGPIO                            0x08000341   Thumb Code    76  i2c.o(i.ConfigI2CGPIO)
    i.ConfigKeyOneGPIO                       0x08000390   Section        0  keyone.o(i.ConfigKeyOneGPIO)
    ConfigKeyOneGPIO                         0x08000391   Thumb Code    64  keyone.o(i.ConfigKeyOneGPIO)
    i.ConfigLEDGPIO                          0x080003dc   Section        0  led.o(i.ConfigLEDGPIO)
    ConfigLEDGPIO                            0x080003dd   Thumb Code    90  led.o(i.ConfigLEDGPIO)
    i.ConfigNVIC                             0x08000440   Section        0  nvic.o(i.ConfigNVIC)
    ConfigNVIC                               0x08000441   Thumb Code    12  nvic.o(i.ConfigNVIC)
    i.ConfigRCU                              0x0800044c   Section        0  rcu.o(i.ConfigRCU)
    ConfigRCU                                0x0800044d   Thumb Code   110  rcu.o(i.ConfigRCU)
    i.ConfigTimer1                           0x080004ba   Section        0  timer.o(i.ConfigTimer1)
    ConfigTimer1                             0x080004bb   Thumb Code    82  timer.o(i.ConfigTimer1)
    i.ConfigTimer4                           0x0800050c   Section        0  timer.o(i.ConfigTimer4)
    ConfigTimer4                             0x0800050d   Thumb Code    76  timer.o(i.ConfigTimer4)
    i.ConfigUART                             0x0800055c   Section        0  uart0.o(i.ConfigUART)
    ConfigUART                               0x0800055d   Thumb Code   198  uart0.o(i.ConfigUART)
    i.DeQueue                                0x08000630   Section        0  queue.o(i.DeQueue)
    i.DebugMon_Handler                       0x08000674   Section        0  gd32f4xx_it.o(i.DebugMon_Handler)
    i.DelayNms                               0x08000678   Section        0  systick.o(i.DelayNms)
    i.DelayNus                               0x0800069c   Section        0  systick.o(i.DelayNus)
    i.EnQueue                                0x080006b6   Section        0  queue.o(i.EnQueue)
    i.GenI2CStartSig                         0x08000700   Section        0  i2c.o(i.GenI2CStartSig)
    i.GenI2CStopSig                          0x08000738   Section        0  i2c.o(i.GenI2CStopSig)
    i.Get1SecFlag                            0x08000770   Section        0  timer.o(i.Get1SecFlag)
    i.Get2msFlag                             0x0800077c   Section        0  timer.o(i.Get2msFlag)
    i.HardFault_Handler                      0x08000788   Section        0  gd32f4xx_it.o(i.HardFault_Handler)
    i.I2CReadByte                            0x0800078c   Section        0  i2c.o(i.I2CReadByte)
    i.I2CSendByte                            0x080007e8   Section        0  i2c.o(i.I2CSendByte)
    i.I2CWaitAck                             0x08000848   Section        0  i2c.o(i.I2CWaitAck)
    i.InitAT24Cxx                            0x0800088c   Section        0  at24cxx.o(i.InitAT24Cxx)
    i.InitHardware                           0x08000894   Section        0  main.o(i.InitHardware)
    InitHardware                             0x08000895   Thumb Code    44  main.o(i.InitHardware)
    i.InitI2C                                0x080008c0   Section        0  i2c.o(i.InitI2C)
    i.InitKeyOne                             0x080008c8   Section        0  keyone.o(i.InitKeyOne)
    i.InitLED                                0x080008e0   Section        0  led.o(i.InitLED)
    i.InitNVIC                               0x080008e8   Section        0  nvic.o(i.InitNVIC)
    i.InitProcKeyOne                         0x080008f0   Section        0  prockeyone.o(i.InitProcKeyOne)
    i.InitQueue                              0x080008f2   Section        0  queue.o(i.InitQueue)
    i.InitRCU                                0x08000916   Section        0  rcu.o(i.InitRCU)
    i.InitSoftware                           0x0800091e   Section        0  main.o(i.InitSoftware)
    InitSoftware                             0x0800091f   Thumb Code     8  main.o(i.InitSoftware)
    i.InitSysTick                            0x08000928   Section        0  systick.o(i.InitSysTick)
    i.InitTimer                              0x08000990   Section        0  timer.o(i.InitTimer)
    i.InitUART0                              0x080009a8   Section        0  uart0.o(i.InitUART0)
    i.InitUARTBuf                            0x080009b8   Section        0  uart0.o(i.InitUARTBuf)
    InitUARTBuf                              0x080009b9   Thumb Code    52  uart0.o(i.InitUARTBuf)
    i.LEDFlicker                             0x080009fc   Section        0  led.o(i.LEDFlicker)
    i.MemManage_Handler                      0x08000a58   Section        0  gd32f4xx_it.o(i.MemManage_Handler)
    i.NMI_Handler                            0x08000a5c   Section        0  gd32f4xx_it.o(i.NMI_Handler)
    i.PendSV_Handler                         0x08000a5e   Section        0  gd32f4xx_it.o(i.PendSV_Handler)
    i.Proc1SecTask                           0x08000a60   Section        0  main.o(i.Proc1SecTask)
    Proc1SecTask                             0x08000a61   Thumb Code    14  main.o(i.Proc1SecTask)
    i.Proc2msTask                            0x08000a70   Section        0  main.o(i.Proc2msTask)
    Proc2msTask                              0x08000a71   Thumb Code    80  main.o(i.Proc2msTask)
    i.ProcKeyDownKey1                        0x08000adc   Section        0  prockeyone.o(i.ProcKeyDownKey1)
    i.ProcKeyDownKey2                        0x08000b14   Section        0  prockeyone.o(i.ProcKeyDownKey2)
    i.ProcKeyDownKey3                        0x08000b4c   Section        0  prockeyone.o(i.ProcKeyDownKey3)
    i.ProcKeyUpKey1                          0x08000b80   Section        0  prockeyone.o(i.ProcKeyUpKey1)
    i.ProcKeyUpKey2                          0x08000b82   Section        0  prockeyone.o(i.ProcKeyUpKey2)
    i.ProcKeyUpKey3                          0x08000b84   Section        0  prockeyone.o(i.ProcKeyUpKey3)
    i.QueueEmpty                             0x08000b86   Section        0  queue.o(i.QueueEmpty)
    i.ReadSendBuf                            0x08000b94   Section        0  uart0.o(i.ReadSendBuf)
    ReadSendBuf                              0x08000b95   Thumb Code    22  uart0.o(i.ReadSendBuf)
    i.SVC_Handler                            0x08000bb0   Section        0  gd32f4xx_it.o(i.SVC_Handler)
    i.ScanKeyOne                             0x08000bb4   Section        0  keyone.o(i.ScanKeyOne)
    i.SendI2CAck                             0x08000c6c   Section        0  i2c.o(i.SendI2CAck)
    i.SendI2CNAck                            0x08000ca4   Section        0  i2c.o(i.SendI2CNAck)
    i.SetI2CSDAAsInput                       0x08000cdc   Section        0  i2c.o(i.SetI2CSDAAsInput)
    SetI2CSDAAsInput                         0x08000cdd   Thumb Code    16  i2c.o(i.SetI2CSDAAsInput)
    i.SetI2CSDAAsOutput                      0x08000cf0   Section        0  i2c.o(i.SetI2CSDAAsOutput)
    SetI2CSDAAsOutput                        0x08000cf1   Thumb Code    28  i2c.o(i.SetI2CSDAAsOutput)
    i.SysTick_Handler                        0x08000d10   Section        0  systick.o(i.SysTick_Handler)
    i.SystemInit                             0x08000d18   Section        0  system_gd32f4xx.o(i.SystemInit)
    i.TIMER1_IRQHandler                      0x08000de0   Section        0  timer.o(i.TIMER1_IRQHandler)
    i.TIMER4_IRQHandler                      0x08000e1c   Section        0  timer.o(i.TIMER4_IRQHandler)
    i.TimDelayDec                            0x08000e64   Section        0  systick.o(i.TimDelayDec)
    TimDelayDec                              0x08000e65   Thumb Code    18  systick.o(i.TimDelayDec)
    i.USART0_IRQHandler                      0x08000e7c   Section        0  uart0.o(i.USART0_IRQHandler)
    i.UsageFault_Handler                     0x08000f30   Section        0  gd32f4xx_it.o(i.UsageFault_Handler)
    i.WriteReceiveBuf                        0x08000f34   Section        0  uart0.o(i.WriteReceiveBuf)
    WriteReceiveBuf                          0x08000f35   Thumb Code    20  uart0.o(i.WriteReceiveBuf)
    i.__0printf$2                            0x08000f4c   Section        0  printf2.o(i.__0printf$2)
    i.__scatterload_copy                     0x08000f6c   Section       14  handlers.o(i.__scatterload_copy)
    i.__scatterload_null                     0x08000f7a   Section        2  handlers.o(i.__scatterload_null)
    i.__scatterload_zeroinit                 0x08000f7c   Section       14  handlers.o(i.__scatterload_zeroinit)
    i._printf_core                           0x08000f8a   Section        0  printf2.o(i._printf_core)
    _printf_core                             0x08000f8b   Thumb Code   214  printf2.o(i._printf_core)
    i.fmc_wscnt_set                          0x08001060   Section        0  gd32f4xx_fmc.o(i.fmc_wscnt_set)
    i.fputc                                  0x08001078   Section        0  uart0.o(i.fputc)
    i.gpio_af_set                            0x0800109c   Section        0  gd32f4xx_gpio.o(i.gpio_af_set)
    i.gpio_bit_reset                         0x080010fa   Section        0  gd32f4xx_gpio.o(i.gpio_bit_reset)
    i.gpio_bit_set                           0x080010fe   Section        0  gd32f4xx_gpio.o(i.gpio_bit_set)
    i.gpio_bit_write                         0x08001102   Section        0  gd32f4xx_gpio.o(i.gpio_bit_write)
    i.gpio_input_bit_get                     0x0800110c   Section        0  gd32f4xx_gpio.o(i.gpio_input_bit_get)
    i.gpio_mode_set                          0x0800111c   Section        0  gd32f4xx_gpio.o(i.gpio_mode_set)
    i.gpio_output_bit_get                    0x0800116a   Section        0  gd32f4xx_gpio.o(i.gpio_output_bit_get)
    i.gpio_output_options_set                0x0800117a   Section        0  gd32f4xx_gpio.o(i.gpio_output_options_set)
    i.main                                   0x080011bc   Section        0  main.o(i.main)
    i.nvic_irq_enable                        0x08001224   Section        0  gd32f4xx_misc.o(i.nvic_irq_enable)
    i.nvic_priority_group_set                0x080012e8   Section        0  gd32f4xx_misc.o(i.nvic_priority_group_set)
    i.rcu_ahb_clock_config                   0x080012fc   Section        0  gd32f4xx_rcu.o(i.rcu_ahb_clock_config)
    i.rcu_apb1_clock_config                  0x08001314   Section        0  gd32f4xx_rcu.o(i.rcu_apb1_clock_config)
    i.rcu_apb2_clock_config                  0x0800132c   Section        0  gd32f4xx_rcu.o(i.rcu_apb2_clock_config)
    i.rcu_clock_freq_get                     0x08001344   Section        0  gd32f4xx_rcu.o(i.rcu_clock_freq_get)
    i.rcu_deinit                             0x08001468   Section        0  gd32f4xx_rcu.o(i.rcu_deinit)
    i.rcu_flag_get                           0x080014f4   Section        0  gd32f4xx_rcu.o(i.rcu_flag_get)
    i.rcu_osci_on                            0x08001518   Section        0  gd32f4xx_rcu.o(i.rcu_osci_on)
    i.rcu_osci_stab_wait                     0x0800153c   Section        0  gd32f4xx_rcu.o(i.rcu_osci_stab_wait)
    i.rcu_periph_clock_enable                0x08001698   Section        0  gd32f4xx_rcu.o(i.rcu_periph_clock_enable)
    i.rcu_periph_reset_disable               0x080016bc   Section        0  gd32f4xx_rcu.o(i.rcu_periph_reset_disable)
    i.rcu_periph_reset_enable                0x080016e0   Section        0  gd32f4xx_rcu.o(i.rcu_periph_reset_enable)
    i.rcu_pll_config                         0x08001704   Section        0  gd32f4xx_rcu.o(i.rcu_pll_config)
    i.rcu_system_clock_source_config         0x08001788   Section        0  gd32f4xx_rcu.o(i.rcu_system_clock_source_config)
    i.rcu_system_clock_source_get            0x080017a0   Section        0  gd32f4xx_rcu.o(i.rcu_system_clock_source_get)
    i.rcu_timer_clock_prescaler_config       0x080017b0   Section        0  gd32f4xx_rcu.o(i.rcu_timer_clock_prescaler_config)
    i.system_clock_240m_25m_hxtal            0x080017d4   Section        0  system_gd32f4xx.o(i.system_clock_240m_25m_hxtal)
    system_clock_240m_25m_hxtal              0x080017d5   Thumb Code   240  system_gd32f4xx.o(i.system_clock_240m_25m_hxtal)
    i.system_clock_config                    0x080018d0   Section        0  system_gd32f4xx.o(i.system_clock_config)
    system_clock_config                      0x080018d1   Thumb Code     8  system_gd32f4xx.o(i.system_clock_config)
    i.timer_deinit                           0x080018d8   Section        0  gd32f4xx_timer.o(i.timer_deinit)
    i.timer_enable                           0x08001a5c   Section        0  gd32f4xx_timer.o(i.timer_enable)
    i.timer_init                             0x08001a68   Section        0  gd32f4xx_timer.o(i.timer_init)
    i.timer_interrupt_enable                 0x08001b00   Section        0  gd32f4xx_timer.o(i.timer_interrupt_enable)
    i.timer_interrupt_flag_clear             0x08001b08   Section        0  gd32f4xx_timer.o(i.timer_interrupt_flag_clear)
    i.timer_interrupt_flag_get               0x08001b0e   Section        0  gd32f4xx_timer.o(i.timer_interrupt_flag_get)
    i.timer_struct_para_init                 0x08001b26   Section        0  gd32f4xx_timer.o(i.timer_struct_para_init)
    i.usart_baudrate_set                     0x08001b3c   Section        0  gd32f4xx_usart.o(i.usart_baudrate_set)
    i.usart_data_receive                     0x08001c24   Section        0  gd32f4xx_usart.o(i.usart_data_receive)
    i.usart_data_transmit                    0x08001c2e   Section        0  gd32f4xx_usart.o(i.usart_data_transmit)
    i.usart_deinit                           0x08001c38   Section        0  gd32f4xx_usart.o(i.usart_deinit)
    i.usart_enable                           0x08001d14   Section        0  gd32f4xx_usart.o(i.usart_enable)
    i.usart_flag_get                         0x08001d1e   Section        0  gd32f4xx_usart.o(i.usart_flag_get)
    i.usart_interrupt_disable                0x08001d3c   Section        0  gd32f4xx_usart.o(i.usart_interrupt_disable)
    i.usart_interrupt_enable                 0x08001d56   Section        0  gd32f4xx_usart.o(i.usart_interrupt_enable)
    i.usart_interrupt_flag_clear             0x08001d70   Section        0  gd32f4xx_usart.o(i.usart_interrupt_flag_clear)
    i.usart_interrupt_flag_get               0x08001d8a   Section        0  gd32f4xx_usart.o(i.usart_interrupt_flag_get)
    i.usart_parity_config                    0x08001dc2   Section        0  gd32f4xx_usart.o(i.usart_parity_config)
    i.usart_receive_config                   0x08001dd2   Section        0  gd32f4xx_usart.o(i.usart_receive_config)
    i.usart_stop_bit_set                     0x08001de2   Section        0  gd32f4xx_usart.o(i.usart_stop_bit_set)
    i.usart_transmit_config                  0x08001df2   Section        0  gd32f4xx_usart.o(i.usart_transmit_config)
    i.usart_word_length_set                  0x08001e02   Section        0  gd32f4xx_usart.o(i.usart_word_length_set)
    .data                                    0x20000000   Section        2  main.o(.data)
    s_iCnt5                                  0x20000000   Data           2  main.o(.data)
    .data                                    0x20000002   Section        2  led.o(.data)
    s_iCnt                                   0x20000002   Data           2  led.o(.data)
    .data                                    0x20000004   Section        9  keyone.o(.data)
    s_arrKeyDownLevel                        0x20000004   Data           3  keyone.o(.data)
    s_arrKeyVal                              0x20000007   Data           3  keyone.o(.data)
    s_arrKeyFlag                             0x2000000a   Data           3  keyone.o(.data)
    .data                                    0x2000000d   Section       24  prockeyone.o(.data)
    pBuffer1                                 0x2000000d   Data          13  prockeyone.o(.data)
    pBuffer2                                 0x2000001a   Data          11  prockeyone.o(.data)
    .data                                    0x20000026   Section        6  timer.o(.data)
    s_i2msFlag                               0x20000026   Data           1  timer.o(.data)
    s_i1secFlag                              0x20000027   Data           1  timer.o(.data)
    s_iCnt2                                  0x20000028   Data           2  timer.o(.data)
    s_iCnt1000                               0x2000002a   Data           2  timer.o(.data)
    .data                                    0x2000002c   Section        1  uart0.o(.data)
    s_iUARTTxSts                             0x2000002c   Data           1  uart0.o(.data)
    .data                                    0x20000030   Section        4  systick.o(.data)
    s_iTimDelayCnt                           0x20000030   Data           4  systick.o(.data)
    .data                                    0x20000034   Section        4  system_gd32f4xx.o(.data)
    .data                                    0x20000038   Section        4  stdout.o(.data)
    .bss                                     0x2000003c   Section       13  prockeyone.o(.bss)
    pBuffer3                                 0x2000003c   Data          13  prockeyone.o(.bss)
    .bss                                     0x2000004c   Section     1048  uart0.o(.bss)
    s_structUARTSendCirQue                   0x2000004c   Data          12  uart0.o(.bss)
    s_structUARTRecCirQue                    0x20000058   Data          12  uart0.o(.bss)
    s_arrSendBuf                             0x20000064   Data         512  uart0.o(.bss)
    s_arrRecBuf                              0x20000264   Data         512  uart0.o(.bss)
    STACK                                    0x20000468   Section     1024  startup_gd32f450_470.o(STACK)

    Global Symbols

    Symbol Name                              Value     Ov Type        Size  Object(Section)

    BuildAttributes$$THM_ISAv4$E$P$D$K$B$S$7EM$VFPi3$EXTD16$VFPS$VFMA$PE$A:L22UL41UL21$X:L11$S22US41US21$IEEE1$IW$USESV6$~STKCKD$USESV7$~SHL$OSPACE$ROPI$EBA8$MICROLIB$REQ8$PRES8$EABIv2 0x00000000   Number         0  anon$$obj.o ABSOLUTE
    __ARM_use_no_argv                        0x00000000   Number         0  main.o ABSOLUTE
    _printf_a                                0x00000000   Number         0  stubs.o ABSOLUTE
    _printf_c                                0x00000000   Number         0  stubs.o ABSOLUTE
    _printf_charcount                        0x00000000   Number         0  stubs.o ABSOLUTE
    _printf_d                                0x00000000   Number         0  stubs.o ABSOLUTE
    _printf_e                                0x00000000   Number         0  stubs.o ABSOLUTE
    _printf_f                                0x00000000   Number         0  stubs.o ABSOLUTE
    _printf_flags                            0x00000000   Number         0  stubs.o ABSOLUTE
    _printf_fp_dec                           0x00000000   Number         0  stubs.o ABSOLUTE
    _printf_fp_hex                           0x00000000   Number         0  stubs.o ABSOLUTE
    _printf_g                                0x00000000   Number         0  stubs.o ABSOLUTE
    _printf_i                                0x00000000   Number         0  stubs.o ABSOLUTE
    _printf_int_dec                          0x00000000   Number         0  stubs.o ABSOLUTE
    _printf_l                                0x00000000   Number         0  stubs.o ABSOLUTE
    _printf_lc                               0x00000000   Number         0  stubs.o ABSOLUTE
    _printf_ll                               0x00000000   Number         0  stubs.o ABSOLUTE
    _printf_lld                              0x00000000   Number         0  stubs.o ABSOLUTE
    _printf_lli                              0x00000000   Number         0  stubs.o ABSOLUTE
    _printf_llo                              0x00000000   Number         0  stubs.o ABSOLUTE
    _printf_llu                              0x00000000   Number         0  stubs.o ABSOLUTE
    _printf_llx                              0x00000000   Number         0  stubs.o ABSOLUTE
    _printf_longlong_dec                     0x00000000   Number         0  stubs.o ABSOLUTE
    _printf_longlong_hex                     0x00000000   Number         0  stubs.o ABSOLUTE
    _printf_longlong_oct                     0x00000000   Number         0  stubs.o ABSOLUTE
    _printf_ls                               0x00000000   Number         0  stubs.o ABSOLUTE
    _printf_mbtowc                           0x00000000   Number         0  stubs.o ABSOLUTE
    _printf_n                                0x00000000   Number         0  stubs.o ABSOLUTE
    _printf_o                                0x00000000   Number         0  stubs.o ABSOLUTE
    _printf_p                                0x00000000   Number         0  stubs.o ABSOLUTE
    _printf_percent                          0x00000000   Number         0  stubs.o ABSOLUTE
    _printf_pre_padding                      0x00000000   Number         0  stubs.o ABSOLUTE
    _printf_return_value                     0x00000000   Number         0  stubs.o ABSOLUTE
    _printf_s                                0x00000000   Number         0  stubs.o ABSOLUTE
    _printf_sizespec                         0x00000000   Number         0  stubs.o ABSOLUTE
    _printf_str                              0x00000000   Number         0  stubs.o ABSOLUTE
    _printf_truncate_signed                  0x00000000   Number         0  stubs.o ABSOLUTE
    _printf_truncate_unsigned                0x00000000   Number         0  stubs.o ABSOLUTE
    _printf_u                                0x00000000   Number         0  stubs.o ABSOLUTE
    _printf_wc                               0x00000000   Number         0  stubs.o ABSOLUTE
    _printf_wctomb                           0x00000000   Number         0  stubs.o ABSOLUTE
    _printf_widthprec                        0x00000000   Number         0  stubs.o ABSOLUTE
    _printf_x                                0x00000000   Number         0  stubs.o ABSOLUTE
    __cpp_initialize__aeabi_                  - Undefined Weak Reference
    __cxa_finalize                            - Undefined Weak Reference
    __decompress                              - Undefined Weak Reference
    _clock_init                               - Undefined Weak Reference
    _microlib_exit                            - Undefined Weak Reference
    __Vectors_Size                           0x000001ac   Number         0  startup_gd32f450_470.o ABSOLUTE
    __Vectors                                0x08000000   Data           4  startup_gd32f450_470.o(RESET)
    __Vectors_End                            0x080001ac   Data           0  startup_gd32f450_470.o(RESET)
    __main                                   0x080001ad   Thumb Code     0  entry.o(.ARM.Collect$$$$00000000)
    _main_stk                                0x080001ad   Thumb Code     0  entry2.o(.ARM.Collect$$$$00000001)
    _main_scatterload                        0x080001b1   Thumb Code     0  entry5.o(.ARM.Collect$$$$00000004)
    __main_after_scatterload                 0x080001b5   Thumb Code     0  entry5.o(.ARM.Collect$$$$00000004)
    _main_clock                              0x080001b5   Thumb Code     0  entry7b.o(.ARM.Collect$$$$00000008)
    _main_cpp_init                           0x080001b5   Thumb Code     0  entry8b.o(.ARM.Collect$$$$0000000A)
    _main_init                               0x080001b5   Thumb Code     0  entry9a.o(.ARM.Collect$$$$0000000B)
    __rt_final_cpp                           0x080001bd   Thumb Code     0  entry10a.o(.ARM.Collect$$$$0000000D)
    __rt_final_exit                          0x080001bd   Thumb Code     0  entry11a.o(.ARM.Collect$$$$0000000F)
    Reset_Handler                            0x080001c1   Thumb Code     8  startup_gd32f450_470.o(.text)
    ADC_IRQHandler                           0x080001db   Thumb Code     0  startup_gd32f450_470.o(.text)
    CAN0_EWMC_IRQHandler                     0x080001db   Thumb Code     0  startup_gd32f450_470.o(.text)
    CAN0_RX0_IRQHandler                      0x080001db   Thumb Code     0  startup_gd32f450_470.o(.text)
    CAN0_RX1_IRQHandler                      0x080001db   Thumb Code     0  startup_gd32f450_470.o(.text)
    CAN0_TX_IRQHandler                       0x080001db   Thumb Code     0  startup_gd32f450_470.o(.text)
    CAN1_EWMC_IRQHandler                     0x080001db   Thumb Code     0  startup_gd32f450_470.o(.text)
    CAN1_RX0_IRQHandler                      0x080001db   Thumb Code     0  startup_gd32f450_470.o(.text)
    CAN1_RX1_IRQHandler                      0x080001db   Thumb Code     0  startup_gd32f450_470.o(.text)
    CAN1_TX_IRQHandler                       0x080001db   Thumb Code     0  startup_gd32f450_470.o(.text)
    DCI_IRQHandler                           0x080001db   Thumb Code     0  startup_gd32f450_470.o(.text)
    DMA0_Channel0_IRQHandler                 0x080001db   Thumb Code     0  startup_gd32f450_470.o(.text)
    DMA0_Channel1_IRQHandler                 0x080001db   Thumb Code     0  startup_gd32f450_470.o(.text)
    DMA0_Channel2_IRQHandler                 0x080001db   Thumb Code     0  startup_gd32f450_470.o(.text)
    DMA0_Channel3_IRQHandler                 0x080001db   Thumb Code     0  startup_gd32f450_470.o(.text)
    DMA0_Channel4_IRQHandler                 0x080001db   Thumb Code     0  startup_gd32f450_470.o(.text)
    DMA0_Channel5_IRQHandler                 0x080001db   Thumb Code     0  startup_gd32f450_470.o(.text)
    DMA0_Channel6_IRQHandler                 0x080001db   Thumb Code     0  startup_gd32f450_470.o(.text)
    DMA0_Channel7_IRQHandler                 0x080001db   Thumb Code     0  startup_gd32f450_470.o(.text)
    DMA1_Channel0_IRQHandler                 0x080001db   Thumb Code     0  startup_gd32f450_470.o(.text)
    DMA1_Channel1_IRQHandler                 0x080001db   Thumb Code     0  startup_gd32f450_470.o(.text)
    DMA1_Channel2_IRQHandler                 0x080001db   Thumb Code     0  startup_gd32f450_470.o(.text)
    DMA1_Channel3_IRQHandler                 0x080001db   Thumb Code     0  startup_gd32f450_470.o(.text)
    DMA1_Channel4_IRQHandler                 0x080001db   Thumb Code     0  startup_gd32f450_470.o(.text)
    DMA1_Channel5_IRQHandler                 0x080001db   Thumb Code     0  startup_gd32f450_470.o(.text)
    DMA1_Channel6_IRQHandler                 0x080001db   Thumb Code     0  startup_gd32f450_470.o(.text)
    DMA1_Channel7_IRQHandler                 0x080001db   Thumb Code     0  startup_gd32f450_470.o(.text)
    ENET_IRQHandler                          0x080001db   Thumb Code     0  startup_gd32f450_470.o(.text)
    ENET_WKUP_IRQHandler                     0x080001db   Thumb Code     0  startup_gd32f450_470.o(.text)
    EXMC_IRQHandler                          0x080001db   Thumb Code     0  startup_gd32f450_470.o(.text)
    EXTI0_IRQHandler                         0x080001db   Thumb Code     0  startup_gd32f450_470.o(.text)
    EXTI10_15_IRQHandler                     0x080001db   Thumb Code     0  startup_gd32f450_470.o(.text)
    EXTI1_IRQHandler                         0x080001db   Thumb Code     0  startup_gd32f450_470.o(.text)
    EXTI2_IRQHandler                         0x080001db   Thumb Code     0  startup_gd32f450_470.o(.text)
    EXTI3_IRQHandler                         0x080001db   Thumb Code     0  startup_gd32f450_470.o(.text)
    EXTI4_IRQHandler                         0x080001db   Thumb Code     0  startup_gd32f450_470.o(.text)
    EXTI5_9_IRQHandler                       0x080001db   Thumb Code     0  startup_gd32f450_470.o(.text)
    FMC_IRQHandler                           0x080001db   Thumb Code     0  startup_gd32f450_470.o(.text)
    FPU_IRQHandler                           0x080001db   Thumb Code     0  startup_gd32f450_470.o(.text)
    I2C0_ER_IRQHandler                       0x080001db   Thumb Code     0  startup_gd32f450_470.o(.text)
    I2C0_EV_IRQHandler                       0x080001db   Thumb Code     0  startup_gd32f450_470.o(.text)
    I2C1_ER_IRQHandler                       0x080001db   Thumb Code     0  startup_gd32f450_470.o(.text)
    I2C1_EV_IRQHandler                       0x080001db   Thumb Code     0  startup_gd32f450_470.o(.text)
    I2C2_ER_IRQHandler                       0x080001db   Thumb Code     0  startup_gd32f450_470.o(.text)
    I2C2_EV_IRQHandler                       0x080001db   Thumb Code     0  startup_gd32f450_470.o(.text)
    IPA_IRQHandler                           0x080001db   Thumb Code     0  startup_gd32f450_470.o(.text)
    LVD_IRQHandler                           0x080001db   Thumb Code     0  startup_gd32f450_470.o(.text)
    RCU_CTC_IRQHandler                       0x080001db   Thumb Code     0  startup_gd32f450_470.o(.text)
    RTC_Alarm_IRQHandler                     0x080001db   Thumb Code     0  startup_gd32f450_470.o(.text)
    RTC_WKUP_IRQHandler                      0x080001db   Thumb Code     0  startup_gd32f450_470.o(.text)
    SDIO_IRQHandler                          0x080001db   Thumb Code     0  startup_gd32f450_470.o(.text)
    SPI0_IRQHandler                          0x080001db   Thumb Code     0  startup_gd32f450_470.o(.text)
    SPI1_IRQHandler                          0x080001db   Thumb Code     0  startup_gd32f450_470.o(.text)
    SPI2_IRQHandler                          0x080001db   Thumb Code     0  startup_gd32f450_470.o(.text)
    SPI3_IRQHandler                          0x080001db   Thumb Code     0  startup_gd32f450_470.o(.text)
    SPI4_IRQHandler                          0x080001db   Thumb Code     0  startup_gd32f450_470.o(.text)
    SPI5_IRQHandler                          0x080001db   Thumb Code     0  startup_gd32f450_470.o(.text)
    TAMPER_STAMP_IRQHandler                  0x080001db   Thumb Code     0  startup_gd32f450_470.o(.text)
    TIMER0_BRK_TIMER8_IRQHandler             0x080001db   Thumb Code     0  startup_gd32f450_470.o(.text)
    TIMER0_Channel_IRQHandler                0x080001db   Thumb Code     0  startup_gd32f450_470.o(.text)
    TIMER0_TRG_CMT_TIMER10_IRQHandler        0x080001db   Thumb Code     0  startup_gd32f450_470.o(.text)
    TIMER0_UP_TIMER9_IRQHandler              0x080001db   Thumb Code     0  startup_gd32f450_470.o(.text)
    TIMER2_IRQHandler                        0x080001db   Thumb Code     0  startup_gd32f450_470.o(.text)
    TIMER3_IRQHandler                        0x080001db   Thumb Code     0  startup_gd32f450_470.o(.text)
    TIMER5_DAC_IRQHandler                    0x080001db   Thumb Code     0  startup_gd32f450_470.o(.text)
    TIMER6_IRQHandler                        0x080001db   Thumb Code     0  startup_gd32f450_470.o(.text)
    TIMER7_BRK_TIMER11_IRQHandler            0x080001db   Thumb Code     0  startup_gd32f450_470.o(.text)
    TIMER7_Channel_IRQHandler                0x080001db   Thumb Code     0  startup_gd32f450_470.o(.text)
    TIMER7_TRG_CMT_TIMER13_IRQHandler        0x080001db   Thumb Code     0  startup_gd32f450_470.o(.text)
    TIMER7_UP_TIMER12_IRQHandler             0x080001db   Thumb Code     0  startup_gd32f450_470.o(.text)
    TLI_ER_IRQHandler                        0x080001db   Thumb Code     0  startup_gd32f450_470.o(.text)
    TLI_IRQHandler                           0x080001db   Thumb Code     0  startup_gd32f450_470.o(.text)
    TRNG_IRQHandler                          0x080001db   Thumb Code     0  startup_gd32f450_470.o(.text)
    UART3_IRQHandler                         0x080001db   Thumb Code     0  startup_gd32f450_470.o(.text)
    UART4_IRQHandler                         0x080001db   Thumb Code     0  startup_gd32f450_470.o(.text)
    UART6_IRQHandler                         0x080001db   Thumb Code     0  startup_gd32f450_470.o(.text)
    UART7_IRQHandler                         0x080001db   Thumb Code     0  startup_gd32f450_470.o(.text)
    USART1_IRQHandler                        0x080001db   Thumb Code     0  startup_gd32f450_470.o(.text)
    USART2_IRQHandler                        0x080001db   Thumb Code     0  startup_gd32f450_470.o(.text)
    USART5_IRQHandler                        0x080001db   Thumb Code     0  startup_gd32f450_470.o(.text)
    USBFS_IRQHandler                         0x080001db   Thumb Code     0  startup_gd32f450_470.o(.text)
    USBFS_WKUP_IRQHandler                    0x080001db   Thumb Code     0  startup_gd32f450_470.o(.text)
    USBHS_EP1_In_IRQHandler                  0x080001db   Thumb Code     0  startup_gd32f450_470.o(.text)
    USBHS_EP1_Out_IRQHandler                 0x080001db   Thumb Code     0  startup_gd32f450_470.o(.text)
    USBHS_IRQHandler                         0x080001db   Thumb Code     0  startup_gd32f450_470.o(.text)
    USBHS_WKUP_IRQHandler                    0x080001db   Thumb Code     0  startup_gd32f450_470.o(.text)
    WWDGT_IRQHandler                         0x080001db   Thumb Code     0  startup_gd32f450_470.o(.text)
    __scatterload                            0x080001e5   Thumb Code    28  init.o(.text)
    __scatterload_rt2                        0x080001e5   Thumb Code     0  init.o(.text)
    AT24CxxRead                              0x08000209   Thumb Code    34  at24cxx.o(i.AT24CxxRead)
    AT24CxxWrite                             0x08000283   Thumb Code    34  at24cxx.o(i.AT24CxxWrite)
    BusFault_Handler                         0x080002f5   Thumb Code     4  gd32f4xx_it.o(i.BusFault_Handler)
    CheckAT24Cxx                             0x080002f9   Thumb Code    48  at24cxx.o(i.CheckAT24Cxx)
    Clr1SecFlag                              0x08000329   Thumb Code     8  timer.o(i.Clr1SecFlag)
    Clr2msFlag                               0x08000335   Thumb Code     8  timer.o(i.Clr2msFlag)
    DeQueue                                  0x08000631   Thumb Code    68  queue.o(i.DeQueue)
    DebugMon_Handler                         0x08000675   Thumb Code     2  gd32f4xx_it.o(i.DebugMon_Handler)
    DelayNms                                 0x08000679   Thumb Code    32  systick.o(i.DelayNms)
    DelayNus                                 0x0800069d   Thumb Code    26  systick.o(i.DelayNus)
    EnQueue                                  0x080006b7   Thumb Code    72  queue.o(i.EnQueue)
    GenI2CStartSig                           0x08000701   Thumb Code    52  i2c.o(i.GenI2CStartSig)
    GenI2CStopSig                            0x08000739   Thumb Code    52  i2c.o(i.GenI2CStopSig)
    Get1SecFlag                              0x08000771   Thumb Code     6  timer.o(i.Get1SecFlag)
    Get2msFlag                               0x0800077d   Thumb Code     6  timer.o(i.Get2msFlag)
    HardFault_Handler                        0x08000789   Thumb Code     4  gd32f4xx_it.o(i.HardFault_Handler)
    I2CReadByte                              0x0800078d   Thumb Code    86  i2c.o(i.I2CReadByte)
    I2CSendByte                              0x080007e9   Thumb Code    90  i2c.o(i.I2CSendByte)
    I2CWaitAck                               0x08000849   Thumb Code    64  i2c.o(i.I2CWaitAck)
    InitAT24Cxx                              0x0800088d   Thumb Code     8  at24cxx.o(i.InitAT24Cxx)
    InitI2C                                  0x080008c1   Thumb Code     8  i2c.o(i.InitI2C)
    InitKeyOne                               0x080008c9   Thumb Code    20  keyone.o(i.InitKeyOne)
    InitLED                                  0x080008e1   Thumb Code     8  led.o(i.InitLED)
    InitNVIC                                 0x080008e9   Thumb Code     8  nvic.o(i.InitNVIC)
    InitProcKeyOne                           0x080008f1   Thumb Code     2  prockeyone.o(i.InitProcKeyOne)
    InitQueue                                0x080008f3   Thumb Code    36  queue.o(i.InitQueue)
    InitRCU                                  0x08000917   Thumb Code     8  rcu.o(i.InitRCU)
    InitSysTick                              0x08000929   Thumb Code    90  systick.o(i.InitSysTick)
    InitTimer                                0x08000991   Thumb Code    24  timer.o(i.InitTimer)
    InitUART0                                0x080009a9   Thumb Code    16  uart0.o(i.InitUART0)
    LEDFlicker                               0x080009fd   Thumb Code    80  led.o(i.LEDFlicker)
    MemManage_Handler                        0x08000a59   Thumb Code     4  gd32f4xx_it.o(i.MemManage_Handler)
    NMI_Handler                              0x08000a5d   Thumb Code     2  gd32f4xx_it.o(i.NMI_Handler)
    PendSV_Handler                           0x08000a5f   Thumb Code     2  gd32f4xx_it.o(i.PendSV_Handler)
    ProcKeyDownKey1                          0x08000add   Thumb Code    22  prockeyone.o(i.ProcKeyDownKey1)
    ProcKeyDownKey2                          0x08000b15   Thumb Code    22  prockeyone.o(i.ProcKeyDownKey2)
    ProcKeyDownKey3                          0x08000b4d   Thumb Code    22  prockeyone.o(i.ProcKeyDownKey3)
    ProcKeyUpKey1                            0x08000b81   Thumb Code     2  prockeyone.o(i.ProcKeyUpKey1)
    ProcKeyUpKey2                            0x08000b83   Thumb Code     2  prockeyone.o(i.ProcKeyUpKey2)
    ProcKeyUpKey3                            0x08000b85   Thumb Code     2  prockeyone.o(i.ProcKeyUpKey3)
    QueueEmpty                               0x08000b87   Thumb Code    14  queue.o(i.QueueEmpty)
    SVC_Handler                              0x08000bb1   Thumb Code     2  gd32f4xx_it.o(i.SVC_Handler)
    ScanKeyOne                               0x08000bb5   Thumb Code   158  keyone.o(i.ScanKeyOne)
    SendI2CAck                               0x08000c6d   Thumb Code    52  i2c.o(i.SendI2CAck)
    SendI2CNAck                              0x08000ca5   Thumb Code    52  i2c.o(i.SendI2CNAck)
    SysTick_Handler                          0x08000d11   Thumb Code     8  systick.o(i.SysTick_Handler)
    SystemInit                               0x08000d19   Thumb Code   184  system_gd32f4xx.o(i.SystemInit)
    TIMER1_IRQHandler                        0x08000de1   Thumb Code    52  timer.o(i.TIMER1_IRQHandler)
    TIMER4_IRQHandler                        0x08000e1d   Thumb Code    58  timer.o(i.TIMER4_IRQHandler)
    USART0_IRQHandler                        0x08000e7d   Thumb Code   152  uart0.o(i.USART0_IRQHandler)
    UsageFault_Handler                       0x08000f31   Thumb Code     4  gd32f4xx_it.o(i.UsageFault_Handler)
    __0printf$2                              0x08000f4d   Thumb Code    22  printf2.o(i.__0printf$2)
    __1printf$2                              0x08000f4d   Thumb Code     0  printf2.o(i.__0printf$2)
    __2printf                                0x08000f4d   Thumb Code     0  printf2.o(i.__0printf$2)
    __scatterload_copy                       0x08000f6d   Thumb Code    14  handlers.o(i.__scatterload_copy)
    __scatterload_null                       0x08000f7b   Thumb Code     2  handlers.o(i.__scatterload_null)
    __scatterload_zeroinit                   0x08000f7d   Thumb Code    14  handlers.o(i.__scatterload_zeroinit)
    fmc_wscnt_set                            0x08001061   Thumb Code    18  gd32f4xx_fmc.o(i.fmc_wscnt_set)
    fputc                                    0x08001079   Thumb Code    32  uart0.o(i.fputc)
    gpio_af_set                              0x0800109d   Thumb Code    94  gd32f4xx_gpio.o(i.gpio_af_set)
    gpio_bit_reset                           0x080010fb   Thumb Code     4  gd32f4xx_gpio.o(i.gpio_bit_reset)
    gpio_bit_set                             0x080010ff   Thumb Code     4  gd32f4xx_gpio.o(i.gpio_bit_set)
    gpio_bit_write                           0x08001103   Thumb Code    10  gd32f4xx_gpio.o(i.gpio_bit_write)
    gpio_input_bit_get                       0x0800110d   Thumb Code    16  gd32f4xx_gpio.o(i.gpio_input_bit_get)
    gpio_mode_set                            0x0800111d   Thumb Code    78  gd32f4xx_gpio.o(i.gpio_mode_set)
    gpio_output_bit_get                      0x0800116b   Thumb Code    16  gd32f4xx_gpio.o(i.gpio_output_bit_get)
    gpio_output_options_set                  0x0800117b   Thumb Code    66  gd32f4xx_gpio.o(i.gpio_output_options_set)
    main                                     0x080011bd   Thumb Code    42  main.o(i.main)
    nvic_irq_enable                          0x08001225   Thumb Code   186  gd32f4xx_misc.o(i.nvic_irq_enable)
    nvic_priority_group_set                  0x080012e9   Thumb Code    10  gd32f4xx_misc.o(i.nvic_priority_group_set)
    rcu_ahb_clock_config                     0x080012fd   Thumb Code    18  gd32f4xx_rcu.o(i.rcu_ahb_clock_config)
    rcu_apb1_clock_config                    0x08001315   Thumb Code    18  gd32f4xx_rcu.o(i.rcu_apb1_clock_config)
    rcu_apb2_clock_config                    0x0800132d   Thumb Code    18  gd32f4xx_rcu.o(i.rcu_apb2_clock_config)
    rcu_clock_freq_get                       0x08001345   Thumb Code   264  gd32f4xx_rcu.o(i.rcu_clock_freq_get)
    rcu_deinit                               0x08001469   Thumb Code   122  gd32f4xx_rcu.o(i.rcu_deinit)
    rcu_flag_get                             0x080014f5   Thumb Code    32  gd32f4xx_rcu.o(i.rcu_flag_get)
    rcu_osci_on                              0x08001519   Thumb Code    32  gd32f4xx_rcu.o(i.rcu_osci_on)
    rcu_osci_stab_wait                       0x0800153d   Thumb Code   342  gd32f4xx_rcu.o(i.rcu_osci_stab_wait)
    rcu_periph_clock_enable                  0x08001699   Thumb Code    32  gd32f4xx_rcu.o(i.rcu_periph_clock_enable)
    rcu_periph_reset_disable                 0x080016bd   Thumb Code    32  gd32f4xx_rcu.o(i.rcu_periph_reset_disable)
    rcu_periph_reset_enable                  0x080016e1   Thumb Code    32  gd32f4xx_rcu.o(i.rcu_periph_reset_enable)
    rcu_pll_config                           0x08001705   Thumb Code   128  gd32f4xx_rcu.o(i.rcu_pll_config)
    rcu_system_clock_source_config           0x08001789   Thumb Code    18  gd32f4xx_rcu.o(i.rcu_system_clock_source_config)
    rcu_system_clock_source_get              0x080017a1   Thumb Code    10  gd32f4xx_rcu.o(i.rcu_system_clock_source_get)
    rcu_timer_clock_prescaler_config         0x080017b1   Thumb Code    32  gd32f4xx_rcu.o(i.rcu_timer_clock_prescaler_config)
    timer_deinit                             0x080018d9   Thumb Code   374  gd32f4xx_timer.o(i.timer_deinit)
    timer_enable                             0x08001a5d   Thumb Code    10  gd32f4xx_timer.o(i.timer_enable)
    timer_init                               0x08001a69   Thumb Code   122  gd32f4xx_timer.o(i.timer_init)
    timer_interrupt_enable                   0x08001b01   Thumb Code     8  gd32f4xx_timer.o(i.timer_interrupt_enable)
    timer_interrupt_flag_clear               0x08001b09   Thumb Code     6  gd32f4xx_timer.o(i.timer_interrupt_flag_clear)
    timer_interrupt_flag_get                 0x08001b0f   Thumb Code    24  gd32f4xx_timer.o(i.timer_interrupt_flag_get)
    timer_struct_para_init                   0x08001b27   Thumb Code    22  gd32f4xx_timer.o(i.timer_struct_para_init)
    usart_baudrate_set                       0x08001b3d   Thumb Code   224  gd32f4xx_usart.o(i.usart_baudrate_set)
    usart_data_receive                       0x08001c25   Thumb Code    10  gd32f4xx_usart.o(i.usart_data_receive)
    usart_data_transmit                      0x08001c2f   Thumb Code     8  gd32f4xx_usart.o(i.usart_data_transmit)
    usart_deinit                             0x08001c39   Thumb Code   210  gd32f4xx_usart.o(i.usart_deinit)
    usart_enable                             0x08001d15   Thumb Code    10  gd32f4xx_usart.o(i.usart_enable)
    usart_flag_get                           0x08001d1f   Thumb Code    30  gd32f4xx_usart.o(i.usart_flag_get)
    usart_interrupt_disable                  0x08001d3d   Thumb Code    26  gd32f4xx_usart.o(i.usart_interrupt_disable)
    usart_interrupt_enable                   0x08001d57   Thumb Code    26  gd32f4xx_usart.o(i.usart_interrupt_enable)
    usart_interrupt_flag_clear               0x08001d71   Thumb Code    26  gd32f4xx_usart.o(i.usart_interrupt_flag_clear)
    usart_interrupt_flag_get                 0x08001d8b   Thumb Code    56  gd32f4xx_usart.o(i.usart_interrupt_flag_get)
    usart_parity_config                      0x08001dc3   Thumb Code    16  gd32f4xx_usart.o(i.usart_parity_config)
    usart_receive_config                     0x08001dd3   Thumb Code    16  gd32f4xx_usart.o(i.usart_receive_config)
    usart_stop_bit_set                       0x08001de3   Thumb Code    16  gd32f4xx_usart.o(i.usart_stop_bit_set)
    usart_transmit_config                    0x08001df3   Thumb Code    16  gd32f4xx_usart.o(i.usart_transmit_config)
    usart_word_length_set                    0x08001e03   Thumb Code    16  gd32f4xx_usart.o(i.usart_word_length_set)
    Region$$Table$$Base                      0x08001e14   Number         0  anon$$obj.o(Region$$Table)
    Region$$Table$$Limit                     0x08001e34   Number         0  anon$$obj.o(Region$$Table)
    SystemCoreClock                          0x20000034   Data           4  system_gd32f4xx.o(.data)
    __stdout                                 0x20000038   Data           4  stdout.o(.data)
    __initial_sp                             0x20000868   Data           0  startup_gd32f450_470.o(STACK)



==============================================================================

Memory Map of the image

  Image Entry point : 0x080001ad

  Load Region LR_IROM1 (Base: 0x08000000, Size: 0x00001e70, Max: 0x00200000, ABSOLUTE)

    Execution Region ER_IROM1 (Exec base: 0x08000000, Load base: 0x08000000, Size: 0x00001e34, Max: 0x00200000, ABSOLUTE)

    Exec Addr    Load Addr    Size         Type   Attr      Idx    E Section Name        Object

    0x08000000   0x08000000   0x000001ac   Data   RO         2618    RESET               startup_gd32f450_470.o
    0x080001ac   0x080001ac   0x00000000   Code   RO         2669  * .ARM.Collect$$$$00000000  mc_w.l(entry.o)
    0x080001ac   0x080001ac   0x00000004   Code   RO         2933    .ARM.Collect$$$$00000001  mc_w.l(entry2.o)
    0x080001b0   0x080001b0   0x00000004   Code   RO         2936    .ARM.Collect$$$$00000004  mc_w.l(entry5.o)
    0x080001b4   0x080001b4   0x00000000   Code   RO         2938    .ARM.Collect$$$$00000008  mc_w.l(entry7b.o)
    0x080001b4   0x080001b4   0x00000000   Code   RO         2940    .ARM.Collect$$$$0000000A  mc_w.l(entry8b.o)
    0x080001b4   0x080001b4   0x00000008   Code   RO         2941    .ARM.Collect$$$$0000000B  mc_w.l(entry9a.o)
    0x080001bc   0x080001bc   0x00000000   Code   RO         2943    .ARM.Collect$$$$0000000D  mc_w.l(entry10a.o)
    0x080001bc   0x080001bc   0x00000000   Code   RO         2945    .ARM.Collect$$$$0000000F  mc_w.l(entry11a.o)
    0x080001bc   0x080001bc   0x00000004   Code   RO         2934    .ARM.Collect$$$$00002712  mc_w.l(entry2.o)
    0x080001c0   0x080001c0   0x00000024   Code   RO         2619    .text               startup_gd32f450_470.o
    0x080001e4   0x080001e4   0x00000024   Code   RO         2963    .text               mc_w.l(init.o)
    0x08000208   0x08000208   0x00000022   Code   RO          339    i.AT24CxxRead       at24cxx.o
    0x0800022a   0x0800022a   0x00000058   Code   RO          340    i.AT24CxxReadOneByte  at24cxx.o
    0x08000282   0x08000282   0x00000022   Code   RO          341    i.AT24CxxWrite      at24cxx.o
    0x080002a4   0x080002a4   0x00000050   Code   RO          342    i.AT24CxxWriteOneByte  at24cxx.o
    0x080002f4   0x080002f4   0x00000004   Code   RO         2544    i.BusFault_Handler  gd32f4xx_it.o
    0x080002f8   0x080002f8   0x00000030   Code   RO          343    i.CheckAT24Cxx      at24cxx.o
    0x08000328   0x08000328   0x0000000c   Code   RO          394    i.Clr1SecFlag       timer.o
    0x08000334   0x08000334   0x0000000c   Code   RO          395    i.Clr2msFlag        timer.o
    0x08000340   0x08000340   0x00000050   Code   RO          623    i.ConfigI2CGPIO     i2c.o
    0x08000390   0x08000390   0x0000004c   Code   RO          247    i.ConfigKeyOneGPIO  keyone.o
    0x080003dc   0x080003dc   0x00000064   Code   RO          211    i.ConfigLEDGPIO     led.o
    0x08000440   0x08000440   0x0000000c   Code   RO         2462    i.ConfigNVIC        nvic.o
    0x0800044c   0x0800044c   0x0000006e   Code   RO          594    i.ConfigRCU         rcu.o
    0x080004ba   0x080004ba   0x00000052   Code   RO          396    i.ConfigTimer1      timer.o
    0x0800050c   0x0800050c   0x00000050   Code   RO          397    i.ConfigTimer4      timer.o
    0x0800055c   0x0800055c   0x000000d4   Code   RO          511    i.ConfigUART        uart0.o
    0x08000630   0x08000630   0x00000044   Code   RO          464    i.DeQueue           queue.o
    0x08000674   0x08000674   0x00000002   Code   RO         2545    i.DebugMon_Handler  gd32f4xx_it.o
    0x08000676   0x08000676   0x00000002   PAD
    0x08000678   0x08000678   0x00000024   Code   RO         2491    i.DelayNms          systick.o
    0x0800069c   0x0800069c   0x0000001a   Code   RO         2492    i.DelayNus          systick.o
    0x080006b6   0x080006b6   0x00000048   Code   RO          465    i.EnQueue           queue.o
    0x080006fe   0x080006fe   0x00000002   PAD
    0x08000700   0x08000700   0x00000038   Code   RO          624    i.GenI2CStartSig    i2c.o
    0x08000738   0x08000738   0x00000038   Code   RO          625    i.GenI2CStopSig     i2c.o
    0x08000770   0x08000770   0x0000000c   Code   RO          398    i.Get1SecFlag       timer.o
    0x0800077c   0x0800077c   0x0000000c   Code   RO          399    i.Get2msFlag        timer.o
    0x08000788   0x08000788   0x00000004   Code   RO         2546    i.HardFault_Handler  gd32f4xx_it.o
    0x0800078c   0x0800078c   0x0000005c   Code   RO          626    i.I2CReadByte       i2c.o
    0x080007e8   0x080007e8   0x00000060   Code   RO          627    i.I2CSendByte       i2c.o
    0x08000848   0x08000848   0x00000044   Code   RO          628    i.I2CWaitAck        i2c.o
    0x0800088c   0x0800088c   0x00000008   Code   RO          344    i.InitAT24Cxx       at24cxx.o
    0x08000894   0x08000894   0x0000002c   Code   RO            4    i.InitHardware      main.o
    0x080008c0   0x080008c0   0x00000008   Code   RO          629    i.InitI2C           i2c.o
    0x080008c8   0x080008c8   0x00000018   Code   RO          248    i.InitKeyOne        keyone.o
    0x080008e0   0x080008e0   0x00000008   Code   RO          212    i.InitLED           led.o
    0x080008e8   0x080008e8   0x00000008   Code   RO         2463    i.InitNVIC          nvic.o
    0x080008f0   0x080008f0   0x00000002   Code   RO          281    i.InitProcKeyOne    prockeyone.o
    0x080008f2   0x080008f2   0x00000024   Code   RO          466    i.InitQueue         queue.o
    0x08000916   0x08000916   0x00000008   Code   RO          595    i.InitRCU           rcu.o
    0x0800091e   0x0800091e   0x00000008   Code   RO            5    i.InitSoftware      main.o
    0x08000926   0x08000926   0x00000002   PAD
    0x08000928   0x08000928   0x00000068   Code   RO         2493    i.InitSysTick       systick.o
    0x08000990   0x08000990   0x00000018   Code   RO          400    i.InitTimer         timer.o
    0x080009a8   0x080009a8   0x00000010   Code   RO          513    i.InitUART0         uart0.o
    0x080009b8   0x080009b8   0x00000044   Code   RO          514    i.InitUARTBuf       uart0.o
    0x080009fc   0x080009fc   0x0000005c   Code   RO          213    i.LEDFlicker        led.o
    0x08000a58   0x08000a58   0x00000004   Code   RO         2547    i.MemManage_Handler  gd32f4xx_it.o
    0x08000a5c   0x08000a5c   0x00000002   Code   RO         2548    i.NMI_Handler       gd32f4xx_it.o
    0x08000a5e   0x08000a5e   0x00000002   Code   RO         2549    i.PendSV_Handler    gd32f4xx_it.o
    0x08000a60   0x08000a60   0x0000000e   Code   RO            6    i.Proc1SecTask      main.o
    0x08000a6e   0x08000a6e   0x00000002   PAD
    0x08000a70   0x08000a70   0x0000006c   Code   RO            7    i.Proc2msTask       main.o
    0x08000adc   0x08000adc   0x00000038   Code   RO          282    i.ProcKeyDownKey1   prockeyone.o
    0x08000b14   0x08000b14   0x00000038   Code   RO          283    i.ProcKeyDownKey2   prockeyone.o
    0x08000b4c   0x08000b4c   0x00000034   Code   RO          284    i.ProcKeyDownKey3   prockeyone.o
    0x08000b80   0x08000b80   0x00000002   Code   RO          285    i.ProcKeyUpKey1     prockeyone.o
    0x08000b82   0x08000b82   0x00000002   Code   RO          286    i.ProcKeyUpKey2     prockeyone.o
    0x08000b84   0x08000b84   0x00000002   Code   RO          287    i.ProcKeyUpKey3     prockeyone.o
    0x08000b86   0x08000b86   0x0000000e   Code   RO          467    i.QueueEmpty        queue.o
    0x08000b94   0x08000b94   0x0000001c   Code   RO          515    i.ReadSendBuf       uart0.o
    0x08000bb0   0x08000bb0   0x00000002   Code   RO         2550    i.SVC_Handler       gd32f4xx_it.o
    0x08000bb2   0x08000bb2   0x00000002   PAD
    0x08000bb4   0x08000bb4   0x000000b8   Code   RO          249    i.ScanKeyOne        keyone.o
    0x08000c6c   0x08000c6c   0x00000038   Code   RO          630    i.SendI2CAck        i2c.o
    0x08000ca4   0x08000ca4   0x00000038   Code   RO          631    i.SendI2CNAck       i2c.o
    0x08000cdc   0x08000cdc   0x00000014   Code   RO          632    i.SetI2CSDAAsInput  i2c.o
    0x08000cf0   0x08000cf0   0x00000020   Code   RO          633    i.SetI2CSDAAsOutput  i2c.o
    0x08000d10   0x08000d10   0x00000008   Code   RO         2494    i.SysTick_Handler   systick.o
    0x08000d18   0x08000d18   0x000000c8   Code   RO         2627    i.SystemInit        system_gd32f4xx.o
    0x08000de0   0x08000de0   0x0000003c   Code   RO          401    i.TIMER1_IRQHandler  timer.o
    0x08000e1c   0x08000e1c   0x00000048   Code   RO          402    i.TIMER4_IRQHandler  timer.o
    0x08000e64   0x08000e64   0x00000018   Code   RO         2495    i.TimDelayDec       systick.o
    0x08000e7c   0x08000e7c   0x000000b4   Code   RO          517    i.USART0_IRQHandler  uart0.o
    0x08000f30   0x08000f30   0x00000004   Code   RO         2551    i.UsageFault_Handler  gd32f4xx_it.o
    0x08000f34   0x08000f34   0x00000018   Code   RO          518    i.WriteReceiveBuf   uart0.o
    0x08000f4c   0x08000f4c   0x00000020   Code   RO         2739    i.__0printf$2       mc_w.l(printf2.o)
    0x08000f6c   0x08000f6c   0x0000000e   Code   RO         2975    i.__scatterload_copy  mc_w.l(handlers.o)
    0x08000f7a   0x08000f7a   0x00000002   Code   RO         2976    i.__scatterload_null  mc_w.l(handlers.o)
    0x08000f7c   0x08000f7c   0x0000000e   Code   RO         2977    i.__scatterload_zeroinit  mc_w.l(handlers.o)
    0x08000f8a   0x08000f8a   0x000000d6   Code   RO         2746    i._printf_core      mc_w.l(printf2.o)
    0x08001060   0x08001060   0x00000018   Code   RO          722    i.fmc_wscnt_set     gd32f4xx_fmc.o
    0x08001078   0x08001078   0x00000024   Code   RO          520    i.fputc             uart0.o
    0x0800109c   0x0800109c   0x0000005e   Code   RO          950    i.gpio_af_set       gd32f4xx_gpio.o
    0x080010fa   0x080010fa   0x00000004   Code   RO          951    i.gpio_bit_reset    gd32f4xx_gpio.o
    0x080010fe   0x080010fe   0x00000004   Code   RO          952    i.gpio_bit_set      gd32f4xx_gpio.o
    0x08001102   0x08001102   0x0000000a   Code   RO          954    i.gpio_bit_write    gd32f4xx_gpio.o
    0x0800110c   0x0800110c   0x00000010   Code   RO          956    i.gpio_input_bit_get  gd32f4xx_gpio.o
    0x0800111c   0x0800111c   0x0000004e   Code   RO          958    i.gpio_mode_set     gd32f4xx_gpio.o
    0x0800116a   0x0800116a   0x00000010   Code   RO          959    i.gpio_output_bit_get  gd32f4xx_gpio.o
    0x0800117a   0x0800117a   0x00000042   Code   RO          960    i.gpio_output_options_set  gd32f4xx_gpio.o
    0x080011bc   0x080011bc   0x00000068   Code   RO            8    i.main              main.o
    0x08001224   0x08001224   0x000000c4   Code   RO         1059    i.nvic_irq_enable   gd32f4xx_misc.o
    0x080012e8   0x080012e8   0x00000014   Code   RO         1060    i.nvic_priority_group_set  gd32f4xx_misc.o
    0x080012fc   0x080012fc   0x00000018   Code   RO         1118    i.rcu_ahb_clock_config  gd32f4xx_rcu.o
    0x08001314   0x08001314   0x00000018   Code   RO         1120    i.rcu_apb1_clock_config  gd32f4xx_rcu.o
    0x0800132c   0x0800132c   0x00000018   Code   RO         1121    i.rcu_apb2_clock_config  gd32f4xx_rcu.o
    0x08001344   0x08001344   0x00000124   Code   RO         1127    i.rcu_clock_freq_get  gd32f4xx_rcu.o
    0x08001468   0x08001468   0x0000008c   Code   RO         1129    i.rcu_deinit        gd32f4xx_rcu.o
    0x080014f4   0x080014f4   0x00000024   Code   RO         1130    i.rcu_flag_get      gd32f4xx_rcu.o
    0x08001518   0x08001518   0x00000024   Code   RO         1143    i.rcu_osci_on       gd32f4xx_rcu.o
    0x0800153c   0x0800153c   0x0000015c   Code   RO         1144    i.rcu_osci_stab_wait  gd32f4xx_rcu.o
    0x08001698   0x08001698   0x00000024   Code   RO         1146    i.rcu_periph_clock_enable  gd32f4xx_rcu.o
    0x080016bc   0x080016bc   0x00000024   Code   RO         1149    i.rcu_periph_reset_disable  gd32f4xx_rcu.o
    0x080016e0   0x080016e0   0x00000024   Code   RO         1150    i.rcu_periph_reset_enable  gd32f4xx_rcu.o
    0x08001704   0x08001704   0x00000084   Code   RO         1152    i.rcu_pll_config    gd32f4xx_rcu.o
    0x08001788   0x08001788   0x00000018   Code   RO         1160    i.rcu_system_clock_source_config  gd32f4xx_rcu.o
    0x080017a0   0x080017a0   0x00000010   Code   RO         1161    i.rcu_system_clock_source_get  gd32f4xx_rcu.o
    0x080017b0   0x080017b0   0x00000024   Code   RO         1162    i.rcu_timer_clock_prescaler_config  gd32f4xx_rcu.o
    0x080017d4   0x080017d4   0x000000fc   Code   RO         2628    i.system_clock_240m_25m_hxtal  system_gd32f4xx.o
    0x080018d0   0x080018d0   0x00000008   Code   RO         2629    i.system_clock_config  system_gd32f4xx.o
    0x080018d8   0x080018d8   0x00000184   Code   RO         1450    i.timer_deinit      gd32f4xx_timer.o
    0x08001a5c   0x08001a5c   0x0000000a   Code   RO         1455    i.timer_enable      gd32f4xx_timer.o
    0x08001a66   0x08001a66   0x00000002   PAD
    0x08001a68   0x08001a68   0x00000098   Code   RO         1465    i.timer_init        gd32f4xx_timer.o
    0x08001b00   0x08001b00   0x00000008   Code   RO         1472    i.timer_interrupt_enable  gd32f4xx_timer.o
    0x08001b08   0x08001b08   0x00000006   Code   RO         1473    i.timer_interrupt_flag_clear  gd32f4xx_timer.o
    0x08001b0e   0x08001b0e   0x00000018   Code   RO         1474    i.timer_interrupt_flag_get  gd32f4xx_timer.o
    0x08001b26   0x08001b26   0x00000016   Code   RO         1485    i.timer_struct_para_init  gd32f4xx_timer.o
    0x08001b3c   0x08001b3c   0x000000e8   Code   RO         1869    i.usart_baudrate_set  gd32f4xx_usart.o
    0x08001c24   0x08001c24   0x0000000a   Code   RO         1873    i.usart_data_receive  gd32f4xx_usart.o
    0x08001c2e   0x08001c2e   0x00000008   Code   RO         1874    i.usart_data_transmit  gd32f4xx_usart.o
    0x08001c36   0x08001c36   0x00000002   PAD
    0x08001c38   0x08001c38   0x000000dc   Code   RO         1875    i.usart_deinit      gd32f4xx_usart.o
    0x08001d14   0x08001d14   0x0000000a   Code   RO         1879    i.usart_enable      gd32f4xx_usart.o
    0x08001d1e   0x08001d1e   0x0000001e   Code   RO         1881    i.usart_flag_get    gd32f4xx_usart.o
    0x08001d3c   0x08001d3c   0x0000001a   Code   RO         1888    i.usart_interrupt_disable  gd32f4xx_usart.o
    0x08001d56   0x08001d56   0x0000001a   Code   RO         1889    i.usart_interrupt_enable  gd32f4xx_usart.o
    0x08001d70   0x08001d70   0x0000001a   Code   RO         1890    i.usart_interrupt_flag_clear  gd32f4xx_usart.o
    0x08001d8a   0x08001d8a   0x00000038   Code   RO         1891    i.usart_interrupt_flag_get  gd32f4xx_usart.o
    0x08001dc2   0x08001dc2   0x00000010   Code   RO         1904    i.usart_parity_config  gd32f4xx_usart.o
    0x08001dd2   0x08001dd2   0x00000010   Code   RO         1906    i.usart_receive_config  gd32f4xx_usart.o
    0x08001de2   0x08001de2   0x00000010   Code   RO         1917    i.usart_stop_bit_set  gd32f4xx_usart.o
    0x08001df2   0x08001df2   0x00000010   Code   RO         1921    i.usart_transmit_config  gd32f4xx_usart.o
    0x08001e02   0x08001e02   0x00000010   Code   RO         1922    i.usart_word_length_set  gd32f4xx_usart.o
    0x08001e12   0x08001e12   0x00000002   PAD
    0x08001e14   0x08001e14   0x00000020   Data   RO         2973    Region$$Table       anon$$obj.o


    Execution Region RW_IRAM1 (Exec base: 0x20000000, Load base: 0x08001e34, Size: 0x00000868, Max: 0x00070000, ABSOLUTE)

    Exec Addr    Load Addr    Size         Type   Attr      Idx    E Section Name        Object

    0x20000000   0x08001e34   0x00000002   Data   RW            9    .data               main.o
    0x20000002   0x08001e36   0x00000002   Data   RW          214    .data               led.o
    0x20000004   0x08001e38   0x00000009   Data   RW          250    .data               keyone.o
    0x2000000d   0x08001e41   0x00000018   Data   RW          289    .data               prockeyone.o
    0x20000025   0x08001e59   0x00000001   PAD
    0x20000026   0x08001e5a   0x00000006   Data   RW          403    .data               timer.o
    0x2000002c   0x08001e60   0x00000001   Data   RW          522    .data               uart0.o
    0x2000002d   0x08001e61   0x00000003   PAD
    0x20000030   0x08001e64   0x00000004   Data   RW         2496    .data               systick.o
    0x20000034   0x08001e68   0x00000004   Data   RW         2630    .data               system_gd32f4xx.o
    0x20000038   0x08001e6c   0x00000004   Data   RW         2947    .data               mc_w.l(stdout.o)
    0x2000003c        -       0x0000000d   Zero   RW          288    .bss                prockeyone.o
    0x20000049   0x08001e70   0x00000003   PAD
    0x2000004c        -       0x00000418   Zero   RW          521    .bss                uart0.o
    0x20000464   0x08001e70   0x00000004   PAD
    0x20000468        -       0x00000400   Zero   RW         2616    STACK               startup_gd32f450_470.o


==============================================================================

Image component sizes


      Code (inc. data)   RO Data    RW Data    ZI Data      Debug   Object Name

       292          0          0          0          0       4654   at24cxx.o
        24          6          0          0          0        620   gd32f4xx_fmc.o
       288          0          0          0          0       5968   gd32f4xx_gpio.o
        24          0          0          0          0       4484   gd32f4xx_it.o
       216         20          0          0          0       1556   gd32f4xx_misc.o
      1240        110          0          0          0      11457   gd32f4xx_rcu.o
       610         44          0          0          0       5297   gd32f4xx_timer.o
       724         18          0          0          0      10652   gd32f4xx_usart.o
       620         44          0          0          0       6623   i2c.o
       284         42          0          9          0       2870   keyone.o
       200         22          0          2          0       1767   led.o
       278         90          0          2          0      69571   main.o
        20          0          0          0          0       1083   nvic.o
       172         98          0         24         13       6011   prockeyone.o
       190          0          0          0          0       3761   queue.o
       118          0          0          0          0       1190   rcu.o
        36          8        428          0       1024        904   startup_gd32f450_470.o
       460         28          0          4          0       2995   system_gd32f4xx.o
       198         24          0          4          0      33581   systick.o
       366         46          0          6          0       5794   timer.o
       564         72          0          1       1048      35643   uart0.o

    ----------------------------------------------------------------------
      6940        672        460         56       2092     216481   Object Totals
         0          0         32          0          0          0   (incl. Generated)
        16          0          0          4          7          0   (incl. Padding)

    ----------------------------------------------------------------------

      Code (inc. data)   RO Data    RW Data    ZI Data      Debug   Library Member Name

         0          0          0          0          0          0   entry.o
         0          0          0          0          0          0   entry10a.o
         0          0          0          0          0          0   entry11a.o
         8          4          0          0          0          0   entry2.o
         4          0          0          0          0          0   entry5.o
         0          0          0          0          0          0   entry7b.o
         0          0          0          0          0          0   entry8b.o
         8          4          0          0          0          0   entry9a.o
        30          0          0          0          0          0   handlers.o
        36          8          0          0          0         68   init.o
       246         10          0          0          0        176   printf2.o
         0          0          0          4          0          0   stdout.o

    ----------------------------------------------------------------------
       332         26          0          4          0        244   Library Totals
         0          0          0          0          0          0   (incl. Padding)

    ----------------------------------------------------------------------

      Code (inc. data)   RO Data    RW Data    ZI Data      Debug   Library Name

       332         26          0          4          0        244   mc_w.l

    ----------------------------------------------------------------------
       332         26          0          4          0        244   Library Totals

    ----------------------------------------------------------------------

==============================================================================


      Code (inc. data)   RO Data    RW Data    ZI Data      Debug   

      7272        698        460         60       2092     205277   Grand Totals
      7272        698        460         60       2092     205277   ELF Image Totals
      7272        698        460         60          0          0   ROM Totals

==============================================================================

    Total RO  Size (Code + RO Data)                 7732 (   7.55kB)
    Total RW  Size (RW Data + ZI Data)              2152 (   2.10kB)
    Total ROM Size (Code + RO Data + RW Data)       7792 (   7.61kB)

==============================================================================

