<html>
<body>
<pre>
<h1>礦ision Build Log</h1>
<h2>Tool Versions:</h2>
IDE-Version: μVision V5.30.0.0
Copyright (C) 2020 ARM Ltd and ARM Germany GmbH. All rights reserved.
License Information: bb Guo, leyutek, LIC=D0D7S-L7NFP-LQV0Q-NY58N-YKSDU-HIB4K
 
Tool Versions:
Toolchain:       MDK-ARM Plus  Version: 5.30.0.0
Toolchain Path:  D:\Software\Keil_v5\ARM\ARMCC\Bin
C Compiler:      Armcc.exe V5.06 update 6 (build 750)
Assembler:       Armasm.exe V5.06 update 6 (build 750)
Linker/Locator:  ArmLink.exe V5.06 update 6 (build 750)
Library Manager: ArmAr.exe V5.06 update 6 (build 750)
Hex Converter:   FromElf.exe V5.06 update 6 (build 750)
CPU DLL:         SARMCM3.DLL V5.30.0.0
Dialog DLL:      DCM.DLL V1.17.3.0
Target DLL:      CMSIS_AGDI.dll V1.32.5.0
Dialog DLL:      TCM.DLL V1.42.0.0
 
<h2>Project:</h2>
E:\开发板系列\F470\进阶版\《GD32F4开发进阶教程》-资料包\04.例程资料\11.以太网通信实验\Project\GD32KeilPrj.uvprojx
Project File Date:  05/26/2022

<h2>Output:</h2>
*** Using Compiler 'V5.06 update 6 (build 750)', folder: 'D:\Software\Keil_v5\ARM\ARMCC\Bin'
Rebuild target 'Target 1'
compiling IICCommon.c...
compiling tjpgd.c...
compiling Main.c...
compiling GT1151Q.c...
compiling JPEG.c...
compiling ButtonWidget.c...
compiling Touch.c...
compiling LED.c...
compiling BMP.c...
compiling TLILCD.c...
compiling TextWidget.c...
compiling LineEditWidget.c...
compiling SliderWidget.c...
compiling GUIButton.c...
compiling GUIPlatform.c...
compiling GUILineEdit.c...
..\App\EmbGUI\Module\GUILineEdit.c(82): warning:  #177-D: function "CharToU32"  was declared but never referenced
  static u32 CharToU32(char c)
..\App\EmbGUI\Module\GUILineEdit.c: 1 warning, 0 errors
compiling GUITop.c...
compiling GUITerminal.c...
compiling Queue.c...
compiling RCU.c...
compiling Malloc.c...
compiling LAN8720.c...
compiling Timer.c...
compiling EnternetTop.c...
compiling UART0.c...
compiling SDRAM.c...
compiling gd32f4xx_crc.c...
compiling gd32f4xx_adc.c...
compiling gd32f4xx_can.c...
compiling gd32f4xx_ctc.c...
compiling gd32f4xx_dac.c...
compiling gd32f4xx_dci.c...
compiling gd32f4xx_dbg.c...
compiling gd32f4xx_dma.c...
compiling gd32f4xx_exmc.c...
compiling gd32f4xx_enet.c...
compiling gd32f4xx_exti.c...
compiling gd32f4xx_fmc.c...
compiling gd32f4xx_fwdgt.c...
compiling gd32f4xx_gpio.c...
compiling gd32f4xx_i2c.c...
compiling gd32f4xx_ipa.c...
compiling gd32f4xx_iref.c...
compiling gd32f4xx_pmu.c...
compiling gd32f4xx_misc.c...
compiling gd32f4xx_rcu.c...
compiling gd32f4xx_sdio.c...
compiling gd32f4xx_spi.c...
compiling gd32f4xx_rtc.c...
compiling gd32f4xx_syscfg.c...
compiling gd32f4xx_timer.c...
compiling gd32f4xx_trng.c...
compiling gd32f4xx_tli.c...
compiling gd32f4xx_usart.c...
assembling startup_gd32f450_470.s...
compiling NVIC.c...
compiling gd32f4xx_wwdgt.c...
compiling gd32f4xx_it.c...
compiling SysTick.c...
compiling inet_chksum.c...
compiling autoip.c...
compiling icmp.c...
compiling igmp.c...
compiling inet.c...
compiling system_gd32f4xx.c...
compiling ip_addr.c...
compiling LWIPComm.c...
compiling ip.c...
compiling def.c...
compiling ip_frag.c...
compiling TCPServerBase.c...
compiling dns.c...
compiling lwip_sys.c...
compiling init.c...
compiling mem.c...
compiling dhcp.c...
compiling memp.c...
compiling netif.c...
compiling pbuf.c...
compiling stats.c...
compiling raw.c...
compiling timers.c...
compiling tcp.c...
compiling tcp_in.c...
compiling tcp_out.c...
..\TPSW\LWIP\lwip-1.4.1\src\core\tcp_out.c(845): warning:  #550-D: variable "tcphdr"  was set but never used
    struct tcp_hdr *tcphdr;
..\TPSW\LWIP\lwip-1.4.1\src\core\tcp_out.c(1367): warning:  #550-D: variable "tcphdr"  was set but never used
    struct tcp_hdr *tcphdr;
..\TPSW\LWIP\lwip-1.4.1\src\core\tcp_out.c: 2 warnings, 0 errors
compiling sys_arch.c...
compiling udp.c...
compiling api_lib.c...
compiling api_msg.c...
compiling err.c...
compiling netdb.c...
compiling netbuf.c...
compiling sockets.c...
compiling netifapi.c...
compiling tcpip.c...
compiling etharp.c...
compiling ethernetif.c...
linking...
Program Size: Code=78570 RO-data=191154 RW-data=480 ZI-data=30207648  
FromELF: creating hex file...
".\Objects\GD32KeilPrj.axf" - 0 Error(s), 3 Warning(s).

<h2>Software Packages used:</h2>

Package Vendor: ARM
                http://www.keil.com/pack/ARM.CMSIS.5.7.0.pack
                ARM.CMSIS.5.7.0
                CMSIS (Cortex Microcontroller Software Interface Standard)
   * Component: CORE Version: 5.4.0

Package Vendor: GigaDevice
                http://gd32mcu.com/data/documents/pack/GigaDevice.GD32F4xx_DFP.3.0.0.pack
                GigaDevice.GD32F4xx_DFP.3.0.0
                GigaDevice GD32F4xx Series Device Support and Examples

<h2>Collection of Component include folders:</h2>
  .\RTE\_Target_1
  D:\Software\Keil_v5\ARM\Packs\ARM\CMSIS\5.7.0\CMSIS\Core\Include
  D:\Software\Keil_v5\ARM\Packs\GigaDevice\GD32F4xx_DFP\3.0.0\Device\F4XX\Include

<h2>Collection of Component Files used:</h2>

   * Component: ARM::CMSIS:CORE:5.4.0
Build Time Elapsed:  00:00:18
</pre>
</body>
</html>
